D:\alex_work_space\NXP_samplecode_space\mimxrt685tymfc3_i2s_dma_tdm_record_playback\drivers/fsl_clock.h:885:20:CLOCK_EnableClock	24	static
../board/board.c:371:6:BOARD_SetFlexspiClock	16	static
../board/board.c:293:6:BOARD_DeinitXip	16	static
../board/board.c:309:6:BOARD_InitXip	32	static
../board/board.c:408:6:BOARD_SetDeepSleepPinConfig	4	static
../board/board.c:437:6:BOARD_RestoreDeepSleepPinConfig	4	static
../board/board.c:452:6:BOARD_EnterDeepSleep	16	static
../board/board.c:459:6:BOARD_EnterDeepPowerDown	16	static
D:\alex_work_space\NXP_samplecode_space\mimxrt685tymfc3_i2s_dma_tdm_record_playback\drivers/fsl_flexspi.h:431:20:FLEXSPI_SoftwareReset	16	static
D:\alex_work_space\NXP_samplecode_space\mimxrt685tymfc3_i2s_dma_tdm_record_playback\drivers/fsl_power.h:316:20:POWER_DisablePD	16	static
../board/board.c:49:6:BOARD_InitDebugConsole	16	static
../board/board.c:62:17:flexspi_hyper_ram_write_mcr	48	static
../board/board.c:81:17:flexspi_hyper_ram_get_mcr	48	static
../board/board.c:100:17:flexspi_hyper_ram_reset	40	static
../board/board.c:126:10:BOARD_InitPsRam	416	static
../board/board.c:400:6:BOARD_FlexspiClockSafeConfig	8	static
../board/board.c:468:6:BOARD_I2C_Init	32	static
../board/board.c:476:10:BOARD_I2C_Send	48	static
../board/board.c:497:10:BOARD_I2C_Receive	48	static
../board/board.c:540:6:BOARD_PMIC_I2C_Init	8	static
../board/board.c:545:10:BOARD_PMIC_I2C_Send	32	static
../board/board.c:552:10:BOARD_PMIC_I2C_Receive	32	static
../board/board.c:558:6:BOARD_Accel_I2C_Init	8	static
../board/board.c:563:10:BOARD_Accel_I2C_Send	40	static
../board/board.c:570:10:BOARD_Accel_I2C_Receive	32	static
