D:\alex_work_space\NXP_samplecode_space\mimxrt685tym_i2s_interrupt_record_playback_working\drivers/fsl_clock.h:1111:20:CLOCK_SetXtalFreq	16	static
D:\alex_work_space\NXP_samplecode_space\mimxrt685tym_i2s_interrupt_record_playback_working\drivers/fsl_power.h:316:20:POWER_DisablePD	16	static
../board/clock_config.c:48:29:BOARD_FlexspiClockSafeConfig	4	static
../board/clock_config.c:61:29:BOARD_SetFlexspiClock	16	static
../board/clock_config.c:74:6:BOARD_InitBootClocks	8	static
../board/clock_config.c:150:6:BOARD_BootClockRUN	8	static
