Archive member included to satisfy reference by file (symbol)

c:/nxp/mcuxpressoide_11.7.0_9198/ide/plugins/com.nxp.mcuxpresso.tools.win32_11.7.0.202209140929/tools/bin/../lib/gcc/arm-none-eabi/10.3.1/../../../../arm-none-eabi/lib/thumb/v8-m.main+fp/hard\libcr_nohost_nf.a(_cr__main.o)
                              ./MIMXRT685S/mcuxpresso/startup_mimxrt685s.o (__main)
c:/nxp/mcuxpressoide_11.7.0_9198/ide/plugins/com.nxp.mcuxpresso.tools.win32_11.7.0.202209140929/tools/bin/../lib/gcc/arm-none-eabi/10.3.1/../../../../arm-none-eabi/lib/thumb/v8-m.main+fp/hard\libcr_c.a(memcpy.o)
                              ./utilities/fsl_debug_console.o (memcpy)
c:/nxp/mcuxpressoide_11.7.0_9198/ide/plugins/com.nxp.mcuxpresso.tools.win32_11.7.0.202209140929/tools/bin/../lib/gcc/arm-none-eabi/10.3.1/../../../../arm-none-eabi/lib/thumb/v8-m.main+fp/hard\libcr_c.a(memset.o)
                              ./drivers/fsl_cache.o (memset)
c:/nxp/mcuxpressoide_11.7.0_9198/ide/plugins/com.nxp.mcuxpresso.tools.win32_11.7.0.202209140929/tools/bin/../lib/gcc/arm-none-eabi/10.3.1/../../../../arm-none-eabi/lib/thumb/v8-m.main+fp/hard\libcr_c.a(alloc.o)
                              ./drivers/fsl_common.o (malloc)
c:/nxp/mcuxpressoide_11.7.0_9198/ide/plugins/com.nxp.mcuxpresso.tools.win32_11.7.0.202209140929/tools/bin/../lib/gcc/arm-none-eabi/10.3.1/../../../../arm-none-eabi/lib/thumb/v8-m.main+fp/hard\libcr_c.a(errno.o)
                              ./utilities/fsl_str.o (errno)
c:/nxp/mcuxpressoide_11.7.0_9198/ide/plugins/com.nxp.mcuxpresso.tools.win32_11.7.0.202209140929/tools/bin/../lib/gcc/arm-none-eabi/10.3.1/../../../../arm-none-eabi/lib/thumb/v8-m.main+fp/hard\libcr_c.a(initio.o)
                              c:/nxp/mcuxpressoide_11.7.0_9198/ide/plugins/com.nxp.mcuxpresso.tools.win32_11.7.0.202209140929/tools/bin/../lib/gcc/arm-none-eabi/10.3.1/../../../../arm-none-eabi/lib/thumb/v8-m.main+fp/hard\libcr_nohost_nf.a(_cr__main.o) (_initio)
c:/nxp/mcuxpressoide_11.7.0_9198/ide/plugins/com.nxp.mcuxpresso.tools.win32_11.7.0.202209140929/tools/bin/../lib/gcc/arm-none-eabi/10.3.1/../../../../arm-none-eabi/lib/thumb/v8-m.main+fp/hard\libcr_c.a(scanf.o)
                              ./utilities/fsl_str.o (strtoul)
c:/nxp/mcuxpressoide_11.7.0_9198/ide/plugins/com.nxp.mcuxpresso.tools.win32_11.7.0.202209140929/tools/bin/../lib/gcc/arm-none-eabi/10.3.1/../../../../arm-none-eabi/lib/thumb/v8-m.main+fp/hard\libcr_c.a(setvbuf.o)
                              c:/nxp/mcuxpressoide_11.7.0_9198/ide/plugins/com.nxp.mcuxpresso.tools.win32_11.7.0.202209140929/tools/bin/../lib/gcc/arm-none-eabi/10.3.1/../../../../arm-none-eabi/lib/thumb/v8-m.main+fp/hard\libcr_c.a(initio.o) (setvbuf)
c:/nxp/mcuxpressoide_11.7.0_9198/ide/plugins/com.nxp.mcuxpresso.tools.win32_11.7.0.202209140929/tools/bin/../lib/gcc/arm-none-eabi/10.3.1/../../../../arm-none-eabi/lib/thumb/v8-m.main+fp/hard\libcr_c.a(strlen.o)
                              ./utilities/fsl_debug_console.o (strlen)
c:/nxp/mcuxpressoide_11.7.0_9198/ide/plugins/com.nxp.mcuxpresso.tools.win32_11.7.0.202209140929/tools/bin/../lib/gcc/arm-none-eabi/10.3.1/../../../../arm-none-eabi/lib/thumb/v8-m.main+fp/hard\libcr_c.a(ungetc.o)
                              c:/nxp/mcuxpressoide_11.7.0_9198/ide/plugins/com.nxp.mcuxpresso.tools.win32_11.7.0.202209140929/tools/bin/../lib/gcc/arm-none-eabi/10.3.1/../../../../arm-none-eabi/lib/thumb/v8-m.main+fp/hard\libcr_c.a(scanf.o) (ungetc)
c:/nxp/mcuxpressoide_11.7.0_9198/ide/plugins/com.nxp.mcuxpresso.tools.win32_11.7.0.202209140929/tools/bin/../lib/gcc/arm-none-eabi/10.3.1/../../../../arm-none-eabi/lib/thumb/v8-m.main+fp/hard\libcr_c.a(__fillbuf.o)
                              c:/nxp/mcuxpressoide_11.7.0_9198/ide/plugins/com.nxp.mcuxpresso.tools.win32_11.7.0.202209140929/tools/bin/../lib/gcc/arm-none-eabi/10.3.1/../../../../arm-none-eabi/lib/thumb/v8-m.main+fp/hard\libcr_c.a(scanf.o) (__filbuf)
c:/nxp/mcuxpressoide_11.7.0_9198/ide/plugins/com.nxp.mcuxpresso.tools.win32_11.7.0.202209140929/tools/bin/../lib/gcc/arm-none-eabi/10.3.1/../../../../arm-none-eabi/lib/thumb/v8-m.main+fp/hard\libcr_c.a(__init_alloc.o)
                              c:/nxp/mcuxpressoide_11.7.0_9198/ide/plugins/com.nxp.mcuxpresso.tools.win32_11.7.0.202209140929/tools/bin/../lib/gcc/arm-none-eabi/10.3.1/../../../../arm-none-eabi/lib/thumb/v8-m.main+fp/hard\libcr_c.a(alloc.o) (__heaps)
c:/nxp/mcuxpressoide_11.7.0_9198/ide/plugins/com.nxp.mcuxpresso.tools.win32_11.7.0.202209140929/tools/bin/../lib/gcc/arm-none-eabi/10.3.1/../../../../arm-none-eabi/lib/thumb/v8-m.main+fp/hard\libcr_c.a(_cr_sbrk.o)
                              c:/nxp/mcuxpressoide_11.7.0_9198/ide/plugins/com.nxp.mcuxpresso.tools.win32_11.7.0.202209140929/tools/bin/../lib/gcc/arm-none-eabi/10.3.1/../../../../arm-none-eabi/lib/thumb/v8-m.main+fp/hard\libcr_c.a(alloc.o) (_sbrk)
[...]
Memory Configuration

Name             Origin             Length             Attributes
QSPI_FLASH       0x08000000         0x00800000         xr
SRAM             0x00080000         0x00180000         xrw
USB_RAM          0x40140000         0x00004000         xrw
*default*        0x00000000         0xffffffff

Linker script and memory map

LOAD ./utilities/fsl_assert.o
LOAD ./utilities/fsl_debug_console.o
LOAD ./utilities/fsl_str.o
LOAD ./source/i2s_dma_tdm_record_playback.o
LOAD ./source/semihost_hardfault.o
LOAD ./flash_config/flash_config.o
LOAD ./drivers/fsl_cache.o
LOAD ./drivers/fsl_clock.o
LOAD ./drivers/fsl_common.o
LOAD ./drivers/fsl_common_arm.o
LOAD ./drivers/fsl_dma.o
LOAD ./drivers/fsl_flexcomm.o
LOAD ./drivers/fsl_flexspi.o
LOAD ./drivers/fsl_gpio.o
LOAD ./drivers/fsl_i2c.o
LOAD ./drivers/fsl_i2s.o
LOAD ./drivers/fsl_i2s_dma.o
LOAD ./drivers/fsl_inputmux.o
LOAD ./drivers/fsl_power.o
LOAD ./drivers/fsl_reset.o
LOAD ./drivers/fsl_usart.o
LOAD ./component/uart/fsl_adapter_usart.o
LOAD ./component/lists/fsl_component_generic_list.o
LOAD ./component/i2c/fsl_adapter_flexcomm_i2c.o
LOAD ./codec/port/fsl_codec_ak4458_adapter.o
LOAD ./codec/fsl_ak4458.o
LOAD ./codec/fsl_codec_common.o
LOAD ./codec/fsl_codec_i2c.o
LOAD ./board/board.o
LOAD ./board/clock_config.o
LOAD ./board/pin_mux.o
LOAD ./MIMXRT685S/mcuxpresso/startup_mimxrt685s.o
LOAD ./MIMXRT685S/system_MIMXRT685S_cm33.o
START GROUP
LOAD c:/nxp/mcuxpressoide_11.7.0_9198/ide/plugins/com.nxp.mcuxpresso.tools.win32_11.7.0.202209140929/tools/bin/../lib/gcc/arm-none-eabi/10.3.1/../../../../arm-none-eabi/lib/thumb/v8-m.main+fp/hard\libcr_nohost_nf.a
LOAD c:/nxp/mcuxpressoide_11.7.0_9198/ide/plugins/com.nxp.mcuxpresso.tools.win32_11.7.0.202209140929/tools/bin/../lib/gcc/arm-none-eabi/10.3.1/../../../../arm-none-eabi/lib/thumb/v8-m.main+fp/hard\libcr_c.a
LOAD c:/nxp/mcuxpressoide_11.7.0_9198/ide/plugins/com.nxp.mcuxpresso.tools.win32_11.7.0.202209140929/tools/bin/../lib/gcc/arm-none-eabi/10.3.1/thumb/v8-m.main+fp/hard\libcr_eabihelpers.a
LOAD c:/nxp/mcuxpressoide_11.7.0_9198/ide/plugins/com.nxp.mcuxpresso.tools.win32_11.7.0.202209140929/tools/bin/../lib/gcc/arm-none-eabi/10.3.1/thumb/v8-m.main+fp/hard\libgcc.a
END GROUP
                0x08000000                __base_QSPI_FLASH = 0x8000000
                0x08000000                __base_Flash = 0x8000000
                0x08800000                __top_QSPI_FLASH = 0x8800000
                0x08800000                __top_Flash = 0x8800000
                0x00080000                __base_SRAM = 0x80000
                0x00080000                __base_RAM = 0x80000
                0x00200000                __top_SRAM = 0x200000
                0x00200000                __top_RAM = 0x200000
                0x40140000                __base_USB_RAM = 0x40140000
                0x40140000                __base_RAM2 = 0x40140000
                0x40144000                __top_USB_RAM = 0x40144000
                0x40144000                __top_RAM2 = 0x40144000

.text           0x00080000     0x802c
 FILL mask 0xff
                0x00080000                __vectors_start__ = ABSOLUTE (.)
 *(SORT_BY_ALIGNMENT(.isr_vector))
 .isr_vector    0x00080000      0x130 ./MIMXRT685S/mcuxpresso/startup_mimxrt685s.o
                0x00080000                g_pfnVectors
                0x00080000                __Vectors
                0x00080130                . = ALIGN (0x4)
                0x00080130                __section_table_start = .
                0x00080130                __data_section_table = .
                0x00080130        0x4 LONG 0x8802c LOADADDR (.data)
                0x00080134        0x4 LONG 0x8802c ADDR (.data)
                0x00080138        0x4 LONG 0x1198 SIZEOF (.data)
                0x0008013c        0x4 LONG 0x8802c LOADADDR (.data_RAM2)
                0x00080140        0x4 LONG 0x40140000 ADDR (.data_RAM2)
                0x00080144        0x4 LONG 0x0 SIZEOF (.data_RAM2)
                0x00080148                __data_section_table_end = .
                0x00080148                __bss_section_table = .
                0x00080148        0x4 LONG 0x89400 ADDR (.bss)
                0x0008014c        0x4 LONG 0x1054 SIZEOF (.bss)
                0x00080150        0x4 LONG 0x40140000 ADDR (.bss_RAM2)
                0x00080154        0x4 LONG 0x0 SIZEOF (.bss_RAM2)
                0x00080158                __bss_section_table_end = .
                0x00080158                __section_table_end = .
 *(SORT_BY_ALIGNMENT(.after_vectors*))
 .after_vectors.reset
                0x00080158       0x68 ./MIMXRT685S/mcuxpresso/startup_mimxrt685s.o
                0x00080158                ResetISR
 .after_vectors.init_data
                0x000801c0       0x1e ./MIMXRT685S/mcuxpresso/startup_mimxrt685s.o
                0x000801c0                data_init
 .after_vectors.init_bss
                0x000801de       0x12 ./MIMXRT685S/mcuxpresso/startup_mimxrt685s.o
                0x000801de                bss_init
 .after_vectors
                0x000801f0       0x16 ./MIMXRT685S/mcuxpresso/startup_mimxrt685s.o
                0x000801f0                NMI_Handler
                0x000801f4                MemManage_Handler
                0x000801f6                BusFault_Handler
                0x000801f8                UsageFault_Handler
                0x000801fa                SecureFault_Handler
                0x000801fc                SVC_Handler
                0x000801fe                DebugMon_Handler
                0x00080200                PendSV_Handler
                0x00080202                SysTick_Handler
                0x00080204                CASPER_DriverIRQHandler
                0x00080204                PIN_INT3_DriverIRQHandler
                0x00080204                DSPWAKE_DriverIRQHandler
                0x00080204                GPIO_INTB_DriverIRQHandler
                0x00080204                PIN_INT0_DriverIRQHandler
                0x00080204                CTIMER2_DriverIRQHandler
                0x00080204                PIN_INT2_DriverIRQHandler
                0x00080204                PMC_PMIC_DriverIRQHandler
                0x00080204                SECUREVIOLATION_DriverIRQHandler
                0x00080204                IntDefaultHandler
                0x00080204                MRT0_DriverIRQHandler
                0x00080204                UTICK0_DriverIRQHandler
                0x00080204                DMIC0_DriverIRQHandler
                0x00080204                USDHC1_DriverIRQHandler
                0x00080204                PIN_INT4_DriverIRQHandler
                0x00080204                PIN_INT5_DriverIRQHandler
                0x00080204                SGPIO_INTA_DriverIRQHandler
                0x00080204                RNG_DriverIRQHandler
                0x00080204                CTIMER4_DriverIRQHandler
                0x00080204                PIN_INT7_DriverIRQHandler
                0x00080204                HASHCRYPT_DriverIRQHandler
                0x00080204                POWERQUAD_DriverIRQHandler
                0x00080204                CTIMER0_DriverIRQHandler
                0x00080204                CTIMER1_DriverIRQHandler
                0x00080204                Reserved42_DriverIRQHandler
                0x00080204                PIN_INT6_DriverIRQHandler
                0x00080204                SGPIO_INTB_DriverIRQHandler
                0x00080204                PIN_INT1_DriverIRQHandler
                0x00080204                CTIMER3_DriverIRQHandler
                0x00080204                HWVAD0_DriverIRQHandler
                0x00080204                GPIO_INTA_DriverIRQHandler
                0x00080204                PUF_DriverIRQHandler
                0x00080204                RTC_DriverIRQHandler
                0x00080204                USBPHY_DCD_DriverIRQHandler
                0x00080204                Reserved39_DriverIRQHandler
                0x00080204                I3C0_DriverIRQHandler
                0x00080204                MU_A_DriverIRQHandler
                0x00080204                ADC0_DriverIRQHandler
                0x00080204                WDT0_DriverIRQHandler
                0x00080204                ACMP_DriverIRQHandler
                0x00080204                USDHC0_DriverIRQHandler
                0x00080204                Reserved46_DriverIRQHandler
                0x00080204                USB_WAKEUP_DriverIRQHandler
                0x00080204                WDT1_DriverIRQHandler
                0x00080204                SCT0_DriverIRQHandler
                0x00080204                HYPERVISOR_DriverIRQHandler
                0x00080204                OS_EVENT_DriverIRQHandler
                0x00080204                USB_DriverIRQHandler
 *(SORT_BY_ALIGNMENT(.text*))
 *fill*         0x00080206        0x2 ff
 .text.__assertion_failed
                0x00080208       0x18 ./utilities/fsl_assert.o
                0x00080208                __assertion_failed
 .text.DbgConsole_Init
                0x00080220       0x88 ./utilities/fsl_debug_console.o
                0x00080220                DbgConsole_Init
 .text.DbgConsole_Vprintf
                0x000802a8       0x3c ./utilities/fsl_debug_console.o
                0x000802a8                DbgConsole_Vprintf
 .text.DbgConsole_Putchar
                0x000802e4       0x30 ./utilities/fsl_debug_console.o
                0x000802e4                DbgConsole_Putchar
 .text.DbgConsole_PrintfFormattedData
                0x00080314      0x3e0 ./utilities/fsl_debug_console.o
 .text.CLOCK_EnableClock
                0x000806f4       0xb4 ./source/i2s_dma_tdm_record_playback.o
 .text.DMA_EnableChannel
                0x000807a8       0x58 ./source/i2s_dma_tdm_record_playback.o
 .text.DMA_SetChannelPriority
                0x00080800       0x4c ./source/i2s_dma_tdm_record_playback.o
 .text.i2s_rx_Callback
                0x0008084c       0x28 ./source/i2s_dma_tdm_record_playback.o
 .text.i2s_tx_Callback
                0x00080874       0x28 ./source/i2s_dma_tdm_record_playback.o
 .text.main     0x0008089c      0x270 ./source/i2s_dma_tdm_record_playback.o
                0x0008089c                main
 .text.DEMO_InitCodec
                0x00080b0c       0x3c ./source/i2s_dma_tdm_record_playback.o
 .text.CLOCK_GetSFroFreq
                0x00080b48       0x14 ./drivers/fsl_clock.o
 .text.CLOCK_GetXtalInClkFreq
                0x00080b5c       0x3c ./drivers/fsl_clock.o
 .text.CLOCK_GetMclkInClkFreq
                0x00080b98       0x18 ./drivers/fsl_clock.o
 .text.CLOCK_GetLpOscFreq
                0x00080bb0       0x14 ./drivers/fsl_clock.o
 .text.CLOCK_GetOsc32KFreq
                0x00080bc4       0x28 ./drivers/fsl_clock.o
 .text.CLOCK_GetFFroFreq
                0x00080bec       0x4c ./drivers/fsl_clock.o
                0x00080bec                CLOCK_GetFFroFreq
 .text.CLOCK_GetSysPllFreq
                0x00080c38       0xc4 ./drivers/fsl_clock.o
                0x00080c38                CLOCK_GetSysPllFreq
 .text.CLOCK_GetSysPfdFreq
                0x00080cfc      0x23c ./drivers/fsl_clock.o
                0x00080cfc                CLOCK_GetSysPfdFreq
 .text.CLOCK_GetMainPllClkFreq
                0x00080f38       0x24 ./drivers/fsl_clock.o
 .text.CLOCK_GetAudioPllFreq
                0x00080f5c       0xc8 ./drivers/fsl_clock.o
                0x00080f5c                CLOCK_GetAudioPllFreq
 .text.CLOCK_GetAudioPfdFreq
                0x00081024      0x23c ./drivers/fsl_clock.o
                0x00081024                CLOCK_GetAudioPfdFreq
 .text.CLOCK_GetAudioPllClkFreq
                0x00081260       0x24 ./drivers/fsl_clock.o
 .text.CLOCK_GetMainClkFreq
                0x00081284       0xac ./drivers/fsl_clock.o
                0x00081284                CLOCK_GetMainClkFreq
 .text.CLOCK_GetFRGClock
                0x00081330      0x170 ./drivers/fsl_clock.o
                0x00081330                CLOCK_GetFRGClock
 .text.CLOCK_GetFlexCommClkFreq
                0x000814a0       0xb4 ./drivers/fsl_clock.o
                0x000814a0                CLOCK_GetFlexCommClkFreq
 .text.CLOCK_SetFRGClock
                0x00081554       0xcc ./drivers/fsl_clock.o
                0x00081554                CLOCK_SetFRGClock
 .text.CLOCK_EnableFfroClk
                0x00081620      0x134 ./drivers/fsl_clock.o
                0x00081620                CLOCK_EnableFfroClk
 .text.CLOCK_EnableSfroClk
                0x00081754       0x84 ./drivers/fsl_clock.o
                0x00081754                CLOCK_EnableSfroClk
 .text.CLOCK_InitSysPll
                0x000817d8      0x18c ./drivers/fsl_clock.o
                0x000817d8                CLOCK_InitSysPll
 .text.CLOCK_InitSysPfd
                0x00081964       0x94 ./drivers/fsl_clock.o
                0x00081964                CLOCK_InitSysPfd
 .text.CLOCK_InitAudioPll
                0x000819f8      0x18c ./drivers/fsl_clock.o
                0x000819f8                CLOCK_InitAudioPll
 .text.CLOCK_InitAudioPfd
                0x00081b84       0x94 ./drivers/fsl_clock.o
                0x00081b84                CLOCK_InitAudioPfd
 .text.CLOCK_EnableSysOscClk
                0x00081c18       0x5c ./drivers/fsl_clock.o
                0x00081c18                CLOCK_EnableSysOscClk
 .text.SDK_DelayAtLeastUs
                0x00081c74       0x8c ./drivers/fsl_common_arm.o
                0x00081c74                SDK_DelayAtLeastUs
 .text.__NVIC_EnableIRQ
                0x00081d00       0x3c ./drivers/fsl_dma.o
 .text.CLOCK_EnableClock
                0x00081d3c       0xb4 ./drivers/fsl_dma.o
 .text.DMA_EnableChannelInterrupts
                0x00081df0       0x58 ./drivers/fsl_dma.o
 .text.DMA_EnableChannel
                0x00081e48       0x58 ./drivers/fsl_dma.o
 .text.DMA_DisableChannel
                0x00081ea0       0x58 ./drivers/fsl_dma.o
 .text.DMA_GetInstance
                0x00081ef8       0x4c ./drivers/fsl_dma.o
 .text.DMA_Init
                0x00081f44       0x68 ./drivers/fsl_dma.o
                0x00081f44                DMA_Init
 .text.DMA_SetupDescriptor
                0x00081fac      0x124 ./drivers/fsl_dma.o
                0x00081fac                DMA_SetupDescriptor
 .text.DMA_AbortTransfer
                0x000820d0       0xa8 ./drivers/fsl_dma.o
                0x000820d0                DMA_AbortTransfer
 .text.DMA_CreateHandle
                0x00082178       0x88 ./drivers/fsl_dma.o
                0x00082178                DMA_CreateHandle
 .text.DMA_SetCallback
                0x00082200       0x30 ./drivers/fsl_dma.o
                0x00082200                DMA_SetCallback
 .text.DMA_SubmitChannelTransferParameter
                0x00082230       0x84 ./drivers/fsl_dma.o
                0x00082230                DMA_SubmitChannelTransferParameter
 .text.DMA_StartTransfer
                0x000822b4       0x80 ./drivers/fsl_dma.o
                0x000822b4                DMA_StartTransfer
 .text.DMA_IRQHandle
                0x00082334      0x1c4 ./drivers/fsl_dma.o
                0x00082334                DMA_IRQHandle
 .text.DMA0_DriverIRQHandler
                0x000824f8       0x14 ./drivers/fsl_dma.o
                0x000824f8                DMA0_DriverIRQHandler
 .text.DMA1_DriverIRQHandler
                0x0008250c       0x14 ./drivers/fsl_dma.o
                0x0008250c                DMA1_DriverIRQHandler
 .text.CLOCK_EnableClock
                0x00082520       0xb4 ./drivers/fsl_flexcomm.o
 .text.FLEXCOMM_GetInstance
                0x000825d4       0x50 ./drivers/fsl_flexcomm.o
                0x000825d4                FLEXCOMM_GetInstance
 .text.FLEXCOMM_Init
                0x00082624       0x50 ./drivers/fsl_flexcomm.o
                0x00082624                FLEXCOMM_Init
 .text.FLEXCOMM0_DriverIRQHandler
                0x00082674       0x5c ./drivers/fsl_flexcomm.o
                0x00082674                FLEXCOMM0_DriverIRQHandler
 .text.FLEXCOMM1_DriverIRQHandler
                0x000826d0       0x5c ./drivers/fsl_flexcomm.o
                0x000826d0                FLEXCOMM1_DriverIRQHandler
 .text.FLEXCOMM2_DriverIRQHandler
                0x0008272c       0x5c ./drivers/fsl_flexcomm.o
                0x0008272c                FLEXCOMM2_DriverIRQHandler
 .text.FLEXCOMM3_DriverIRQHandler
                0x00082788       0x5c ./drivers/fsl_flexcomm.o
                0x00082788                FLEXCOMM3_DriverIRQHandler
 .text.FLEXCOMM4_DriverIRQHandler
                0x000827e4       0x5c ./drivers/fsl_flexcomm.o
                0x000827e4                FLEXCOMM4_DriverIRQHandler
 .text.FLEXCOMM5_DriverIRQHandler
                0x00082840       0x5c ./drivers/fsl_flexcomm.o
                0x00082840                FLEXCOMM5_DriverIRQHandler
 .text.FLEXCOMM6_DriverIRQHandler
                0x0008289c       0x5c ./drivers/fsl_flexcomm.o
                0x0008289c                FLEXCOMM6_DriverIRQHandler
 .text.FLEXCOMM7_DriverIRQHandler
                0x000828f8       0x5c ./drivers/fsl_flexcomm.o
                0x000828f8                FLEXCOMM7_DriverIRQHandler
 .text.FLEXCOMM14_DriverIRQHandler
                0x00082954       0x5c ./drivers/fsl_flexcomm.o
                0x00082954                FLEXCOMM14_DriverIRQHandler
 .text.FLEXCOMM15_DriverIRQHandler
                0x000829b0       0x5c ./drivers/fsl_flexcomm.o
                0x000829b0                FLEXCOMM15_DriverIRQHandler
 .text.FLEXSPI_DriverIRQHandler
                0x00082a0c       0x24 ./drivers/fsl_flexspi.o
                0x00082a0c                FLEXSPI_DriverIRQHandler
 .text.CLOCK_EnableClock
                0x00082a30       0xb4 ./drivers/fsl_gpio.o
 .text.GPIO_EnablePortClock
                0x00082ae4       0x34 ./drivers/fsl_gpio.o
 .text.GPIO_PortInit
                0x00082b18       0x2c ./drivers/fsl_gpio.o
                0x00082b18                GPIO_PortInit
 .text.I2C_ClearStatusFlags
                0x00082b44       0x2c ./drivers/fsl_i2c.o
 .text.I2C_MasterGetDefaultConfig
                0x00082b70       0x38 ./drivers/fsl_i2c.o
                0x00082b70                I2C_MasterGetDefaultConfig
 .text.I2C_MasterSetBaudRate
                0x00082ba8      0x13c ./drivers/fsl_i2c.o
                0x00082ba8                I2C_MasterSetBaudRate
 .text.I2C_MasterSetTimeoutValue
                0x00082ce4       0x74 ./drivers/fsl_i2c.o
                0x00082ce4                I2C_MasterSetTimeoutValue
 .text.I2C_PendingStatusWait
                0x00082d58       0x74 ./drivers/fsl_i2c.o
 .text.I2C_MasterWriteBlocking
                0x00082dcc       0xe4 ./drivers/fsl_i2c.o
                0x00082dcc                I2C_MasterWriteBlocking
 .text.I2C_MasterReadBlocking
                0x00082eb0       0xcc ./drivers/fsl_i2c.o
                0x00082eb0                I2C_MasterReadBlocking
 .text.I2C_MasterTransferBlocking
                0x00082f7c      0x178 ./drivers/fsl_i2c.o
                0x00082f7c                I2C_MasterTransferBlocking
 .text.I2S_EmptyTxFifo
                0x000830f4       0x84 ./drivers/fsl_i2s.o
                0x000830f4                I2S_EmptyTxFifo
 .text.I2S_Config
                0x00083178      0x10c ./drivers/fsl_i2s.o
 .text.I2S_EnableSecondaryChannel
                0x00083284       0x9c ./drivers/fsl_i2s.o
                0x00083284                I2S_EnableSecondaryChannel
 .text.DMA_EnableChannelInterrupts
                0x00083320       0x58 ./drivers/fsl_i2s_dma.o
 .text.DMA_DisableChannelInterrupts
                0x00083378       0x58 ./drivers/fsl_i2s_dma.o
 .text.DMA_EnableChannelPeriphRq
                0x000833d0       0x40 ./drivers/fsl_i2s_dma.o
 .text.DMA_SetChannelXferConfig
                0x00083410       0xb4 ./drivers/fsl_i2s_dma.o
 .text.I2S_EnqueueUserBuffer
                0x000834c4      0x134 ./drivers/fsl_i2s_dma.o
 .text.I2S_GetInstance
                0x000835f8       0x44 ./drivers/fsl_i2s_dma.o
 .text.I2S_TxTransferCreateHandleDMA
                0x0008363c       0xd0 ./drivers/fsl_i2s_dma.o
                0x0008363c                I2S_TxTransferCreateHandleDMA
 .text.I2S_TransferAbortDMA
                0x0008370c       0xe8 ./drivers/fsl_i2s_dma.o
                0x0008370c                I2S_TransferAbortDMA
 .text.I2S_GetTransferBytes
                0x000837f4       0x64 ./drivers/fsl_i2s_dma.o
 .text.I2S_StartTransferDMA
                0x00083858      0x1fc ./drivers/fsl_i2s_dma.o
 .text.I2S_AddTransferDMA
                0x00083a54      0x1e4 ./drivers/fsl_i2s_dma.o
 .text.__NVIC_EnableIRQ
                0x00083c38       0x3c ./drivers/fsl_power.o
 .text.__NVIC_GetEnableIRQ
                0x00083c74       0x40 ./drivers/fsl_power.o
 .text.__NVIC_DisableIRQ
                0x00083cb4       0x48 ./drivers/fsl_power.o
 .text.__NVIC_ClearPendingIRQ
                0x00083cfc       0x3c ./drivers/fsl_power.o
 .text.POWER_EnableDeepSleep
                0x00083d38       0x20 ./drivers/fsl_power.o
 .text.POWER_UpdateOscSettlingTime
                0x00083d58       0x20 ./drivers/fsl_power.o
                0x00083d58                POWER_UpdateOscSettlingTime
 .text.POWER_ApplyPD
                0x00083d78       0x3c ./drivers/fsl_power.o
                0x00083d78                POWER_ApplyPD
 .text.POWER_EnterDeepPowerDown
                0x00083db4       0xc0 ./drivers/fsl_power.o
                0x00083db4                POWER_EnterDeepPowerDown
 .text.RESET_SetPeripheralReset
                0x00083e74       0xf8 ./drivers/fsl_reset.o
                0x00083e74                RESET_SetPeripheralReset
 .text.RESET_ClearPeripheralReset
                0x00083f6c      0x104 ./drivers/fsl_reset.o
                0x00083f6c                RESET_ClearPeripheralReset
 .text.USART_Init
                0x00084070      0x1cc ./drivers/fsl_usart.o
                0x00084070                USART_Init
 .text.USART_GetDefaultConfig
                0x0008423c       0x80 ./drivers/fsl_usart.o
                0x0008423c                USART_GetDefaultConfig
 .text.USART_SetBaudRate
                0x000842bc      0x18c ./drivers/fsl_usart.o
                0x000842bc                USART_SetBaudRate
 .text.USART_WriteBlocking
                0x00084448       0x8c ./drivers/fsl_usart.o
                0x00084448                USART_WriteBlocking
 .text.USART_ReadBlocking
                0x000844d4      0x104 ./drivers/fsl_usart.o
                0x000844d4                USART_ReadBlocking
 .text.HAL_UartInitCommon
                0x000845d8      0x110 ./component/uart/fsl_adapter_usart.o
 .text.HAL_UartReceiveBlocking
                0x000846e8       0x6c ./component/uart/fsl_adapter_usart.o
                0x000846e8                HAL_UartReceiveBlocking
 .text.HAL_UartSendBlocking
                0x00084754       0x64 ./component/uart/fsl_adapter_usart.o
                0x00084754                HAL_UartSendBlocking
 .text.HAL_I2cGetStatus
                0x000847b8       0xa8 ./component/i2c/fsl_adapter_flexcomm_i2c.o
 .text.HAL_I2cMasterInit
                0x00084860       0x78 ./component/i2c/fsl_adapter_flexcomm_i2c.o
                0x00084860                HAL_I2cMasterInit
 .text.HAL_I2cMasterTransferBlocking
                0x000848d8       0x94 ./component/i2c/fsl_adapter_flexcomm_i2c.o
                0x000848d8                HAL_I2cMasterTransferBlocking
 .text.HAL_CODEC_AK4458_Init
                0x0008496c       0x4c ./codec/port/fsl_codec_ak4458_adapter.o
                0x0008496c                HAL_CODEC_AK4458_Init
 .text.AK4458_Init
                0x000849b8      0x1dc ./codec/fsl_ak4458.o
                0x000849b8                AK4458_Init
 .text.AK4458_WriteReg
                0x00084b94       0x60 ./codec/fsl_ak4458.o
                0x00084b94                AK4458_WriteReg
 .text.AK4458_ReadReg
                0x00084bf4       0x5c ./codec/fsl_ak4458.o
                0x00084bf4                AK4458_ReadReg
 .text.CODEC_Init
                0x00084c50       0x38 ./codec/fsl_codec_common.o
                0x00084c50                CODEC_Init
 .text.BOARD_InitDebugConsole
                0x00084c88       0x40 ./board/board.o
                0x00084c88                BOARD_InitDebugConsole
 .text.CLOCK_SetXtalFreq
                0x00084cc8       0x20 ./board/clock_config.o
 .text.POWER_DisablePD
                0x00084ce8       0x30 ./board/clock_config.o
 .text.BOARD_BootClockRUN
                0x00084d18       0xcc ./board/clock_config.o
                0x00084d18                BOARD_BootClockRUN
 .text.getOscClk
                0x00084de4       0x2c ./MIMXRT685S/system_MIMXRT685S_cm33.o
 .text.getFFroFreq
                0x00084e10       0x4c ./MIMXRT685S/system_MIMXRT685S_cm33.o
 .text.SystemInit
                0x00084e5c       0xd0 ./MIMXRT685S/system_MIMXRT685S_cm33.o
                0x00084e5c                SystemInit
 .text.SystemCoreClockUpdate
                0x00084f2c      0x204 ./MIMXRT685S/system_MIMXRT685S_cm33.o
                0x00084f2c                SystemCoreClockUpdate
 .text._initio  0x00085130       0x78 c:/nxp/mcuxpressoide_11.7.0_9198/ide/plugins/com.nxp.mcuxpresso.tools.win32_11.7.0.202209140929/tools/bin/../lib/gcc/arm-none-eabi/10.3.1/../../../../arm-none-eabi/lib/thumb/v8-m.main+fp/hard\libcr_c.a(initio.o)
                0x00085130                _initio
 .text._Cwritebuf
                0x000851a8       0x6c c:/nxp/mcuxpressoide_11.7.0_9198/ide/plugins/com.nxp.mcuxpresso.tools.win32_11.7.0.202209140929/tools/bin/../lib/gcc/arm-none-eabi/10.3.1/../../../../arm-none-eabi/lib/thumb/v8-m.main+fp/hard\libcr_c.a(_writebuf.o)
                0x000851a8                _Cwritebuf
 .text.fflush   0x00085214       0x3c c:/nxp/mcuxpressoide_11.7.0_9198/ide/plugins/com.nxp.mcuxpresso.tools.win32_11.7.0.202209140929/tools/bin/../lib/gcc/arm-none-eabi/10.3.1/../../../../arm-none-eabi/lib/thumb/v8-m.main+fp/hard\libcr_c.a(fflush.o)
                0x00085214                fflush
 .text.fseek    0x00085250       0xfc c:/nxp/mcuxpressoide_11.7.0_9198/ide/plugins/com.nxp.mcuxpresso.tools.win32_11.7.0.202209140929/tools/bin/../lib/gcc/arm-none-eabi/10.3.1/../../../../arm-none-eabi/lib/thumb/v8-m.main+fp/hard\libcr_c.a(fseek.o)
                0x00085250                fseek
 .text.ftell    0x0008534c       0x44 c:/nxp/mcuxpressoide_11.7.0_9198/ide/plugins/com.nxp.mcuxpresso.tools.win32_11.7.0.202209140929/tools/bin/../lib/gcc/arm-none-eabi/10.3.1/../../../../arm-none-eabi/lib/thumb/v8-m.main+fp/hard\libcr_c.a(ftell.o)
                0x0008534c                ftell
 .text.DbgConsole_Printf
                0x00085390       0x2c ./utilities/fsl_debug_console.o
                0x00085390                DbgConsole_Printf
 .text.DbgConsole_PrintfPaddingCharacter
                0x000853bc       0x40 ./utilities/fsl_debug_console.o
 .text.DbgConsole_ConvertRadixNumToString
                0x000853fc       0xc2 ./utilities/fsl_debug_console.o
 .text.HardFault_Handler
                0x000854be       0x2c ./source/semihost_hardfault.o
                0x000854be                HardFault_Handler
 .text.CLOCK_AttachClk
                0x000854ea       0x8a ./drivers/fsl_clock.o
                0x000854ea                CLOCK_AttachClk
 .text.CLOCK_SetClkDiv
                0x00085574       0x70 ./drivers/fsl_clock.o
                0x00085574                CLOCK_SetClkDiv
 .text.DelayLoop
                0x000855e4       0x20 ./drivers/fsl_common_arm.o
 .text.EnableIRQ
                0x00085604       0x32 ./drivers/fsl_dma.o
 .text.DMA_GetVirtualStartChannel
                0x00085636       0x40 ./drivers/fsl_dma.o
 .text.FLEXCOMM_PeripheralIsPresent
                0x00085676       0x64 ./drivers/fsl_flexcomm.o
 .text.FLEXCOMM_SetPeriph
                0x000856da       0x74 ./drivers/fsl_flexcomm.o
 .text.GPIO_PinInit
                0x0008574e       0x82 ./drivers/fsl_gpio.o
                0x0008574e                GPIO_PinInit
 .text.I2C_MasterEnable
                0x000857d0       0x44 ./drivers/fsl_i2c.o
 .text.I2C_MasterRepeatedStart
                0x00085814       0x26 ./drivers/fsl_i2c.o
 .text.I2C_SlaveEnable
                0x0008583a       0x44 ./drivers/fsl_i2c.o
 .text.I2C_MasterInit
                0x0008587e       0x44 ./drivers/fsl_i2c.o
                0x0008587e                I2C_MasterInit
 .text.I2C_GetStatusFlags
                0x000858c2       0x88 ./drivers/fsl_i2c.o
                0x000858c2                I2C_GetStatusFlags
 .text.I2C_MasterStart
                0x0008594a       0x46 ./drivers/fsl_i2c.o
                0x0008594a                I2C_MasterStart
 .text.I2C_MasterStop
                0x00085990       0x2c ./drivers/fsl_i2c.o
                0x00085990                I2C_MasterStop
 .text.I2C_MasterCheckStartResponse
                0x000859bc       0x40 ./drivers/fsl_i2c.o
 .text.I2S_TxInit
                0x000859fc       0x82 ./drivers/fsl_i2s.o
                0x000859fc                I2S_TxInit
 .text.I2S_RxInit
                0x00085a7e       0x72 ./drivers/fsl_i2s.o
                0x00085a7e                I2S_RxInit
 .text.I2S_TxGetDefaultConfig
                0x00085af0       0x6e ./drivers/fsl_i2s.o
                0x00085af0                I2S_TxGetDefaultConfig
 .text.I2S_RxGetDefaultConfig
                0x00085b5e       0x6e ./drivers/fsl_i2s.o
                0x00085b5e                I2S_RxGetDefaultConfig
 .text.I2S_Enable
                0x00085bcc       0x24 ./drivers/fsl_i2s_dma.o
 .text.I2S_Disable
                0x00085bf0       0x24 ./drivers/fsl_i2s_dma.o
 .text.I2S_DisableDMAInterrupts
                0x00085c14       0x24 ./drivers/fsl_i2s_dma.o
 .text.I2S_EnableDMAInterrupts
                0x00085c38       0x2c ./drivers/fsl_i2s_dma.o
 .text.I2S_TxTransferSendDMA
                0x00085c64       0x74 ./drivers/fsl_i2s_dma.o
                0x00085c64                I2S_TxTransferSendDMA
 .text.I2S_RxTransferCreateHandleDMA
                0x00085cd8       0x26 ./drivers/fsl_i2s_dma.o
                0x00085cd8                I2S_RxTransferCreateHandleDMA
 .text.I2S_RxTransferReceiveDMA
                0x00085cfe       0x74 ./drivers/fsl_i2s_dma.o
                0x00085cfe                I2S_RxTransferReceiveDMA
 .text.I2S_TxEnableDMA
                0x00085d72       0x50 ./drivers/fsl_i2s_dma.o
 .text.I2S_RxEnableDMA
                0x00085dc2       0x50 ./drivers/fsl_i2s_dma.o
 .text.I2S_DMACallback
                0x00085e12      0x15e ./drivers/fsl_i2s_dma.o
                0x00085e12                I2S_DMACallback
 .text.DisableGlobalIRQ
                0x00085f70       0x22 ./drivers/fsl_power.o
 .text.EnableGlobalIRQ
                0x00085f92       0x20 ./drivers/fsl_power.o
 .text.POWER_SetPmicMode
                0x00085fb2       0x4e ./drivers/fsl_power.o
                0x00085fb2                POWER_SetPmicMode
 .text.RESET_PeripheralReset
                0x00086000       0x22 ./drivers/fsl_reset.o
                0x00086000                RESET_PeripheralReset
 .text.USART_EnableContinuousSCLK
                0x00086022       0x38 ./drivers/fsl_usart.o
 .text.HAL_UartGetStatus
                0x0008605a       0x22 ./component/uart/fsl_adapter_usart.o
 .text.HAL_UartInit
                0x0008607c       0x36 ./component/uart/fsl_adapter_usart.o
                0x0008607c                HAL_UartInit
 .text.Delay    0x000860b2       0x2a ./codec/fsl_ak4458.o
 .text.AK4458_ModifyReg
                0x000860dc       0x76 ./codec/fsl_ak4458.o
                0x000860dc                AK4458_ModifyReg
 .text.HAL_CODEC_Init
                0x00086152       0x1c ./codec/fsl_codec_common.o
 .text.CODEC_I2C_Init
                0x0008616e       0x36 ./codec/fsl_codec_i2c.o
                0x0008616e                CODEC_I2C_Init
 .text.CODEC_I2C_Send
                0x000861a4       0x4e ./codec/fsl_codec_i2c.o
                0x000861a4                CODEC_I2C_Send
 .text.CODEC_I2C_Receive
                0x000861f2       0x4e ./codec/fsl_codec_i2c.o
                0x000861f2                CODEC_I2C_Receive
 .text.BOARD_FlexspiClockSafeConfig
                0x00086240       0x10 ./board/board.o
                0x00086240                BOARD_FlexspiClockSafeConfig
 .text.BOARD_InitBootClocks
                0x00086250        0xc ./board/clock_config.o
                0x00086250                BOARD_InitBootClocks
 .text.IOPCTL_PinMuxSet
                0x0008625c       0x2e ./board/pin_mux.o
 .text.BOARD_InitBootPins
                0x0008628a       0x14 ./board/pin_mux.o
                0x0008628a                BOARD_InitBootPins
 .text.BOARD_InitCS42448Pins
                0x0008629e       0xd2 ./board/pin_mux.o
                0x0008629e                BOARD_InitCS42448Pins
 .text.BOARD_InitDebugConsolePins
                0x00086370       0x32 ./board/pin_mux.o
                0x00086370                BOARD_InitDebugConsolePins
 .text.BOARD_InitPins
                0x000863a2        0xe ./board/pin_mux.o
                0x000863a2                BOARD_InitPins
 .text.WDT0_IRQHandler
                0x000863b0        0x8 ./MIMXRT685S/mcuxpresso/startup_mimxrt685s.o
                0x000863b0                WDT0_IRQHandler
 .text.DMA0_IRQHandler
                0x000863b8        0x8 ./MIMXRT685S/mcuxpresso/startup_mimxrt685s.o
                0x000863b8                DMA0_IRQHandler
 .text.GPIO_INTA_IRQHandler
                0x000863c0        0x8 ./MIMXRT685S/mcuxpresso/startup_mimxrt685s.o
                0x000863c0                GPIO_INTA_IRQHandler
 .text.GPIO_INTB_IRQHandler
                0x000863c8        0x8 ./MIMXRT685S/mcuxpresso/startup_mimxrt685s.o
                0x000863c8                GPIO_INTB_IRQHandler
 .text.PIN_INT0_IRQHandler
                0x000863d0        0x8 ./MIMXRT685S/mcuxpresso/startup_mimxrt685s.o
                0x000863d0                PIN_INT0_IRQHandler
 .text.PIN_INT1_IRQHandler
                0x000863d8        0x8 ./MIMXRT685S/mcuxpresso/startup_mimxrt685s.o
                0x000863d8                PIN_INT1_IRQHandler
 .text.PIN_INT2_IRQHandler
                0x000863e0        0x8 ./MIMXRT685S/mcuxpresso/startup_mimxrt685s.o
                0x000863e0                PIN_INT2_IRQHandler
 .text.PIN_INT3_IRQHandler
                0x000863e8        0x8 ./MIMXRT685S/mcuxpresso/startup_mimxrt685s.o
                0x000863e8                PIN_INT3_IRQHandler
 .text.UTICK0_IRQHandler
                0x000863f0        0x8 ./MIMXRT685S/mcuxpresso/startup_mimxrt685s.o
                0x000863f0                UTICK0_IRQHandler
 .text.MRT0_IRQHandler
                0x000863f8        0x8 ./MIMXRT685S/mcuxpresso/startup_mimxrt685s.o
                0x000863f8                MRT0_IRQHandler
 .text.CTIMER0_IRQHandler
                0x00086400        0x8 ./MIMXRT685S/mcuxpresso/startup_mimxrt685s.o
                0x00086400                CTIMER0_IRQHandler
 .text.CTIMER1_IRQHandler
                0x00086408        0x8 ./MIMXRT685S/mcuxpresso/startup_mimxrt685s.o
                0x00086408                CTIMER1_IRQHandler
 .text.SCT0_IRQHandler
                0x00086410        0x8 ./MIMXRT685S/mcuxpresso/startup_mimxrt685s.o
                0x00086410                SCT0_IRQHandler
 .text.CTIMER3_IRQHandler
                0x00086418        0x8 ./MIMXRT685S/mcuxpresso/startup_mimxrt685s.o
                0x00086418                CTIMER3_IRQHandler
 .text.FLEXCOMM0_IRQHandler
                0x00086420        0x8 ./MIMXRT685S/mcuxpresso/startup_mimxrt685s.o
                0x00086420                FLEXCOMM0_IRQHandler
 .text.FLEXCOMM1_IRQHandler
                0x00086428        0x8 ./MIMXRT685S/mcuxpresso/startup_mimxrt685s.o
                0x00086428                FLEXCOMM1_IRQHandler
 .text.FLEXCOMM2_IRQHandler
                0x00086430        0x8 ./MIMXRT685S/mcuxpresso/startup_mimxrt685s.o
                0x00086430                FLEXCOMM2_IRQHandler
 .text.FLEXCOMM3_IRQHandler
                0x00086438        0x8 ./MIMXRT685S/mcuxpresso/startup_mimxrt685s.o
                0x00086438                FLEXCOMM3_IRQHandler
 .text.FLEXCOMM4_IRQHandler
                0x00086440        0x8 ./MIMXRT685S/mcuxpresso/startup_mimxrt685s.o
                0x00086440                FLEXCOMM4_IRQHandler
 .text.FLEXCOMM5_IRQHandler
                0x00086448        0x8 ./MIMXRT685S/mcuxpresso/startup_mimxrt685s.o
                0x00086448                FLEXCOMM5_IRQHandler
 .text.FLEXCOMM14_IRQHandler
                0x00086450        0x8 ./MIMXRT685S/mcuxpresso/startup_mimxrt685s.o
                0x00086450                FLEXCOMM14_IRQHandler
 .text.FLEXCOMM15_IRQHandler
                0x00086458        0x8 ./MIMXRT685S/mcuxpresso/startup_mimxrt685s.o
                0x00086458                FLEXCOMM15_IRQHandler
 .text.ADC0_IRQHandler
                0x00086460        0x8 ./MIMXRT685S/mcuxpresso/startup_mimxrt685s.o
                0x00086460                ADC0_IRQHandler
 .text.Reserved39_IRQHandler
                0x00086468        0x8 ./MIMXRT685S/mcuxpresso/startup_mimxrt685s.o
                0x00086468                Reserved39_IRQHandler
 .text.ACMP_IRQHandler
                0x00086470        0x8 ./MIMXRT685S/mcuxpresso/startup_mimxrt685s.o
                0x00086470                ACMP_IRQHandler
 .text.DMIC0_IRQHandler
                0x00086478        0x8 ./MIMXRT685S/mcuxpresso/startup_mimxrt685s.o
                0x00086478                DMIC0_IRQHandler
 .text.Reserved42_IRQHandler
                0x00086480        0x8 ./MIMXRT685S/mcuxpresso/startup_mimxrt685s.o
                0x00086480                Reserved42_IRQHandler
 .text.HYPERVISOR_IRQHandler
                0x00086488        0x8 ./MIMXRT685S/mcuxpresso/startup_mimxrt685s.o
                0x00086488                HYPERVISOR_IRQHandler
 .text.SECUREVIOLATION_IRQHandler
                0x00086490        0x8 ./MIMXRT685S/mcuxpresso/startup_mimxrt685s.o
                0x00086490                SECUREVIOLATION_IRQHandler
 .text.HWVAD0_IRQHandler
                0x00086498        0x8 ./MIMXRT685S/mcuxpresso/startup_mimxrt685s.o
                0x00086498                HWVAD0_IRQHandler
 .text.Reserved46_IRQHandler
                0x000864a0        0x8 ./MIMXRT685S/mcuxpresso/startup_mimxrt685s.o
                0x000864a0                Reserved46_IRQHandler
 .text.RNG_IRQHandler
                0x000864a8        0x8 ./MIMXRT685S/mcuxpresso/startup_mimxrt685s.o
                0x000864a8                RNG_IRQHandler
 .text.RTC_IRQHandler
                0x000864b0        0x8 ./MIMXRT685S/mcuxpresso/startup_mimxrt685s.o
                0x000864b0                RTC_IRQHandler
 .text.DSPWAKE_IRQHandler
                0x000864b8        0x8 ./MIMXRT685S/mcuxpresso/startup_mimxrt685s.o
                0x000864b8                DSPWAKE_IRQHandler
 .text.MU_A_IRQHandler
                0x000864c0        0x8 ./MIMXRT685S/mcuxpresso/startup_mimxrt685s.o
                0x000864c0                MU_A_IRQHandler
 .text.PIN_INT4_IRQHandler
                0x000864c8        0x8 ./MIMXRT685S/mcuxpresso/startup_mimxrt685s.o
                0x000864c8                PIN_INT4_IRQHandler
 .text.PIN_INT5_IRQHandler
                0x000864d0        0x8 ./MIMXRT685S/mcuxpresso/startup_mimxrt685s.o
                0x000864d0                PIN_INT5_IRQHandler
 .text.PIN_INT6_IRQHandler
                0x000864d8        0x8 ./MIMXRT685S/mcuxpresso/startup_mimxrt685s.o
                0x000864d8                PIN_INT6_IRQHandler
 .text.PIN_INT7_IRQHandler
                0x000864e0        0x8 ./MIMXRT685S/mcuxpresso/startup_mimxrt685s.o
                0x000864e0                PIN_INT7_IRQHandler
 .text.CTIMER2_IRQHandler
                0x000864e8        0x8 ./MIMXRT685S/mcuxpresso/startup_mimxrt685s.o
                0x000864e8                CTIMER2_IRQHandler
 .text.CTIMER4_IRQHandler
                0x000864f0        0x8 ./MIMXRT685S/mcuxpresso/startup_mimxrt685s.o
                0x000864f0                CTIMER4_IRQHandler
 .text.OS_EVENT_IRQHandler
                0x000864f8        0x8 ./MIMXRT685S/mcuxpresso/startup_mimxrt685s.o
                0x000864f8                OS_EVENT_IRQHandler
 .text.FLEXSPI_IRQHandler
                0x00086500        0x8 ./MIMXRT685S/mcuxpresso/startup_mimxrt685s.o
                0x00086500                FLEXSPI_IRQHandler
 .text.FLEXCOMM6_IRQHandler
                0x00086508        0x8 ./MIMXRT685S/mcuxpresso/startup_mimxrt685s.o
                0x00086508                FLEXCOMM6_IRQHandler
 .text.FLEXCOMM7_IRQHandler
                0x00086510        0x8 ./MIMXRT685S/mcuxpresso/startup_mimxrt685s.o
                0x00086510                FLEXCOMM7_IRQHandler
 .text.USDHC0_IRQHandler
                0x00086518        0x8 ./MIMXRT685S/mcuxpresso/startup_mimxrt685s.o
                0x00086518                USDHC0_IRQHandler
 .text.USDHC1_IRQHandler
                0x00086520        0x8 ./MIMXRT685S/mcuxpresso/startup_mimxrt685s.o
                0x00086520                USDHC1_IRQHandler
 .text.SGPIO_INTA_IRQHandler
                0x00086528        0x8 ./MIMXRT685S/mcuxpresso/startup_mimxrt685s.o
                0x00086528                SGPIO_INTA_IRQHandler
 .text.SGPIO_INTB_IRQHandler
                0x00086530        0x8 ./MIMXRT685S/mcuxpresso/startup_mimxrt685s.o
                0x00086530                SGPIO_INTB_IRQHandler
 .text.I3C0_IRQHandler
                0x00086538        0x8 ./MIMXRT685S/mcuxpresso/startup_mimxrt685s.o
                0x00086538                I3C0_IRQHandler
 .text.USB_IRQHandler
                0x00086540        0x8 ./MIMXRT685S/mcuxpresso/startup_mimxrt685s.o
                0x00086540                USB_IRQHandler
 .text.USB_WAKEUP_IRQHandler
                0x00086548        0x8 ./MIMXRT685S/mcuxpresso/startup_mimxrt685s.o
                0x00086548                USB_WAKEUP_IRQHandler
 .text.WDT1_IRQHandler
                0x00086550        0x8 ./MIMXRT685S/mcuxpresso/startup_mimxrt685s.o
                0x00086550                WDT1_IRQHandler
 .text.USBPHY_DCD_IRQHandler
                0x00086558        0x8 ./MIMXRT685S/mcuxpresso/startup_mimxrt685s.o
                0x00086558                USBPHY_DCD_IRQHandler
 .text.DMA1_IRQHandler
                0x00086560        0x8 ./MIMXRT685S/mcuxpresso/startup_mimxrt685s.o
                0x00086560                DMA1_IRQHandler
 .text.PUF_IRQHandler
                0x00086568        0x8 ./MIMXRT685S/mcuxpresso/startup_mimxrt685s.o
                0x00086568                PUF_IRQHandler
 .text.POWERQUAD_IRQHandler
                0x00086570        0x8 ./MIMXRT685S/mcuxpresso/startup_mimxrt685s.o
                0x00086570                POWERQUAD_IRQHandler
 .text.CASPER_IRQHandler
                0x00086578        0x8 ./MIMXRT685S/mcuxpresso/startup_mimxrt685s.o
                0x00086578                CASPER_IRQHandler
 .text.PMC_PMIC_IRQHandler
                0x00086580        0x8 ./MIMXRT685S/mcuxpresso/startup_mimxrt685s.o
                0x00086580                PMC_PMIC_IRQHandler
 .text.HASHCRYPT_IRQHandler
                0x00086588        0x8 ./MIMXRT685S/mcuxpresso/startup_mimxrt685s.o
                0x00086588                HASHCRYPT_IRQHandler
 .text.SystemInitHook
                0x00086590        0xe ./MIMXRT685S/system_MIMXRT685S_cm33.o
                0x00086590                SystemInitHook
 .text.__main   0x0008659e        0xe c:/nxp/mcuxpressoide_11.7.0_9198/ide/plugins/com.nxp.mcuxpresso.tools.win32_11.7.0.202209140929/tools/bin/../lib/gcc/arm-none-eabi/10.3.1/../../../../arm-none-eabi/lib/thumb/v8-m.main+fp/hard\libcr_nohost_nf.a(_cr__main.o)
                0x0008659e                __main
 .text.memcpy   0x000865ac        0x4 c:/nxp/mcuxpressoide_11.7.0_9198/ide/plugins/com.nxp.mcuxpresso.tools.win32_11.7.0.202209140929/tools/bin/../lib/gcc/arm-none-eabi/10.3.1/../../../../arm-none-eabi/lib/thumb/v8-m.main+fp/hard\libcr_c.a(memcpy.o)
                0x000865ac                memcpy
 .text.memset   0x000865b0        0x4 c:/nxp/mcuxpressoide_11.7.0_9198/ide/plugins/com.nxp.mcuxpresso.tools.win32_11.7.0.202209140929/tools/bin/../lib/gcc/arm-none-eabi/10.3.1/../../../../arm-none-eabi/lib/thumb/v8-m.main+fp/hard\libcr_c.a(memset.o)
                0x000865b0                memset
 .text.free     0x000865b4       0x30 c:/nxp/mcuxpressoide_11.7.0_9198/ide/plugins/com.nxp.mcuxpresso.tools.win32_11.7.0.202209140929/tools/bin/../lib/gcc/arm-none-eabi/10.3.1/../../../../arm-none-eabi/lib/thumb/v8-m.main+fp/hard\libcr_c.a(alloc.o)
                0x000865b4                free
 .text.setvbuf  0x000865e4       0x3e c:/nxp/mcuxpressoide_11.7.0_9198/ide/plugins/com.nxp.mcuxpresso.tools.win32_11.7.0.202209140929/tools/bin/../lib/gcc/arm-none-eabi/10.3.1/../../../../arm-none-eabi/lib/thumb/v8-m.main+fp/hard\libcr_c.a(setvbuf.o)
                0x000865e4                setvbuf
 .text.strlen   0x00086622       0x48 c:/nxp/mcuxpressoide_11.7.0_9198/ide/plugins/com.nxp.mcuxpresso.tools.win32_11.7.0.202209140929/tools/bin/../lib/gcc/arm-none-eabi/10.3.1/../../../../arm-none-eabi/lib/thumb/v8-m.main+fp/hard\libcr_c.a(strlen.o)
                0x00086622                strlen
 .text._deferredlazyseek
                0x0008666a       0x40 c:/nxp/mcuxpressoide_11.7.0_9198/ide/plugins/com.nxp.mcuxpresso.tools.win32_11.7.0.202209140929/tools/bin/../lib/gcc/arm-none-eabi/10.3.1/../../../../arm-none-eabi/lib/thumb/v8-m.main+fp/hard\libcr_c.a(_deferredlazyseek.o)
                0x0008666a                _deferredlazyseek
 .text._fdopen  0x000866aa       0x68 c:/nxp/mcuxpressoide_11.7.0_9198/ide/plugins/com.nxp.mcuxpresso.tools.win32_11.7.0.202209140929/tools/bin/../lib/gcc/arm-none-eabi/10.3.1/../../../../arm-none-eabi/lib/thumb/v8-m.main+fp/hard\libcr_c.a(_fdopen.o)
                0x000866aa                _fdopen
 .text._fflush  0x00086712       0x52 c:/nxp/mcuxpressoide_11.7.0_9198/ide/plugins/com.nxp.mcuxpresso.tools.win32_11.7.0.202209140929/tools/bin/../lib/gcc/arm-none-eabi/10.3.1/../../../../arm-none-eabi/lib/thumb/v8-m.main+fp/hard\libcr_c.a(_fflush.o)
                0x00086712                _fflush
 .text.fclose   0x00086764       0x58 c:/nxp/mcuxpressoide_11.7.0_9198/ide/plugins/com.nxp.mcuxpresso.tools.win32_11.7.0.202209140929/tools/bin/../lib/gcc/arm-none-eabi/10.3.1/../../../../arm-none-eabi/lib/thumb/v8-m.main+fp/hard\libcr_c.a(fclose.o)
                0x00086764                fclose
 .text.remove   0x000867bc       0x14 c:/nxp/mcuxpressoide_11.7.0_9198/ide/plugins/com.nxp.mcuxpresso.tools.win32_11.7.0.202209140929/tools/bin/../lib/gcc/arm-none-eabi/10.3.1/../../../../arm-none-eabi/lib/thumb/v8-m.main+fp/hard\libcr_c.a(remove.o)
                0x000867bc                remove
 .text._do_fflush
                0x000867d0       0x40 c:/nxp/mcuxpressoide_11.7.0_9198/ide/plugins/com.nxp.mcuxpresso.tools.win32_11.7.0.202209140929/tools/bin/../lib/gcc/arm-none-eabi/10.3.1/../../../../arm-none-eabi/lib/thumb/v8-m.main+fp/hard\libcr_c.a(_do_fflush.o)
                0x000867d0                _do_fflush
 .text.__aeabi_division_uldivmod
                0x00086810      0x174 c:/nxp/mcuxpressoide_11.7.0_9198/ide/plugins/com.nxp.mcuxpresso.tools.win32_11.7.0.202209140929/tools/bin/../lib/gcc/arm-none-eabi/10.3.1/thumb/v8-m.main+fp/hard\libcr_eabihelpers.a(division_64.o)
                0x00086810                __aeabi_uldivmod
                0x00086814                __bhs_ldivmod1
 .text.__aeabi_division_idiv0
                0x00086984        0x2 c:/nxp/mcuxpressoide_11.7.0_9198/ide/plugins/com.nxp.mcuxpresso.tools.win32_11.7.0.202209140929/tools/bin/../lib/gcc/arm-none-eabi/10.3.1/thumb/v8-m.main+fp/hard\libcr_eabihelpers.a(division_idiv0.o)
                0x00086984                __aeabi_idiv0
 .text.__aeabi_memcpy
                0x00086986       0x34 c:/nxp/mcuxpressoide_11.7.0_9198/ide/plugins/com.nxp.mcuxpresso.tools.win32_11.7.0.202209140929/tools/bin/../lib/gcc/arm-none-eabi/10.3.1/thumb/v8-m.main+fp/hard\libcr_eabihelpers.a(memcpy.o)
                0x00086986                __aeabi_memcpy
                0x00086990                __aeabi_memcpy8
                0x00086990                __aeabi_memcpy4
 .text.__aeabi_memset_lowlevel
                0x000869ba       0x32 c:/nxp/mcuxpressoide_11.7.0_9198/ide/plugins/com.nxp.mcuxpresso.tools.win32_11.7.0.202209140929/tools/bin/../lib/gcc/arm-none-eabi/10.3.1/thumb/v8-m.main+fp/hard\libcr_eabihelpers.a(memcpy.o)
                0x000869ba                __aeabi_lowlevel_memset
 .text.__sys_close
                0x000869ec        0x6 c:/nxp/mcuxpressoide_11.7.0_9198/ide/plugins/com.nxp.mcuxpresso.tools.win32_11.7.0.202209140929/tools/bin/../lib/gcc/arm-none-eabi/10.3.1/../../../../arm-none-eabi/lib/thumb/v8-m.main+fp/hard\libcr_nohost_nf.a(__sys_close.o)
                0x000869ec                __sys_close
 .text.__sys_flen
                0x000869f2        0x6 c:/nxp/mcuxpressoide_11.7.0_9198/ide/plugins/com.nxp.mcuxpresso.tools.win32_11.7.0.202209140929/tools/bin/../lib/gcc/arm-none-eabi/10.3.1/../../../../arm-none-eabi/lib/thumb/v8-m.main+fp/hard\libcr_nohost_nf.a(__sys_flen.o)
                0x000869f2                __sys_flen
 .text.__sys_istty
                0x000869f8        0x6 c:/nxp/mcuxpressoide_11.7.0_9198/ide/plugins/com.nxp.mcuxpresso.tools.win32_11.7.0.202209140929/tools/bin/../lib/gcc/arm-none-eabi/10.3.1/../../../../arm-none-eabi/lib/thumb/v8-m.main+fp/hard\libcr_nohost_nf.a(__sys_istty.o)
                0x000869f8                __sys_istty
 .text.__sys_remove
                0x000869fe        0x6 c:/nxp/mcuxpressoide_11.7.0_9198/ide/plugins/com.nxp.mcuxpresso.tools.win32_11.7.0.202209140929/tools/bin/../lib/gcc/arm-none-eabi/10.3.1/../../../../arm-none-eabi/lib/thumb/v8-m.main+fp/hard\libcr_nohost_nf.a(__sys_remove.o)
                0x000869fe                __sys_remove
 .text.__sys_seek
                0x00086a04        0x6 c:/nxp/mcuxpressoide_11.7.0_9198/ide/plugins/com.nxp.mcuxpresso.tools.win32_11.7.0.202209140929/tools/bin/../lib/gcc/arm-none-eabi/10.3.1/../../../../arm-none-eabi/lib/thumb/v8-m.main+fp/hard\libcr_nohost_nf.a(__sys_seek.o)
                0x00086a04                __sys_seek
 .text.__sys_tmpnam
                0x00086a0a        0x6 c:/nxp/mcuxpressoide_11.7.0_9198/ide/plugins/com.nxp.mcuxpresso.tools.win32_11.7.0.202209140929/tools/bin/../lib/gcc/arm-none-eabi/10.3.1/../../../../arm-none-eabi/lib/thumb/v8-m.main+fp/hard\libcr_nohost_nf.a(__sys_tmpnam.o)
                0x00086a0a                __sys_tmpnam
 .text.__sys_write
                0x00086a10        0x4 c:/nxp/mcuxpressoide_11.7.0_9198/ide/plugins/com.nxp.mcuxpresso.tools.win32_11.7.0.202209140929/tools/bin/../lib/gcc/arm-none-eabi/10.3.1/../../../../arm-none-eabi/lib/thumb/v8-m.main+fp/hard\libcr_nohost_nf.a(__sys_write.o)
                0x00086a10                __sys_write
 *(SORT_BY_ALIGNMENT(.rodata) SORT_BY_ALIGNMENT(.rodata.*) SORT_BY_ALIGNMENT(.constdata) SORT_BY_ALIGNMENT(.constdata.*))
 .rodata.__assertion_failed.str1.4
                0x00086a14       0x14 ./utilities/fsl_assert.o
 .rodata.CLOCK_EnableClock.str1.4
                0x00086a28       0x6d ./source/i2s_dma_tdm_record_playback.o
 *fill*         0x00086a95        0x3 ff
 .rodata.DMA_EnableChannel.str1.4
                0x00086a98       0xda ./source/i2s_dma_tdm_record_playback.o
 *fill*         0x00086b72        0x2 ff
 .rodata.DMA_SetChannelPriority.str1.4
                0x00086b74       0xda ./source/i2s_dma_tdm_record_playback.o
 *fill*         0x00086c4e        0x2 ff
 .rodata.main.str1.4
                0x00086c50       0x4b ./source/i2s_dma_tdm_record_playback.o
 *fill*         0x00086c9b        0x1 ff
 .rodata.DEMO_InitCodec.str1.4
                0x00086c9c       0x59 ./source/i2s_dma_tdm_record_playback.o
 *fill*         0x00086cf5        0x3 ff
 .rodata.CLOCK_GetFRGClock.str1.4
                0x00086cf8       0x18 ./drivers/fsl_clock.o
 .rodata.CLOCK_GetFlexCommClkFreq.str1.4
                0x00086d10       0x18 ./drivers/fsl_clock.o
 .rodata.CLOCK_SetFRGClock.str1.4
                0x00086d28       0x61 ./drivers/fsl_clock.o
 *fill*         0x00086d89        0x3 ff
 .rodata.CLOCK_EnableFfroClk.str1.4
                0x00086d8c       0x93 ./drivers/fsl_clock.o
 *fill*         0x00086e1f        0x1 ff
 .rodata.CLOCK_EnableSfroClk.str1.4
                0x00086e20       0x93 ./drivers/fsl_clock.o
 *fill*         0x00086eb3        0x1 ff
 .rodata.SDK_DelayAtLeastUs.str1.4
                0x00086eb4       0x2b ./drivers/fsl_common_arm.o
 *fill*         0x00086edf        0x1 ff
 .rodata.CLOCK_EnableClock.str1.4
                0x00086ee0       0x18 ./drivers/fsl_dma.o
 .rodata.DMA_EnableChannelInterrupts.str1.4
                0x00086ef8       0x85 ./drivers/fsl_dma.o
 *fill*         0x00086f7d        0x3 ff
 .rodata.DMA_EnableChannel.str1.4
                0x00086f80       0x85 ./drivers/fsl_dma.o
 *fill*         0x00087005        0x3 ff
 .rodata.DMA_DisableChannel.str1.4
                0x00087008       0x85 ./drivers/fsl_dma.o
 *fill*         0x0008708d        0x3 ff
 .rodata.s_dmaBases
                0x00087090        0x8 ./drivers/fsl_dma.o
 .rodata.s_dmaClockName
                0x00087098        0x4 ./drivers/fsl_dma.o
 .rodata.s_dmaResets
                0x0008709c        0x4 ./drivers/fsl_dma.o
 .rodata.s_dmaIRQNumber
                0x000870a0        0x2 ./drivers/fsl_dma.o
 *fill*         0x000870a2        0x2 ff
 .rodata.DMA_GetInstance.str1.4
                0x000870a4       0x32 ./drivers/fsl_dma.o
 *fill*         0x000870d6        0x2 ff
 .rodata.DMA_SetupDescriptor.str1.4
                0x000870d8       0x79 ./drivers/fsl_dma.o
 *fill*         0x00087151        0x3 ff
 .rodata.DMA_AbortTransfer.str1.4
                0x00087154       0x1f ./drivers/fsl_dma.o
 *fill*         0x00087173        0x1 ff
 .rodata.DMA_CreateHandle.str1.4
                0x00087174       0x64 ./drivers/fsl_dma.o
 .rodata.DMA_SetCallback.str1.4
                0x000871d8       0x1f ./drivers/fsl_dma.o
 *fill*         0x000871f7        0x1 ff
 .rodata.DMA_SubmitChannelTransferParameter.str1.4
                0x000871f8       0xa1 ./drivers/fsl_dma.o
 *fill*         0x00087299        0x3 ff
 .rodata.DMA_StartTransfer.str1.4
                0x0008729c       0x76 ./drivers/fsl_dma.o
 .rodata.CLOCK_EnableClock.str1.4
                0x00087312       0x18 ./drivers/fsl_flexcomm.o
 *fill*         0x00087312        0x2 ff
 .rodata.s_flexcommBaseAddrs
                0x00087314       0x28 ./drivers/fsl_flexcomm.o
 .rodata.s_flexcommClocks
                0x0008733c       0x14 ./drivers/fsl_flexcomm.o
 .rodata.s_flexcommResets
                0x00087350       0x14 ./drivers/fsl_flexcomm.o
 .rodata.FLEXCOMM_GetInstance.str1.4
                0x00087364       0x42 ./drivers/fsl_flexcomm.o
 *fill*         0x000873a6        0x2 ff
 .rodata.FLEXCOMM0_DriverIRQHandler.str1.4
                0x000873a8       0x3c ./drivers/fsl_flexcomm.o
 .rodata.FLEXCOMM1_DriverIRQHandler.str1.4
                0x000873e4       0x3c ./drivers/fsl_flexcomm.o
 .rodata.FLEXCOMM2_DriverIRQHandler.str1.4
                0x00087420       0x3c ./drivers/fsl_flexcomm.o
 .rodata.FLEXCOMM3_DriverIRQHandler.str1.4
                0x0008745c       0x3c ./drivers/fsl_flexcomm.o
 .rodata.FLEXCOMM4_DriverIRQHandler.str1.4
                0x00087498       0x3c ./drivers/fsl_flexcomm.o
 .rodata.FLEXCOMM5_DriverIRQHandler.str1.4
                0x000874d4       0x3c ./drivers/fsl_flexcomm.o
 .rodata.FLEXCOMM6_DriverIRQHandler.str1.4
                0x00087510       0x3c ./drivers/fsl_flexcomm.o
 .rodata.FLEXCOMM7_DriverIRQHandler.str1.4
                0x0008754c       0x3c ./drivers/fsl_flexcomm.o
 .rodata.FLEXCOMM14_DriverIRQHandler.str1.4
                0x00087588       0x3c ./drivers/fsl_flexcomm.o
 .rodata.FLEXCOMM15_DriverIRQHandler.str1.4
                0x000875c4       0x3c ./drivers/fsl_flexcomm.o
 .rodata.CLOCK_EnableClock.str1.4
                0x00087600       0x18 ./drivers/fsl_gpio.o
 .rodata.s_gpioClockName
                0x00087600       0x10 ./drivers/fsl_gpio.o
 .rodata.s_gpioResets
                0x00087610       0x10 ./drivers/fsl_gpio.o
 .rodata.GPIO_EnablePortClock.str1.4
                0x00087620       0x33 ./drivers/fsl_gpio.o
 *fill*         0x00087653        0x1 ff
 .rodata.I2C_MasterSetTimeoutValue.str1.4
                0x00087654       0x3a ./drivers/fsl_i2c.o
 *fill*         0x0008768e        0x2 ff
 .rodata.I2C_MasterWriteBlocking.str1.4
                0x00087690       0x1f ./drivers/fsl_i2c.o
 *fill*         0x000876af        0x1 ff
 .rodata.I2C_MasterReadBlocking.str1.4
                0x000876b0       0x1f ./drivers/fsl_i2c.o
 *fill*         0x000876cf        0x1 ff
 .rodata.I2C_MasterTransferBlocking.str1.4
                0x000876d0       0x1d ./drivers/fsl_i2c.o
 *fill*         0x000876ed        0x3 ff
 .rodata.I2S_Config.str1.4
                0x000876f0       0x1f ./drivers/fsl_i2s.o
 *fill*         0x0008770f        0x1 ff
 .rodata.I2S_EnableSecondaryChannel.str1.4
                0x00087710       0x3c ./drivers/fsl_i2s.o
 .rodata.DMA_EnableChannelInterrupts.str1.4
                0x0008774c       0x85 ./drivers/fsl_i2s_dma.o
 .rodata.DMA_DisableChannelInterrupts.str1.4
                0x0008774c       0x85 ./drivers/fsl_i2s_dma.o
 *fill*         0x000877d1        0x3 ff
 .rodata.DMA_EnableChannelPeriphRq.str1.4
                0x000877d4       0x85 ./drivers/fsl_i2s_dma.o
 *fill*         0x00087859        0x3 ff
 .rodata.s_I2sBaseAddrs
                0x0008785c       0x20 ./drivers/fsl_i2s_dma.o
 .rodata.I2S_EnqueueUserBuffer.str1.4
                0x0008787c       0xbf ./drivers/fsl_i2s_dma.o
 *fill*         0x0008793b        0x1 ff
 .rodata.I2S_GetInstance.str1.4
                0x0008793c       0x1a ./drivers/fsl_i2s_dma.o
 *fill*         0x00087956        0x2 ff
 .rodata.I2S_TxTransferCreateHandleDMA.str1.4
                0x00087958       0x4a ./drivers/fsl_i2s_dma.o
 *fill*         0x000879a2        0x2 ff
 .rodata.I2S_TransferAbortDMA.str1.4
                0x000879a4       0x52 ./drivers/fsl_i2s_dma.o
 *fill*         0x000879f6        0x2 ff
 .rodata.I2S_GetTransferBytes.str1.4
                0x000879f8       0x25 ./drivers/fsl_i2s_dma.o
 *fill*         0x00087a1d        0x3 ff
 .rodata.RESET_SetPeripheralReset.str1.4
                0x00087a20       0x1e ./drivers/fsl_reset.o
 *fill*         0x00087a3e        0x2 ff
 .rodata.RESET_ClearPeripheralReset.str1.4
                0x00087a40       0x1f ./drivers/fsl_reset.o
 *fill*         0x00087a5f        0x1 ff
 .rodata.USART_Init.str1.4
                0x00087a60       0x4f ./drivers/fsl_usart.o
 *fill*         0x00087aaf        0x1 ff
 .rodata.USART_GetDefaultConfig.str1.4
                0x00087ab0       0x21 ./drivers/fsl_usart.o
 *fill*         0x00087ad1        0x3 ff
 .rodata.USART_SetBaudRate.str1.4
                0x00087ad4       0x53 ./drivers/fsl_usart.o
 *fill*         0x00087b27        0x1 ff
 .rodata.USART_WriteBlocking.str1.4
                0x00087b28       0x36 ./drivers/fsl_usart.o
 *fill*         0x00087b5e        0x2 ff
 .rodata.USART_ReadBlocking.str1.4
                0x00087b60       0x36 ./drivers/fsl_usart.o
 *fill*         0x00087b96        0x2 ff
 .rodata.s_UsartAdapterBase
                0x00087b98       0x20 ./component/uart/fsl_adapter_usart.o
 .rodata.HAL_UartInitCommon.str1.4
                0x00087bb8       0xeb ./component/uart/fsl_adapter_usart.o
 *fill*         0x00087ca3        0x1 ff
 .rodata.HAL_UartReceiveBlocking.str1.4
                0x00087ca4       0x65 ./component/uart/fsl_adapter_usart.o
 *fill*         0x00087d09        0x3 ff
 .rodata.HAL_UartSendBlocking.str1.4
                0x00087d0c       0x65 ./component/uart/fsl_adapter_usart.o
 *fill*         0x00087d71        0x3 ff
 .rodata.s_i2cBases
                0x00087d74       0x24 ./component/i2c/fsl_adapter_flexcomm_i2c.o
 .rodata.HAL_I2cMasterInit.str1.4
                0x00087d98       0x50 ./component/i2c/fsl_adapter_flexcomm_i2c.o
 .rodata.HAL_I2cMasterTransferBlocking.str1.4
                0x00087de8       0x4e ./component/i2c/fsl_adapter_flexcomm_i2c.o
 *fill*         0x00087e36        0x2 ff
 .rodata.s_ak4458_capability
                0x00087e38       0x10 ./codec/port/fsl_codec_ak4458_adapter.o
 .rodata.HAL_CODEC_AK4458_Init.str1.4
                0x00087e48       0x45 ./codec/port/fsl_codec_ak4458_adapter.o
 *fill*         0x00087e8d        0x3 ff
 .rodata.AK4458_Init.str1.4
                0x00087e90       0x45 ./codec/fsl_ak4458.o
 *fill*         0x00087ed5        0x3 ff
 .rodata.AK4458_WriteReg.str1.4
                0x00087ed8       0x62 ./codec/fsl_ak4458.o
 *fill*         0x00087f3a        0x2 ff
 .rodata.AK4458_ReadReg.str1.4
                0x00087f3c       0x62 ./codec/fsl_ak4458.o
 *fill*         0x00087f9e        0x2 ff
 .rodata.CODEC_Init.str1.4
                0x00087fa0       0x3d ./codec/fsl_codec_common.o
 *fill*         0x00087fdd        0x3 ff
 .rodata        0x00087fe0       0x24 ./board/board.o
 .rodata.g_sysPllConfig_BOARD_BootClockRUN
                0x00088004       0x10 ./board/clock_config.o
                0x00088004                g_sysPllConfig_BOARD_BootClockRUN
 .rodata.g_audioPllConfig_BOARD_BootClockRUN
                0x00088014       0x10 ./board/clock_config.o
                0x00088014                g_audioPllConfig_BOARD_BootClockRUN
 .rodata.__num_Ciob_streams
                0x00088024        0x4 c:/nxp/mcuxpressoide_11.7.0_9198/ide/plugins/com.nxp.mcuxpresso.tools.win32_11.7.0.202209140929/tools/bin/../lib/gcc/arm-none-eabi/10.3.1/../../../../arm-none-eabi/lib/thumb/v8-m.main+fp/hard\libcr_nohost_nf.a(__ciob.o)
                0x00088024                __num_Ciob_streams
 .rodata._initio.str1.1
                0x00088028        0x4 c:/nxp/mcuxpressoide_11.7.0_9198/ide/plugins/com.nxp.mcuxpresso.tools.win32_11.7.0.202209140929/tools/bin/../lib/gcc/arm-none-eabi/10.3.1/../../../../arm-none-eabi/lib/thumb/v8-m.main+fp/hard\libcr_c.a(initio.o)
                0x0008802c                . = ALIGN (0x4)

.glue_7         0x0008802c        0x0
 .glue_7        0x0008802c        0x0 linker stubs

.glue_7t        0x0008802c        0x0
 .glue_7t       0x0008802c        0x0 linker stubs

.vfp11_veneer   0x0008802c        0x0
 .vfp11_veneer  0x0008802c        0x0 linker stubs

.v4_bx          0x0008802c        0x0
 .v4_bx         0x0008802c        0x0 linker stubs

.iplt           0x0008802c        0x0
 .iplt          0x0008802c        0x0 ./utilities/fsl_assert.o

.rel.dyn        0x0008802c        0x0
 .rel.iplt      0x0008802c        0x0 ./utilities/fsl_assert.o

.ARM.extab
 *(SORT_BY_ALIGNMENT(.ARM.extab*) SORT_BY_ALIGNMENT(.gnu.linkonce.armextab.*))

.ARM.exidx      0x0008802c        0x0
                0x0008802c                __exidx_start = .
 *(SORT_BY_ALIGNMENT(.ARM.exidx*) SORT_BY_ALIGNMENT(.gnu.linkonce.armexidx.*))
                0x0008802c                __exidx_end = .
                0x0008802c                _etext = .

.m_usb_data
 *(SORT_BY_ALIGNMENT(m_usb_global))

.data_RAM2      0x40140000        0x0 load address 0x0008802c
 FILL mask 0xff
                [!provide]                PROVIDE (__start_data_RAM2 = .)
                [!provide]                PROVIDE (__start_data_USB_RAM = .)
 *(SORT_BY_ALIGNMENT(.ramfunc.$RAM2))
 *(SORT_BY_ALIGNMENT(.ramfunc.$USB_RAM))
 *(SORT_BY_ALIGNMENT(.data.$RAM2))
 *(SORT_BY_ALIGNMENT(.data.$USB_RAM))
 *(SORT_BY_ALIGNMENT(.data.$RAM2.*))
 *(SORT_BY_ALIGNMENT(.data.$USB_RAM.*))
                0x40140000                . = ALIGN (0x4)
                [!provide]                PROVIDE (__end_data_RAM2 = .)
                [!provide]                PROVIDE (__end_data_USB_RAM = .)

.uninit_RESERVED
                0x0008802c        0x0
                0x0008802c                _start_uninit_RESERVED = .
 *(SORT_BY_ALIGNMENT(.bss.$RESERVED*))
                0x0008802c                . = ALIGN (0x4)
                0x0008802c                _end_uninit_RESERVED = .

.data           0x0008802c     0x1198
 FILL mask 0xff
                0x0008802c                _data = .
                [!provide]                PROVIDE (__start_data_RAM = .)
                [!provide]                PROVIDE (__start_data_SRAM = .)
 *(SORT_BY_ALIGNMENT(vtable))
 *(SORT_BY_ALIGNMENT(.ramfunc*))
 *(SORT_BY_ALIGNMENT(CodeQuickAccess))
 CodeQuickAccess
                0x0008802c      0xd58 ./drivers/fsl_power.o
                0x0008802c                POWER_EnterRbb
                0x00088148                POWER_EnterFbb
                0x00088264                POWER_EnterNbb
                0x00088378                POWER_EnterDeepSleep
 CodeQuickAccess
                0x00088d84      0x3e0 ./board/board.o
                0x00088d84                BOARD_SetFlexspiClock
                0x00088e54                BOARD_DeinitXip
                0x00088eac                BOARD_InitXip
                0x00088f8c                BOARD_SetDeepSleepPinConfig
                0x000890a4                BOARD_RestoreDeepSleepPinConfig
                0x00089128                BOARD_EnterDeepSleep
                0x00089146                BOARD_EnterDeepPowerDown
 *(SORT_BY_ALIGNMENT(DataQuickAccess))
 DataQuickAccess
                0x00089164        0xc ./drivers/fsl_power.o
 DataQuickAccess
                0x00089170       0x24 ./board/board.o
 *(SORT_BY_ALIGNMENT(RamFunction))
 *(SORT_BY_ALIGNMENT(.data*))
 .data.ak4458Config
                0x00089194       0x14 ./source/i2s_dma_tdm_record_playback.o
                0x00089194                ak4458Config
 .data.AK4458PDN_config
                0x000891a8        0x2 ./source/i2s_dma_tdm_record_playback.o
                0x000891a8                AK4458PDN_config
 *fill*         0x000891aa        0x2 ff
 .data.boardCodecConfig
                0x000891ac        0x8 ./source/i2s_dma_tdm_record_playback.o
                0x000891ac                boardCodecConfig
 .data.emptyBlock
                0x000891b4        0x4 ./source/i2s_dma_tdm_record_playback.o
                0x000891b4                emptyBlock
 .data.s_dma_descriptor_table
                0x000891b8        0x8 ./drivers/fsl_dma.o
 .data.SystemCoreClock
                0x000891c0        0x4 ./MIMXRT685S/system_MIMXRT685S_cm33.o
                0x000891c0                SystemCoreClock
                0x000891c4                . = ALIGN (0x4)
                0x000891c4                _edata = .
                [!provide]                PROVIDE (__end_data_RAM = .)
                [!provide]                PROVIDE (__end_data_SRAM = .)

.igot.plt       0x000891c4        0x0
 .igot.plt      0x000891c4        0x0 ./utilities/fsl_assert.o

.bss_RAM2       0x40140000        0x0
                [!provide]                PROVIDE (__start_bss_RAM2 = .)
                [!provide]                PROVIDE (__start_bss_USB_RAM = .)
 *(SORT_BY_ALIGNMENT(.bss.$RAM2))
 *(SORT_BY_ALIGNMENT(.bss.$USB_RAM))
 *(SORT_BY_ALIGNMENT(.bss.$RAM2.*))
 *(SORT_BY_ALIGNMENT(.bss.$USB_RAM.*))
                0x40140000                . = ALIGN ((. != 0x0)?0x4:0x1)
                [!provide]                PROVIDE (__end_bss_RAM2 = .)
                [!provide]                PROVIDE (__end_bss_USB_RAM = .)

.bss            0x00089400     0x1054
                0x00089400                _bss = .
                [!provide]                PROVIDE (__start_bss_RAM = .)
                [!provide]                PROVIDE (__start_bss_SRAM = .)
 *(SORT_BY_ALIGNMENT(.bss*))
 .bss.s_dma_descriptor_table0
                0x00089400      0x210 ./drivers/fsl_dma.o
 *fill*         0x00089610      0x1f0 
 .bss.s_dma_descriptor_table1
                0x00089800      0x210 ./drivers/fsl_dma.o
 .bss.s_DmaDescriptors
                0x00089a10      0x100 ./drivers/fsl_i2s_dma.o
 .bss.s_debugConsole
                0x00089b10       0x14 ./utilities/fsl_debug_console.o
 .bss.Buffer    0x00089b24      0x400 ./source/i2s_dma_tdm_record_playback.o
 .bss.tx_index  0x00089f24        0x4 ./source/i2s_dma_tdm_record_playback.o
 .bss.rx_index  0x00089f28        0x4 ./source/i2s_dma_tdm_record_playback.o
 .bss.codecHandle
                0x00089f2c       0x74 ./source/i2s_dma_tdm_record_playback.o
                0x00089f2c                codecHandle
 .bss.s_TxConfig
                0x00089fa0       0x14 ./source/i2s_dma_tdm_record_playback.o
 .bss.s_RxConfig
                0x00089fb4       0x14 ./source/i2s_dma_tdm_record_playback.o
 .bss.s_i2sTxHandle
                0x00089fc8       0x40 ./source/i2s_dma_tdm_record_playback.o
 .bss.s_i2sRxHandle
                0x0008a008       0x40 ./source/i2s_dma_tdm_record_playback.o
 .bss.s_i2sTxDmaHandle
                0x0008a048       0x10 ./source/i2s_dma_tdm_record_playback.o
 .bss.s_i2sRxDmaHandle
                0x0008a058       0x10 ./source/i2s_dma_tdm_record_playback.o
 .bss.g_xtalFreq
                0x0008a068        0x4 ./drivers/fsl_clock.o
                0x0008a068                g_xtalFreq
 .bss.g_clkinFreq
                0x0008a06c        0x4 ./drivers/fsl_clock.o
                0x0008a06c                g_clkinFreq
 .bss.g_mclkFreq
                0x0008a070        0x4 ./drivers/fsl_clock.o
                0x0008a070                g_mclkFreq
 .bss.s_DMAHandle
                0x0008a074      0x108 ./drivers/fsl_dma.o
 .bss.s_flexcommIrqHandler
                0x0008a17c       0x28 ./drivers/fsl_flexcomm.o
 .bss.s_flexcommHandle
                0x0008a1a4       0x28 ./drivers/fsl_flexcomm.o
 .bss.s_flexspiHandle
                0x0008a1cc        0x4 ./drivers/fsl_flexspi.o
 .bss.s_flexspiIsr
                0x0008a1d0        0x4 ./drivers/fsl_flexspi.o
 .bss.s_DummyBufferTx
                0x0008a1d4        0x4 ./drivers/fsl_i2s_dma.o
 .bss.s_DummyBufferRx
                0x0008a1d8        0x4 ./drivers/fsl_i2s_dma.o
 .bss.s_DmaPrivateHandle
                0x0008a1dc      0x1c0 ./drivers/fsl_i2s_dma.o
 .bss.errno     0x0008a39c        0x4 c:/nxp/mcuxpressoide_11.7.0_9198/ide/plugins/com.nxp.mcuxpresso.tools.win32_11.7.0.202209140929/tools/bin/../lib/gcc/arm-none-eabi/10.3.1/../../../../arm-none-eabi/lib/thumb/v8-m.main+fp/hard\libcr_c.a(errno.o)
                0x0008a39c                errno
 .bss.__Ciob    0x0008a3a0       0xb4 c:/nxp/mcuxpressoide_11.7.0_9198/ide/plugins/com.nxp.mcuxpresso.tools.win32_11.7.0.202209140929/tools/bin/../lib/gcc/arm-none-eabi/10.3.1/../../../../arm-none-eabi/lib/thumb/v8-m.main+fp/hard\libcr_nohost_nf.a(__ciob.o)
                0x0008a3a0                __Ciob
 *(SORT_BY_ALIGNMENT(COMMON))
                0x0008a454                . = ALIGN (0x4)
                0x0008a454                _ebss = .
                [!provide]                PROVIDE (__end_bss_RAM = .)
                [!provide]                PROVIDE (__end_bss_SRAM = .)
                [!provide]                PROVIDE (end = .)

.noinit_RAM2    0x40140000        0x0
                [!provide]                PROVIDE (__start_noinit_RAM2 = .)
                [!provide]                PROVIDE (__start_noinit_USB_RAM = .)
 *(SORT_BY_ALIGNMENT(.noinit.$RAM2))
 *(SORT_BY_ALIGNMENT(.noinit.$USB_RAM))
 *(SORT_BY_ALIGNMENT(.noinit.$RAM2.*))
 *(SORT_BY_ALIGNMENT(.noinit.$USB_RAM.*))
                0x40140000                . = ALIGN (0x4)
                [!provide]                PROVIDE (__end_noinit_RAM2 = .)
                [!provide]                PROVIDE (__end_noinit_USB_RAM = .)

.noinit         0x0008a454        0x0
                0x0008a454                _noinit = .
                [!provide]                PROVIDE (__start_noinit_RAM = .)
                [!provide]                PROVIDE (__start_noinit_SRAM = .)
 *(SORT_BY_ALIGNMENT(.noinit*))
                0x0008a454                . = ALIGN (0x4)
                0x0008a454                _end_noinit = .
                [!provide]                PROVIDE (__end_noinit_RAM = .)
                [!provide]                PROVIDE (__end_noinit_SRAM = .)
                0x00001000                _HeapSize = 0x1000

.heap           0x0008a454     0x1000
                0x0008a454                _pvHeapStart = .
                0x0008b454                . = (. + _HeapSize)
 *fill*         0x0008a454     0x1000 
                0x0008b454                . = ALIGN (0x4)
                0x0008b454                _pvHeapLimit = .
                0x00001000                _StackSize = 0x1000

.heap2stackfill
                0x0008b454     0x1000
                0x0008c454                . = (. + _StackSize)
 *fill*         0x0008b454     0x1000 

.stack          0x001ff000        0x0
                0x001ff000                _vStackBase = .
                0x001ff000                . = ALIGN (0x4)
                0x00200000                _vStackTop = (. + _StackSize)
                0x00080000                _image_start = LOADADDR (.text)
                0x000891c4                _image_end = (LOADADDR (.data) + SIZEOF (.data))
                0x000091c4                _image_size = (_image_end - _image_start)
                0x00080000                __imghdr_loadaddress = LOADADDR (.text)
                0x00000000                __imghdr_imagetype = 0x0
OUTPUT(mimxrt685audevk_i2s_dma_tdm_record_playback.axf elf32-littlearm)
LOAD linker stubs

.debug_info     0x00000000    0x2340d
 .debug_info    0x00000000       0xa3 ./utilities/fsl_assert.o
 .debug_info    0x000000a3      0xb52 ./utilities/fsl_debug_console.o
 .debug_info    0x00000bf5     0x2b6c ./source/i2s_dma_tdm_record_playback.o
 .debug_info    0x00003761       0x3c ./source/semihost_hardfault.o
 .debug_info    0x0000379d     0x2ea8 ./drivers/fsl_clock.o
 .debug_info    0x00006645      0x5fd ./drivers/fsl_common_arm.o
 .debug_info    0x00006c42     0x286f ./drivers/fsl_dma.o
 .debug_info    0x000094b1     0x18da ./drivers/fsl_flexcomm.o
 .debug_info    0x0000ad8b     0x26de ./drivers/fsl_flexspi.o
 .debug_info    0x0000d469     0x18e7 ./drivers/fsl_gpio.o
 .debug_info    0x0000ed50     0x2240 ./drivers/fsl_i2c.o
 .debug_info    0x00010f90     0x15fa ./drivers/fsl_i2s.o
 .debug_info    0x0001258a     0x15eb ./drivers/fsl_i2s_dma.o
 .debug_info    0x00013b75     0x2ba8 ./drivers/fsl_power.o
 .debug_info    0x0001671d      0x4b6 ./drivers/fsl_reset.o
 .debug_info    0x00016bd3     0x17ae ./drivers/fsl_usart.o
 .debug_info    0x00018381      0xc3b ./component/uart/fsl_adapter_usart.o
 .debug_info    0x00018fbc     0x14eb ./component/i2c/fsl_adapter_flexcomm_i2c.o
 .debug_info    0x0001a4a7      0xcb6 ./codec/port/fsl_codec_ak4458_adapter.o
 .debug_info    0x0001b15d      0x94e ./codec/fsl_ak4458.o
 .debug_info    0x0001baab      0x897 ./codec/fsl_codec_common.o
 .debug_info    0x0001c342      0x37e ./codec/fsl_codec_i2c.o
 .debug_info    0x0001c6c0     0x36b5 ./board/board.o
 .debug_info    0x0001fd75     0x1c6a ./board/clock_config.o
 .debug_info    0x000219df      0x256 ./board/pin_mux.o
 .debug_info    0x00021c35      0x707 ./MIMXRT685S/mcuxpresso/startup_mimxrt685s.o
 .debug_info    0x0002233c     0x10d1 ./MIMXRT685S/system_MIMXRT685S_cm33.o

.debug_abbrev   0x00000000     0x394c
 .debug_abbrev  0x00000000       0x66 ./utilities/fsl_assert.o
 .debug_abbrev  0x00000066      0x22d ./utilities/fsl_debug_console.o
 .debug_abbrev  0x00000293      0x27f ./source/i2s_dma_tdm_record_playback.o
 .debug_abbrev  0x00000512       0x31 ./source/semihost_hardfault.o
 .debug_abbrev  0x00000543      0x32d ./drivers/fsl_clock.o
 .debug_abbrev  0x00000870      0x153 ./drivers/fsl_common_arm.o
 .debug_abbrev  0x000009c3      0x31e ./drivers/fsl_dma.o
 .debug_abbrev  0x00000ce1      0x290 ./drivers/fsl_flexcomm.o
 .debug_abbrev  0x00000f71      0x341 ./drivers/fsl_flexspi.o
 .debug_abbrev  0x000012b2      0x247 ./drivers/fsl_gpio.o
 .debug_abbrev  0x000014f9      0x351 ./drivers/fsl_i2c.o
 .debug_abbrev  0x0000184a      0x2cf ./drivers/fsl_i2s.o
 .debug_abbrev  0x00001b19      0x314 ./drivers/fsl_i2s_dma.o
 .debug_abbrev  0x00001e2d      0x405 ./drivers/fsl_power.o
 .debug_abbrev  0x00002232      0x10a ./drivers/fsl_reset.o
 .debug_abbrev  0x0000233c      0x2f6 ./drivers/fsl_usart.o
 .debug_abbrev  0x00002632      0x1cb ./component/uart/fsl_adapter_usart.o
 .debug_abbrev  0x000027fd      0x21d ./component/i2c/fsl_adapter_flexcomm_i2c.o
 .debug_abbrev  0x00002a1a      0x176 ./codec/port/fsl_codec_ak4458_adapter.o
 .debug_abbrev  0x00002b90      0x1e0 ./codec/fsl_ak4458.o
 .debug_abbrev  0x00002d70      0x184 ./codec/fsl_codec_common.o
 .debug_abbrev  0x00002ef4       0xef ./codec/fsl_codec_i2c.o
 .debug_abbrev  0x00002fe3      0x30e ./board/board.o
 .debug_abbrev  0x000032f1      0x1f0 ./board/clock_config.o
 .debug_abbrev  0x000034e1      0x16f ./board/pin_mux.o
 .debug_abbrev  0x00003650      0x165 ./MIMXRT685S/mcuxpresso/startup_mimxrt685s.o
 .debug_abbrev  0x000037b5      0x197 ./MIMXRT685S/system_MIMXRT685S_cm33.o

.debug_aranges  0x00000000     0x1318
 .debug_aranges
                0x00000000       0x20 ./utilities/fsl_assert.o
 .debug_aranges
                0x00000020       0x68 ./utilities/fsl_debug_console.o
 .debug_aranges
                0x00000088       0x50 ./source/i2s_dma_tdm_record_playback.o
 .debug_aranges
                0x000000d8       0x20 ./source/semihost_hardfault.o
 .debug_aranges
                0x000000f8      0x198 ./drivers/fsl_clock.o
 .debug_aranges
                0x00000290       0x38 ./drivers/fsl_common_arm.o
 .debug_aranges
                0x000002c8      0x138 ./drivers/fsl_dma.o
 .debug_aranges
                0x00000400       0x98 ./drivers/fsl_flexcomm.o
 .debug_aranges
                0x00000498       0xf8 ./drivers/fsl_flexspi.o
 .debug_aranges
                0x00000590       0x78 ./drivers/fsl_gpio.o
 .debug_aranges
                0x00000608      0x1a0 ./drivers/fsl_i2c.o
 .debug_aranges
                0x000007a8      0x100 ./drivers/fsl_i2s.o
 .debug_aranges
                0x000008a8       0xe0 ./drivers/fsl_i2s_dma.o
 .debug_aranges
                0x00000988      0x178 ./drivers/fsl_power.o
 .debug_aranges
                0x00000b00       0x30 ./drivers/fsl_reset.o
 .debug_aranges
                0x00000b30       0xf8 ./drivers/fsl_usart.o
 .debug_aranges
                0x00000c28       0x58 ./component/uart/fsl_adapter_usart.o
 .debug_aranges
                0x00000c80       0xb8 ./component/i2c/fsl_adapter_flexcomm_i2c.o
 .debug_aranges
                0x00000d38       0x68 ./codec/port/fsl_codec_ak4458_adapter.o
 .debug_aranges
                0x00000da0       0x78 ./codec/fsl_ak4458.o
 .debug_aranges
                0x00000e18       0xb8 ./codec/fsl_codec_common.o
 .debug_aranges
                0x00000ed0       0x38 ./codec/fsl_codec_i2c.o
 .debug_aranges
                0x00000f08       0xe0 ./board/board.o
 .debug_aranges
                0x00000fe8       0x48 ./board/clock_config.o
 .debug_aranges
                0x00001030       0x40 ./board/pin_mux.o
 .debug_aranges
                0x00001070      0x268 ./MIMXRT685S/mcuxpresso/startup_mimxrt685s.o
 .debug_aranges
                0x000012d8       0x40 ./MIMXRT685S/system_MIMXRT685S_cm33.o

.debug_ranges   0x00000000     0x11b0
 .debug_ranges  0x00000000       0x10 ./utilities/fsl_assert.o
 .debug_ranges  0x00000010       0x58 ./utilities/fsl_debug_console.o
 .debug_ranges  0x00000068       0x40 ./source/i2s_dma_tdm_record_playback.o
 .debug_ranges  0x000000a8       0x10 ./source/semihost_hardfault.o
 .debug_ranges  0x000000b8      0x188 ./drivers/fsl_clock.o
 .debug_ranges  0x00000240       0x28 ./drivers/fsl_common_arm.o
 .debug_ranges  0x00000268      0x128 ./drivers/fsl_dma.o
 .debug_ranges  0x00000390       0x88 ./drivers/fsl_flexcomm.o
 .debug_ranges  0x00000418       0xe8 ./drivers/fsl_flexspi.o
 .debug_ranges  0x00000500       0x68 ./drivers/fsl_gpio.o
 .debug_ranges  0x00000568      0x1d8 ./drivers/fsl_i2c.o
 .debug_ranges  0x00000740       0xf0 ./drivers/fsl_i2s.o
 .debug_ranges  0x00000830       0xd0 ./drivers/fsl_i2s_dma.o
 .debug_ranges  0x00000900      0x168 ./drivers/fsl_power.o
 .debug_ranges  0x00000a68       0x20 ./drivers/fsl_reset.o
 .debug_ranges  0x00000a88       0xe8 ./drivers/fsl_usart.o
 .debug_ranges  0x00000b70       0x48 ./component/uart/fsl_adapter_usart.o
 .debug_ranges  0x00000bb8       0xa8 ./component/i2c/fsl_adapter_flexcomm_i2c.o
 .debug_ranges  0x00000c60       0x58 ./codec/port/fsl_codec_ak4458_adapter.o
 .debug_ranges  0x00000cb8       0x68 ./codec/fsl_ak4458.o
 .debug_ranges  0x00000d20       0xa8 ./codec/fsl_codec_common.o
 .debug_ranges  0x00000dc8       0x28 ./codec/fsl_codec_i2c.o
 .debug_ranges  0x00000df0       0xd0 ./board/board.o
 .debug_ranges  0x00000ec0       0x38 ./board/clock_config.o
 .debug_ranges  0x00000ef8       0x30 ./board/pin_mux.o
 .debug_ranges  0x00000f28      0x258 ./MIMXRT685S/mcuxpresso/startup_mimxrt685s.o
 .debug_ranges  0x00001180       0x30 ./MIMXRT685S/system_MIMXRT685S_cm33.o

.debug_macro    0x00000000    0x2358a
 .debug_macro   0x00000000      0x155 ./utilities/fsl_assert.o
 .debug_macro   0x00000155      0xac6 ./utilities/fsl_assert.o
 .debug_macro   0x00000c1b       0x10 ./utilities/fsl_assert.o
 .debug_macro   0x00000c2b       0x1c ./utilities/fsl_assert.o
 .debug_macro   0x00000c47       0x22 ./utilities/fsl_assert.o
 .debug_macro   0x00000c69      0x12e ./utilities/fsl_assert.o
 .debug_macro   0x00000d97      0x5b3 ./utilities/fsl_assert.o
 .debug_macro   0x0000134a       0x22 ./utilities/fsl_assert.o
 .debug_macro   0x0000136c       0x10 ./utilities/fsl_assert.o
 .debug_macro   0x0000137c       0x46 ./utilities/fsl_assert.o
 .debug_macro   0x000013c2       0x1c ./utilities/fsl_assert.o
 .debug_macro   0x000013de       0x29 ./utilities/fsl_assert.o
 .debug_macro   0x00001407       0xfb ./utilities/fsl_assert.o
 .debug_macro   0x00001502     0x167e ./utilities/fsl_assert.o
 .debug_macro   0x00002b80       0x5e ./utilities/fsl_assert.o
 .debug_macro   0x00002bde       0x3a ./utilities/fsl_assert.o
 .debug_macro   0x00002c18    0x1cce5 ./utilities/fsl_assert.o
 .debug_macro   0x0001f8fd      0x566 ./utilities/fsl_assert.o
 .debug_macro   0x0001fe63       0x7a ./utilities/fsl_assert.o
 .debug_macro   0x0001fedd       0xa8 ./utilities/fsl_assert.o
 .debug_macro   0x0001ff85       0x16 ./utilities/fsl_assert.o
 .debug_macro   0x0001ff9b       0xc4 ./utilities/fsl_assert.o
 .debug_macro   0x0002005f      0x340 ./utilities/fsl_assert.o
 .debug_macro   0x0002039f       0x1c ./utilities/fsl_assert.o
 .debug_macro   0x000203bb       0x1c ./utilities/fsl_assert.o
 .debug_macro   0x000203d7       0x34 ./utilities/fsl_assert.o
 .debug_macro   0x0002040b      0x185 ./utilities/fsl_debug_console.o
 .debug_macro   0x00020590       0x16 ./utilities/fsl_debug_console.o
 .debug_macro   0x000205a6       0x10 ./utilities/fsl_debug_console.o
 .debug_macro   0x000205b6       0x28 ./utilities/fsl_debug_console.o
 .debug_macro   0x000205de       0xc4 ./utilities/fsl_debug_console.o
 .debug_macro   0x000206a2       0x16 ./utilities/fsl_debug_console.o
 .debug_macro   0x000206b8       0x46 ./utilities/fsl_debug_console.o
 .debug_macro   0x000206fe      0x28c ./source/i2s_dma_tdm_record_playback.o
 .debug_macro   0x0002098a       0xd8 ./source/i2s_dma_tdm_record_playback.o
 .debug_macro   0x00020a62       0xa0 ./source/i2s_dma_tdm_record_playback.o
 .debug_macro   0x00020b02       0x1c ./source/i2s_dma_tdm_record_playback.o
 .debug_macro   0x00020b1e       0x28 ./source/i2s_dma_tdm_record_playback.o
 .debug_macro   0x00020b46      0x244 ./source/i2s_dma_tdm_record_playback.o
 .debug_macro   0x00020d8a       0x10 ./source/i2s_dma_tdm_record_playback.o
 .debug_macro   0x00020d9a       0x64 ./source/i2s_dma_tdm_record_playback.o
 .debug_macro   0x00020dfe       0x16 ./source/i2s_dma_tdm_record_playback.o
 .debug_macro   0x00020e14       0x24 ./source/i2s_dma_tdm_record_playback.o
 .debug_macro   0x00020e38      0x4c2 ./source/i2s_dma_tdm_record_playback.o
 .debug_macro   0x000212fa       0x10 ./source/i2s_dma_tdm_record_playback.o
 .debug_macro   0x0002130a       0x11 ./source/semihost_hardfault.o
 .debug_macro   0x0002131b      0x18c ./drivers/fsl_clock.o
 .debug_macro   0x000214a7      0x144 ./drivers/fsl_common_arm.o
 .debug_macro   0x000215eb      0x153 ./drivers/fsl_dma.o
 .debug_macro   0x0002173e       0x5e ./drivers/fsl_dma.o
 .debug_macro   0x0002179c      0x14d ./drivers/fsl_flexcomm.o
 .debug_macro   0x000218e9      0x164 ./drivers/fsl_flexspi.o
 .debug_macro   0x00021a4d       0x16 ./drivers/fsl_flexspi.o
 .debug_macro   0x00021a63       0x1c ./drivers/fsl_flexspi.o
 .debug_macro   0x00021a7f       0x16 ./drivers/fsl_flexspi.o
 .debug_macro   0x00021a95      0x153 ./drivers/fsl_gpio.o
 .debug_macro   0x00021be8       0x22 ./drivers/fsl_gpio.o
 .debug_macro   0x00021c0a      0x15b ./drivers/fsl_i2c.o
 .debug_macro   0x00021d65       0x4c ./drivers/fsl_i2c.o
 .debug_macro   0x00021db1      0x198 ./drivers/fsl_i2s.o
 .debug_macro   0x00021f49       0x10 ./drivers/fsl_i2s.o
 .debug_macro   0x00021f59      0x181 ./drivers/fsl_i2s_dma.o
 .debug_macro   0x000220da      0x1ea ./drivers/fsl_power.o
 .debug_macro   0x000222c4       0x4d ./drivers/fsl_power.o
 .debug_macro   0x00022311      0x144 ./drivers/fsl_reset.o
 .debug_macro   0x00022455      0x15c ./drivers/fsl_usart.o
 .debug_macro   0x000225b1       0x1c ./drivers/fsl_usart.o
 .debug_macro   0x000225cd      0x159 ./component/uart/fsl_adapter_usart.o
 .debug_macro   0x00022726       0x22 ./component/uart/fsl_adapter_usart.o
 .debug_macro   0x00022748      0x150 ./component/i2c/fsl_adapter_flexcomm_i2c.o
 .debug_macro   0x00022898       0x52 ./component/i2c/fsl_adapter_flexcomm_i2c.o
 .debug_macro   0x000228ea      0x19b ./codec/port/fsl_codec_ak4458_adapter.o
 .debug_macro   0x00022a85      0x166 ./codec/fsl_ak4458.o
 .debug_macro   0x00022beb      0x1b5 ./codec/fsl_codec_common.o
 .debug_macro   0x00022da0      0x157 ./codec/fsl_codec_i2c.o
 .debug_macro   0x00022ef7      0x1b4 ./board/board.o
 .debug_macro   0x000230ab       0x22 ./board/board.o
 .debug_macro   0x000230cd       0x1c ./board/board.o
 .debug_macro   0x000230e9       0x22 ./board/board.o
 .debug_macro   0x0002310b      0x164 ./board/clock_config.o
 .debug_macro   0x0002326f       0x47 ./board/clock_config.o
 .debug_macro   0x000232b6      0x150 ./board/pin_mux.o
 .debug_macro   0x00023406       0xac ./board/pin_mux.o
 .debug_macro   0x000234b2       0x29 ./MIMXRT685S/mcuxpresso/startup_mimxrt685s.o
 .debug_macro   0x000234db       0xaf ./MIMXRT685S/system_MIMXRT685S_cm33.o

.debug_line     0x00000000    0x10384
 .debug_line    0x00000000      0x438 ./utilities/fsl_assert.o
 .debug_line    0x00000438      0x8d7 ./utilities/fsl_debug_console.o
 .debug_line    0x00000d0f      0x8b7 ./source/i2s_dma_tdm_record_playback.o
 .debug_line    0x000015c6       0x59 ./source/semihost_hardfault.o
 .debug_line    0x0000161f     0x1531 ./drivers/fsl_clock.o
 .debug_line    0x00002b50      0x442 ./drivers/fsl_common_arm.o
 .debug_line    0x00002f92      0xf88 ./drivers/fsl_dma.o
 .debug_line    0x00003f1a      0x715 ./drivers/fsl_flexcomm.o
 .debug_line    0x0000462f     0x119e ./drivers/fsl_flexspi.o
 .debug_line    0x000057cd      0x669 ./drivers/fsl_gpio.o
 .debug_line    0x00005e36     0x13ac ./drivers/fsl_i2c.o
 .debug_line    0x000071e2      0xf08 ./drivers/fsl_i2s.o
 .debug_line    0x000080ea      0xca0 ./drivers/fsl_i2s_dma.o
 .debug_line    0x00008d8a     0x1517 ./drivers/fsl_power.o
 .debug_line    0x0000a2a1      0x5a4 ./drivers/fsl_reset.o
 .debug_line    0x0000a845      0xff2 ./drivers/fsl_usart.o
 .debug_line    0x0000b837      0x607 ./component/uart/fsl_adapter_usart.o
 .debug_line    0x0000be3e      0x881 ./component/i2c/fsl_adapter_flexcomm_i2c.o
 .debug_line    0x0000c6bf      0x6c0 ./codec/port/fsl_codec_ak4458_adapter.o
 .debug_line    0x0000cd7f      0x7e6 ./codec/fsl_ak4458.o
 .debug_line    0x0000d565      0x8bf ./codec/fsl_codec_common.o
 .debug_line    0x0000de24      0x4f7 ./codec/fsl_codec_i2c.o
 .debug_line    0x0000e31b      0xab6 ./board/board.o
 .debug_line    0x0000edd1      0x4f4 ./board/clock_config.o
 .debug_line    0x0000f2c5      0x4e9 ./board/pin_mux.o
 .debug_line    0x0000f7ae      0x6b6 ./MIMXRT685S/mcuxpresso/startup_mimxrt685s.o
 .debug_line    0x0000fe64      0x520 ./MIMXRT685S/system_MIMXRT685S_cm33.o

.debug_str      0x00000000   0x13ee57
 .debug_str     0x00000000   0x12bb99 ./utilities/fsl_assert.o
                             0x12bc17 (size before relaxing)
 .debug_str     0x0012bb99     0x1643 ./utilities/fsl_debug_console.o
                             0x12d2b8 (size before relaxing)
 .debug_str     0x0012d1dc     0x65fd ./source/i2s_dma_tdm_record_playback.o
                             0x132d0c (size before relaxing)
 .debug_str     0x001337d9       0x31 ./source/semihost_hardfault.o
                               0x2e5f (size before relaxing)
 .debug_str     0x0013380a     0x12be ./drivers/fsl_clock.o
                             0x12f459 (size before relaxing)
 .debug_str     0x00134ac8      0x3a5 ./drivers/fsl_common_arm.o
                             0x12bdf3 (size before relaxing)
 .debug_str     0x00134e6d     0x128b ./drivers/fsl_dma.o
                             0x12ea25 (size before relaxing)
 .debug_str     0x001360f8      0x31c ./drivers/fsl_flexcomm.o
                             0x12db78 (size before relaxing)
 .debug_str     0x00136414     0x10aa ./drivers/fsl_flexspi.o
                             0x12e4ce (size before relaxing)
 .debug_str     0x001374be      0x1cc ./drivers/fsl_gpio.o
                             0x12d6f0 (size before relaxing)
 .debug_str     0x0013768a     0x1167 ./drivers/fsl_i2c.o
                             0x12ddc7 (size before relaxing)
 .debug_str     0x001387f1      0x48a ./drivers/fsl_i2s.o
                             0x12d287 (size before relaxing)
 .debug_str     0x00138c7b      0x48d ./drivers/fsl_i2s_dma.o
                             0x12d45d (size before relaxing)
 .debug_str     0x00139108     0x1be3 ./drivers/fsl_power.o
                             0x12ef4f (size before relaxing)
 .debug_str     0x0013aceb      0x13c ./drivers/fsl_reset.o
                             0x12c0a4 (size before relaxing)
 .debug_str     0x0013ae27      0xcc2 ./drivers/fsl_usart.o
                             0x12d87b (size before relaxing)
 .debug_str     0x0013bae9      0x10a ./component/uart/fsl_adapter_usart.o
                             0x12cfe1 (size before relaxing)
 .debug_str     0x0013bbf3      0x62e ./component/i2c/fsl_adapter_flexcomm_i2c.o
                             0x12d4ed (size before relaxing)
 .debug_str     0x0013c221      0x7d9 ./codec/port/fsl_codec_ak4458_adapter.o
                             0x12eced (size before relaxing)
 .debug_str     0x0013c9fa      0x1b9 ./codec/fsl_ak4458.o
                             0x12dcf0 (size before relaxing)
 .debug_str     0x0013cbb3      0x33f ./codec/fsl_codec_common.o
                             0x12df4a (size before relaxing)
 .debug_str     0x0013cef2      0x142 ./codec/fsl_codec_i2c.o
                             0x12bea0 (size before relaxing)
 .debug_str     0x0013d034     0x11f2 ./board/board.o
                             0x132118 (size before relaxing)
 .debug_str     0x0013e226       0x95 ./board/clock_config.o
                             0x12edb2 (size before relaxing)
 .debug_str     0x0013e2bb      0x3e2 ./board/pin_mux.o
                             0x12bffc (size before relaxing)
 .debug_str     0x0013e69d      0x664 ./MIMXRT685S/mcuxpresso/startup_mimxrt685s.o
                               0x3500 (size before relaxing)
 .debug_str     0x0013ed01      0x156 ./MIMXRT685S/system_MIMXRT685S_cm33.o
                             0x1298cb (size before relaxing)

.comment        0x00000000       0x49
 .comment       0x00000000       0x49 ./utilities/fsl_assert.o
                                 0x4a (size before relaxing)
 .comment       0x00000049       0x4a ./utilities/fsl_debug_console.o
 .comment       0x00000049       0x4a ./source/i2s_dma_tdm_record_playback.o
 .comment       0x00000049       0x4a ./source/semihost_hardfault.o
 .comment       0x00000049       0x4a ./drivers/fsl_clock.o
 .comment       0x00000049       0x4a ./drivers/fsl_common_arm.o
 .comment       0x00000049       0x4a ./drivers/fsl_dma.o
 .comment       0x00000049       0x4a ./drivers/fsl_flexcomm.o
 .comment       0x00000049       0x4a ./drivers/fsl_flexspi.o
 .comment       0x00000049       0x4a ./drivers/fsl_gpio.o
 .comment       0x00000049       0x4a ./drivers/fsl_i2c.o
 .comment       0x00000049       0x4a ./drivers/fsl_i2s.o
 .comment       0x00000049       0x4a ./drivers/fsl_i2s_dma.o
 .comment       0x00000049       0x4a ./drivers/fsl_power.o
 .comment       0x00000049       0x4a ./drivers/fsl_reset.o
 .comment       0x00000049       0x4a ./drivers/fsl_usart.o
 .comment       0x00000049       0x4a ./component/uart/fsl_adapter_usart.o
 .comment       0x00000049       0x4a ./component/i2c/fsl_adapter_flexcomm_i2c.o
 .comment       0x00000049       0x4a ./codec/port/fsl_codec_ak4458_adapter.o
 .comment       0x00000049       0x4a ./codec/fsl_ak4458.o
 .comment       0x00000049       0x4a ./codec/fsl_codec_common.o
 .comment       0x00000049       0x4a ./codec/fsl_codec_i2c.o
 .comment       0x00000049       0x4a ./board/board.o
 .comment       0x00000049       0x4a ./board/clock_config.o
 .comment       0x00000049       0x4a ./board/pin_mux.o
 .comment       0x00000049       0x4a ./MIMXRT685S/mcuxpresso/startup_mimxrt685s.o
 .comment       0x00000049       0x4a ./MIMXRT685S/system_MIMXRT685S_cm33.o
 .comment       0x00000049       0x4a c:/nxp/mcuxpressoide_11.7.0_9198/ide/plugins/com.nxp.mcuxpresso.tools.win32_11.7.0.202209140929/tools/bin/../lib/gcc/arm-none-eabi/10.3.1/../../../../arm-none-eabi/lib/thumb/v8-m.main+fp/hard\libcr_nohost_nf.a(_cr__main.o)
 .comment       0x00000049       0x4a c:/nxp/mcuxpressoide_11.7.0_9198/ide/plugins/com.nxp.mcuxpresso.tools.win32_11.7.0.202209140929/tools/bin/../lib/gcc/arm-none-eabi/10.3.1/../../../../arm-none-eabi/lib/thumb/v8-m.main+fp/hard\libcr_c.a(memcpy.o)
 .comment       0x00000049       0x4a c:/nxp/mcuxpressoide_11.7.0_9198/ide/plugins/com.nxp.mcuxpresso.tools.win32_11.7.0.202209140929/tools/bin/../lib/gcc/arm-none-eabi/10.3.1/../../../../arm-none-eabi/lib/thumb/v8-m.main+fp/hard\libcr_c.a(memset.o)
 .comment       0x00000049       0x4a c:/nxp/mcuxpressoide_11.7.0_9198/ide/plugins/com.nxp.mcuxpresso.tools.win32_11.7.0.202209140929/tools/bin/../lib/gcc/arm-none-eabi/10.3.1/../../../../arm-none-eabi/lib/thumb/v8-m.main+fp/hard\libcr_c.a(alloc.o)