Archive member included to satisfy reference by file (symbol)

c:/nxp/mcuxpressoide_11.7.0_9198/ide/plugins/com.nxp.mcuxpresso.tools.win32_11.7.0.202209140929/tools/bin/../lib/gcc/arm-none-eabi/10.3.1/../../../../arm-none-eabi/lib/thumb/v8-m.main+fp/hard\libcr_nohost_nf.a(_cr__main.o)
                              ./MIMXRT685S/mcuxpresso/startup_mimxrt685s.o (__main)
c:/nxp/mcuxpressoide_11.7.0_9198/ide/plugins/com.nxp.mcuxpresso.tools.win32_11.7.0.202209140929/tools/bin/../lib/gcc/arm-none-eabi/10.3.1/../../../../arm-none-eabi/lib/thumb/v8-m.main+fp/hard\libcr_c.a(memcpy.o)
                              ./utilities/fsl_debug_console.o (memcpy)
c:/nxp/mcuxpressoide_11.7.0_9198/ide/plugins/com.nxp.mcuxpresso.tools.win32_11.7.0.202209140929/tools/bin/../lib/gcc/arm-none-eabi/10.3.1/../../../../arm-none-eabi/lib/thumb/v8-m.main+fp/hard\libcr_c.a(memset.o)
                              ./drivers/fsl_cache.o (memset)
c:/nxp/mcuxpressoide_11.7.0_9198/ide/plugins/com.nxp.mcuxpresso.tools.win32_11.7.0.202209140929/tools/bin/../lib/gcc/arm-none-eabi/10.3.1/../../../../arm-none-eabi/lib/thumb/v8-m.main+fp/hard\libcr_c.a(alloc.o)
                              ./drivers/fsl_common.o (malloc)
c:/nxp/mcuxpressoide_11.7.0_9198/ide/plugins/com.nxp.mcuxpresso.tools.win32_11.7.0.202209140929/tools/bin/../lib/gcc/arm-none-eabi/10.3.1/../../../../arm-none-eabi/lib/thumb/v8-m.main+fp/hard\libcr_c.a(errno.o)
                              ./utilities/fsl_str.o (errno)
c:/nxp/mcuxpressoide_11.7.0_9198/ide/plugins/com.nxp.mcuxpresso.tools.win32_11.7.0.202209140929/tools/bin/../lib/gcc/arm-none-eabi/10.3.1/../../../../arm-none-eabi/lib/thumb/v8-m.main+fp/hard\libcr_c.a(initio.o)
                              c:/nxp/mcuxpressoide_11.7.0_9198/ide/plugins/com.nxp.mcuxpresso.tools.win32_11.7.0.202209140929/tools/bin/../lib/gcc/arm-none-eabi/10.3.1/../../../../arm-none-eabi/lib/thumb/v8-m.main+fp/hard\libcr_nohost_nf.a(_cr__main.o) (_initio)
c:/nxp/mcuxpressoide_11.7.0_9198/ide/plugins/com.nxp.mcuxpresso.tools.win32_11.7.0.202209140929/tools/bin/../lib/gcc/arm-none-eabi/10.3.1/../../../../arm-none-eabi/lib/thumb/v8-m.main+fp/hard\libcr_c.a(scanf.o)
                              ./utilities/fsl_str.o (strtoul)
c:/nxp/mcuxpressoide_11.7.0_9198/ide/plugins/com.nxp.mcuxpresso.tools.win32_11.7.0.202209140929/tools/bin/../lib/gcc/arm-none-eabi/10.3.1/../../../../arm-none-eabi/lib/thumb/v8-m.main+fp/hard\libcr_c.a(setvbuf.o)
                              c:/nxp/mcuxpressoide_11.7.0_9198/ide/plugins/com.nxp.mcuxpresso.tools.win32_11.7.0.202209140929/tools/bin/../lib/gcc/arm-none-eabi/10.3.1/../../../../arm-none-eabi/lib/thumb/v8-m.main+fp/hard\libcr_c.a(initio.o) (setvbuf)
c:/nxp/mcuxpressoide_11.7.0_9198/ide/plugins/com.nxp.mcuxpresso.tools.win32_11.7.0.202209140929/tools/bin/../lib/gcc/arm-none-eabi/10.3.1/../../../../arm-none-eabi/lib/thumb/v8-m.main+fp/hard\libcr_c.a(strlen.o)
                              ./utilities/fsl_debug_console.o (strlen)
c:/nxp/mcuxpressoide_11.7.0_9198/ide/plugins/com.nxp.mcuxpresso.tools.win32_11.7.0.202209140929/tools/bin/../lib/gcc/arm-none-eabi/10.3.1/../../../../arm-none-eabi/lib/thumb/v8-m.main+fp/hard\libcr_c.a(ungetc.o)
                              c:/nxp/mcuxpressoide_11.7.0_9198/ide/plugins/com.nxp.mcuxpresso.tools.win32_11.7.0.202209140929/tools/bin/../lib/gcc/arm-none-eabi/10.3.1/../../../../arm-none-eabi/lib/thumb/v8-m.main+fp/hard\libcr_c.a(scanf.o) (ungetc)
c:/nxp/mcuxpressoide_11.7.0_9198/ide/plugins/com.nxp.mcuxpresso.tools.win32_11.7.0.202209140929/tools/bin/../lib/gcc/arm-none-eabi/10.3.1/../../../../arm-none-eabi/lib/thumb/v8-m.main+fp/hard\libcr_c.a(__fillbuf.o)
                              c:/nxp/mcuxpressoide_11.7.0_9198/ide/plugins/com.nxp.mcuxpresso.tools.win32_11.7.0.202209140929/tools/bin/../lib/gcc/arm-none-eabi/10.3.1/../../../../arm-none-eabi/lib/thumb/v8-m.main+fp/hard\libcr_c.a(scanf.o) (__filbuf)
c:/nxp/mcuxpressoide_11.7.0_9198/ide/plugins/com.nxp.mcuxpresso.tools.win32_11.7.0.202209140929/tools/bin/../lib/gcc/arm-none-eabi/10.3.1/../../../../arm-none-eabi/lib/thumb/v8-m.main+fp/hard\libcr_c.a(__init_alloc.o)
                              c:/nxp/mcuxpressoide_11.7.0_9198/ide/plugins/com.nxp.mcuxpresso.tools.win32_11.7.0.202209140929/tools/bin/../lib/gcc/arm-none-eabi/10.3.1/../../../../arm-none-eabi/lib/thumb/v8-m.main+fp/hard\libcr_c.a(alloc.o) (__heaps)
c:/nxp/mcuxpressoide_11.7.0_9198/ide/plugins/com.nxp.mcuxpresso.tools.win32_11.7.0.202209140929/tools/bin/../lib/gcc/arm-none-eabi/10.3.1/../../../../arm-none-eabi/lib/thumb/v8-m.main+fp/hard\libcr_c.a(_cr_sbrk.o)
                              c:/nxp/mcuxpressoide_11.7.0_9198/ide/plugins/com.nxp.mcuxpresso.tools.win32_11.7.0.202209140929/tools/bin/../lib/gcc/arm-none-eabi/10.3.1/../../../../arm-none-eabi/lib/thumb/v8-m.main+fp/hard\libcr_c.a(alloc.o) (_sbrk)
[...]
Memory Configuration

Name             Origin             Length             Attributes
QSPI_FLASH       0x08000000         0x00800000         xr
SRAM             0x00080000         0x00180000         xrw
USB_RAM          0x40140000         0x00004000         xrw
*default*        0x00000000         0xffffffff

Linker script and memory map

LOAD ./utilities/fsl_assert.o
LOAD ./utilities/fsl_debug_console.o
LOAD ./utilities/fsl_str.o
LOAD ./source/i2s_dma_tdm_record_playback.o
LOAD ./source/semihost_hardfault.o
LOAD ./flash_config/flash_config.o
LOAD ./drivers/fsl_cache.o
LOAD ./drivers/fsl_clock.o
LOAD ./drivers/fsl_common.o
LOAD ./drivers/fsl_common_arm.o
LOAD ./drivers/fsl_dma.o
LOAD ./drivers/fsl_flexcomm.o
LOAD ./drivers/fsl_flexspi.o
LOAD ./drivers/fsl_gpio.o
LOAD ./drivers/fsl_i2c.o
LOAD ./drivers/fsl_i2s.o
LOAD ./drivers/fsl_i2s_dma.o
LOAD ./drivers/fsl_inputmux.o
LOAD ./drivers/fsl_power.o
LOAD ./drivers/fsl_reset.o
LOAD ./drivers/fsl_usart.o
LOAD ./component/uart/fsl_adapter_usart.o
LOAD ./component/lists/fsl_component_generic_list.o
LOAD ./component/i2c/fsl_adapter_flexcomm_i2c.o
LOAD ./codec/port/fsl_codec_ak4458_adapter.o
LOAD ./codec/fsl_ak4458.o
LOAD ./codec/fsl_codec_common.o
LOAD ./codec/fsl_codec_i2c.o
LOAD ./board/board.o
LOAD ./board/clock_config.o
LOAD ./board/pin_mux.o
LOAD ./MIMXRT685S/mcuxpresso/startup_mimxrt685s.o
LOAD ./MIMXRT685S/system_MIMXRT685S_cm33.o
START GROUP
LOAD c:/nxp/mcuxpressoide_11.7.0_9198/ide/plugins/com.nxp.mcuxpresso.tools.win32_11.7.0.202209140929/tools/bin/../lib/gcc/arm-none-eabi/10.3.1/../../../../arm-none-eabi/lib/thumb/v8-m.main+fp/hard\libcr_nohost_nf.a
LOAD c:/nxp/mcuxpressoide_11.7.0_9198/ide/plugins/com.nxp.mcuxpresso.tools.win32_11.7.0.202209140929/tools/bin/../lib/gcc/arm-none-eabi/10.3.1/../../../../arm-none-eabi/lib/thumb/v8-m.main+fp/hard\libcr_c.a
LOAD c:/nxp/mcuxpressoide_11.7.0_9198/ide/plugins/com.nxp.mcuxpresso.tools.win32_11.7.0.202209140929/tools/bin/../lib/gcc/arm-none-eabi/10.3.1/thumb/v8-m.main+fp/hard\libcr_eabihelpers.a
LOAD c:/nxp/mcuxpressoide_11.7.0_9198/ide/plugins/com.nxp.mcuxpresso.tools.win32_11.7.0.202209140929/tools/bin/../lib/gcc/arm-none-eabi/10.3.1/thumb/v8-m.main+fp/hard\libgcc.a
END GROUP
                0x08000000                __base_QSPI_FLASH = 0x8000000
                0x08000000                __base_Flash = 0x8000000
                0x08800000                __top_QSPI_FLASH = 0x8800000
                0x08800000                __top_Flash = 0x8800000
                0x00080000                __base_SRAM = 0x80000
                0x00080000                __base_RAM = 0x80000
                0x00200000                __top_SRAM = 0x200000
                0x00200000                __top_RAM = 0x200000
                0x40140000                __base_USB_RAM = 0x40140000
                0x40140000                __base_RAM2 = 0x40140000
                0x40144000                __top_USB_RAM = 0x40144000
                0x40144000                __top_RAM2 = 0x40144000

.boot_hdr       0x08000000     0x1000
 FILL mask 0x00
                0x08000000                __boot_hdr_start__ = ABSOLUTE (.)
                0x00000400                . = 0x400
 *fill*         0x08000000      0x400 00
                0x08000400                __flash_conf_hdr_start__ = ABSOLUTE (.)
 *(SORT_BY_ALIGNMENT(.flash_conf))
 .flash_conf    0x08000400      0x200 ./flash_config/flash_config.o
                0x08000400                flexspi_config
                0x08000600                __flash_conf_hdr_end__ = ABSOLUTE (.)
                0x00001000                . = 0x1000
 *fill*         0x08000600      0xa00 00
                0x08001000                __boot_hdr_end__ = ABSOLUTE (.)

.text           0x08001000     0x6f04
 FILL mask 0xff
                0x08001000                __vectors_start__ = ABSOLUTE (.)
 *(SORT_BY_ALIGNMENT(.isr_vector))
 .isr_vector    0x08001000      0x130 ./MIMXRT685S/mcuxpresso/startup_mimxrt685s.o
                0x08001000                g_pfnVectors
                0x08001000                __Vectors
                0x08001130                . = ALIGN (0x4)
                0x08001130                __section_table_start = .
                0x08001130                __data_section_table = .
                0x08001130        0x4 LONG 0x8007f04 LOADADDR (.data)
                0x08001134        0x4 LONG 0x80000 ADDR (.data)
                0x08001138        0x4 LONG 0x11e0 SIZEOF (.data)
                0x0800113c        0x4 LONG 0x8007f04 LOADADDR (.data_RAM2)
                0x08001140        0x4 LONG 0x40140000 ADDR (.data_RAM2)
                0x08001144        0x4 LONG 0x0 SIZEOF (.data_RAM2)
                0x08001148                __data_section_table_end = .
                0x08001148                __bss_section_table = .
                0x08001148        0x4 LONG 0x81400 ADDR (.bss)
                0x0800114c        0x4 LONG 0xfe0 SIZEOF (.bss)
                0x08001150        0x4 LONG 0x40140000 ADDR (.bss_RAM2)
                0x08001154        0x4 LONG 0x0 SIZEOF (.bss_RAM2)
                0x08001158                __bss_section_table_end = .
                0x08001158                __section_table_end = .
 *(SORT_BY_ALIGNMENT(.after_vectors*))
 .after_vectors.reset
                0x08001158       0x68 ./MIMXRT685S/mcuxpresso/startup_mimxrt685s.o
                0x08001158                ResetISR
 .after_vectors.init_data
                0x080011c0       0x1e ./MIMXRT685S/mcuxpresso/startup_mimxrt685s.o
                0x080011c0                data_init
 .after_vectors.init_bss
                0x080011de       0x12 ./MIMXRT685S/mcuxpresso/startup_mimxrt685s.o
                0x080011de                bss_init
 .after_vectors
                0x080011f0       0x16 ./MIMXRT685S/mcuxpresso/startup_mimxrt685s.o
                0x080011f0                NMI_Handler
                0x080011f4                MemManage_Handler
                0x080011f6                BusFault_Handler
                0x080011f8                UsageFault_Handler
                0x080011fa                SecureFault_Handler
                0x080011fc                SVC_Handler
                0x080011fe                DebugMon_Handler
                0x08001200                PendSV_Handler
                0x08001202                SysTick_Handler
                0x08001204                CASPER_DriverIRQHandler
                0x08001204                PIN_INT3_DriverIRQHandler
                0x08001204                DSPWAKE_DriverIRQHandler
                0x08001204                GPIO_INTB_DriverIRQHandler
                0x08001204                PIN_INT0_DriverIRQHandler
                0x08001204                CTIMER2_DriverIRQHandler
                0x08001204                PIN_INT2_DriverIRQHandler
                0x08001204                PMC_PMIC_DriverIRQHandler
                0x08001204                SECUREVIOLATION_DriverIRQHandler
                0x08001204                IntDefaultHandler
                0x08001204                MRT0_DriverIRQHandler
                0x08001204                UTICK0_DriverIRQHandler
                0x08001204                DMIC0_DriverIRQHandler
                0x08001204                USDHC1_DriverIRQHandler
                0x08001204                PIN_INT4_DriverIRQHandler
                0x08001204                PIN_INT5_DriverIRQHandler
                0x08001204                SGPIO_INTA_DriverIRQHandler
                0x08001204                RNG_DriverIRQHandler
                0x08001204                CTIMER4_DriverIRQHandler
                0x08001204                PIN_INT7_DriverIRQHandler
                0x08001204                HASHCRYPT_DriverIRQHandler
                0x08001204                POWERQUAD_DriverIRQHandler
                0x08001204                CTIMER0_DriverIRQHandler
                0x08001204                CTIMER1_DriverIRQHandler
                0x08001204                Reserved42_DriverIRQHandler
                0x08001204                PIN_INT6_DriverIRQHandler
                0x08001204                SGPIO_INTB_DriverIRQHandler
                0x08001204                PIN_INT1_DriverIRQHandler
                0x08001204                CTIMER3_DriverIRQHandler
                0x08001204                HWVAD0_DriverIRQHandler
                0x08001204                GPIO_INTA_DriverIRQHandler
                0x08001204                PUF_DriverIRQHandler
                0x08001204                RTC_DriverIRQHandler
                0x08001204                USBPHY_DCD_DriverIRQHandler
                0x08001204                Reserved39_DriverIRQHandler
                0x08001204                I3C0_DriverIRQHandler
                0x08001204                MU_A_DriverIRQHandler
                0x08001204                ADC0_DriverIRQHandler
                0x08001204                WDT0_DriverIRQHandler
                0x08001204                ACMP_DriverIRQHandler
                0x08001204                USDHC0_DriverIRQHandler
                0x08001204                Reserved46_DriverIRQHandler
                0x08001204                USB_WAKEUP_DriverIRQHandler
                0x08001204                WDT1_DriverIRQHandler
                0x08001204                SCT0_DriverIRQHandler
                0x08001204                HYPERVISOR_DriverIRQHandler
                0x08001204                OS_EVENT_DriverIRQHandler
                0x08001204                USB_DriverIRQHandler
 *(SORT_BY_ALIGNMENT(.text*))
 *fill*         0x08001206        0x2 ff
 .text.__assertion_failed
                0x08001208       0x18 ./utilities/fsl_assert.o
                0x08001208                __assertion_failed
 .text.DbgConsole_Init
                0x08001220       0x88 ./utilities/fsl_debug_console.o
                0x08001220                DbgConsole_Init
 .text.DbgConsole_Vprintf
                0x080012a8       0x3c ./utilities/fsl_debug_console.o
                0x080012a8                DbgConsole_Vprintf
 .text.DbgConsole_Putchar
                0x080012e4       0x30 ./utilities/fsl_debug_console.o
                0x080012e4                DbgConsole_Putchar
 .text.DbgConsole_PrintfFormattedData
                0x08001314      0x3e0 ./utilities/fsl_debug_console.o
 .text.CLOCK_EnableClock
                0x080016f4       0xb4 ./source/i2s_dma_tdm_record_playback.o
 .text.DMA_EnableChannel
                0x080017a8       0x58 ./source/i2s_dma_tdm_record_playback.o
 .text.DMA_SetChannelPriority
                0x08001800       0x4c ./source/i2s_dma_tdm_record_playback.o
 .text.i2s_rx_Callback
                0x0800184c       0x28 ./source/i2s_dma_tdm_record_playback.o
 .text.i2s_tx_Callback
                0x08001874       0x28 ./source/i2s_dma_tdm_record_playback.o
 .text.main     0x0800189c      0x29c ./source/i2s_dma_tdm_record_playback.o
                0x0800189c                main
 .text.CLOCK_GetSFroFreq
                0x08001b38       0x14 ./drivers/fsl_clock.o
 .text.CLOCK_GetXtalInClkFreq
                0x08001b4c       0x3c ./drivers/fsl_clock.o
 .text.CLOCK_GetMclkInClkFreq
                0x08001b88       0x18 ./drivers/fsl_clock.o
 .text.CLOCK_GetLpOscFreq
                0x08001ba0       0x14 ./drivers/fsl_clock.o
 .text.CLOCK_GetOsc32KFreq
                0x08001bb4       0x28 ./drivers/fsl_clock.o
 .text.CLOCK_GetFFroFreq
                0x08001bdc       0x4c ./drivers/fsl_clock.o
                0x08001bdc                CLOCK_GetFFroFreq
 .text.CLOCK_GetSysPllFreq
                0x08001c28       0xc4 ./drivers/fsl_clock.o
                0x08001c28                CLOCK_GetSysPllFreq
 .text.CLOCK_GetSysPfdFreq
                0x08001cec      0x23c ./drivers/fsl_clock.o
                0x08001cec                CLOCK_GetSysPfdFreq
 .text.CLOCK_GetMainPllClkFreq
                0x08001f28       0x24 ./drivers/fsl_clock.o
 .text.CLOCK_GetAudioPllFreq
                0x08001f4c       0xc8 ./drivers/fsl_clock.o
                0x08001f4c                CLOCK_GetAudioPllFreq
 .text.CLOCK_GetAudioPfdFreq
                0x08002014      0x23c ./drivers/fsl_clock.o
                0x08002014                CLOCK_GetAudioPfdFreq
 .text.CLOCK_GetAudioPllClkFreq
                0x08002250       0x24 ./drivers/fsl_clock.o
 .text.CLOCK_GetMainClkFreq
                0x08002274       0xac ./drivers/fsl_clock.o
                0x08002274                CLOCK_GetMainClkFreq
 .text.CLOCK_GetFRGClock
                0x08002320      0x170 ./drivers/fsl_clock.o
                0x08002320                CLOCK_GetFRGClock
 .text.CLOCK_GetFlexCommClkFreq
                0x08002490       0xb4 ./drivers/fsl_clock.o
                0x08002490                CLOCK_GetFlexCommClkFreq
 .text.CLOCK_SetFRGClock
                0x08002544       0xcc ./drivers/fsl_clock.o
                0x08002544                CLOCK_SetFRGClock
 .text.CLOCK_EnableFfroClk
                0x08002610      0x134 ./drivers/fsl_clock.o
                0x08002610                CLOCK_EnableFfroClk
 .text.CLOCK_EnableSfroClk
                0x08002744       0x84 ./drivers/fsl_clock.o
                0x08002744                CLOCK_EnableSfroClk
 .text.CLOCK_InitSysPll
                0x080027c8      0x18c ./drivers/fsl_clock.o
                0x080027c8                CLOCK_InitSysPll
 .text.CLOCK_InitSysPfd
                0x08002954       0x94 ./drivers/fsl_clock.o
                0x08002954                CLOCK_InitSysPfd
 .text.CLOCK_InitAudioPll
                0x080029e8      0x18c ./drivers/fsl_clock.o
                0x080029e8                CLOCK_InitAudioPll
 .text.CLOCK_InitAudioPfd
                0x08002b74       0x94 ./drivers/fsl_clock.o
                0x08002b74                CLOCK_InitAudioPfd
 .text.CLOCK_EnableSysOscClk
                0x08002c08       0x5c ./drivers/fsl_clock.o
                0x08002c08                CLOCK_EnableSysOscClk
 .text.SDK_DelayAtLeastUs
                0x08002c64       0x8c ./drivers/fsl_common_arm.o
                0x08002c64                SDK_DelayAtLeastUs
 .text.__NVIC_EnableIRQ
                0x08002cf0       0x3c ./drivers/fsl_dma.o
 .text.CLOCK_EnableClock
                0x08002d2c       0xb4 ./drivers/fsl_dma.o
 .text.DMA_EnableChannelInterrupts
                0x08002de0       0x58 ./drivers/fsl_dma.o
 .text.DMA_EnableChannel
                0x08002e38       0x58 ./drivers/fsl_dma.o
 .text.DMA_DisableChannel
                0x08002e90       0x58 ./drivers/fsl_dma.o
 .text.DMA_GetInstance
                0x08002ee8       0x4c ./drivers/fsl_dma.o
 .text.DMA_Init
                0x08002f34       0x68 ./drivers/fsl_dma.o
                0x08002f34                DMA_Init
 .text.DMA_SetupDescriptor
                0x08002f9c      0x124 ./drivers/fsl_dma.o
                0x08002f9c                DMA_SetupDescriptor
 .text.DMA_AbortTransfer
                0x080030c0       0xa8 ./drivers/fsl_dma.o
                0x080030c0                DMA_AbortTransfer
 .text.DMA_CreateHandle
                0x08003168       0x88 ./drivers/fsl_dma.o
                0x08003168                DMA_CreateHandle
 .text.DMA_SetCallback
                0x080031f0       0x30 ./drivers/fsl_dma.o
                0x080031f0                DMA_SetCallback
 .text.DMA_SubmitChannelTransferParameter
                0x08003220       0x84 ./drivers/fsl_dma.o
                0x08003220                DMA_SubmitChannelTransferParameter
 .text.DMA_StartTransfer
                0x080032a4       0x80 ./drivers/fsl_dma.o
                0x080032a4                DMA_StartTransfer
 .text.DMA_IRQHandle
                0x08003324      0x1c4 ./drivers/fsl_dma.o
                0x08003324                DMA_IRQHandle
 .text.DMA0_DriverIRQHandler
                0x080034e8       0x14 ./drivers/fsl_dma.o
                0x080034e8                DMA0_DriverIRQHandler
 .text.DMA1_DriverIRQHandler
                0x080034fc       0x14 ./drivers/fsl_dma.o
                0x080034fc                DMA1_DriverIRQHandler
 .text.CLOCK_EnableClock
                0x08003510       0xb4 ./drivers/fsl_flexcomm.o
 .text.FLEXCOMM_GetInstance
                0x080035c4       0x50 ./drivers/fsl_flexcomm.o
                0x080035c4                FLEXCOMM_GetInstance
 .text.FLEXCOMM_Init
                0x08003614       0x50 ./drivers/fsl_flexcomm.o
                0x08003614                FLEXCOMM_Init
 .text.FLEXCOMM0_DriverIRQHandler
                0x08003664       0x5c ./drivers/fsl_flexcomm.o
                0x08003664                FLEXCOMM0_DriverIRQHandler
 .text.FLEXCOMM1_DriverIRQHandler
                0x080036c0       0x5c ./drivers/fsl_flexcomm.o
                0x080036c0                FLEXCOMM1_DriverIRQHandler
 .text.FLEXCOMM2_DriverIRQHandler
                0x0800371c       0x5c ./drivers/fsl_flexcomm.o
                0x0800371c                FLEXCOMM2_DriverIRQHandler
 .text.FLEXCOMM3_DriverIRQHandler
                0x08003778       0x5c ./drivers/fsl_flexcomm.o
                0x08003778                FLEXCOMM3_DriverIRQHandler
 .text.FLEXCOMM4_DriverIRQHandler
                0x080037d4       0x5c ./drivers/fsl_flexcomm.o
                0x080037d4                FLEXCOMM4_DriverIRQHandler
 .text.FLEXCOMM5_DriverIRQHandler
                0x08003830       0x5c ./drivers/fsl_flexcomm.o
                0x08003830                FLEXCOMM5_DriverIRQHandler
 .text.FLEXCOMM6_DriverIRQHandler
                0x0800388c       0x5c ./drivers/fsl_flexcomm.o
                0x0800388c                FLEXCOMM6_DriverIRQHandler
 .text.FLEXCOMM7_DriverIRQHandler
                0x080038e8       0x5c ./drivers/fsl_flexcomm.o
                0x080038e8                FLEXCOMM7_DriverIRQHandler
 .text.FLEXCOMM14_DriverIRQHandler
                0x08003944       0x5c ./drivers/fsl_flexcomm.o
                0x08003944                FLEXCOMM14_DriverIRQHandler
 .text.FLEXCOMM15_DriverIRQHandler
                0x080039a0       0x5c ./drivers/fsl_flexcomm.o
                0x080039a0                FLEXCOMM15_DriverIRQHandler
 .text.FLEXSPI_DriverIRQHandler
                0x080039fc       0x24 ./drivers/fsl_flexspi.o
                0x080039fc                FLEXSPI_DriverIRQHandler
 .text.CLOCK_EnableClock
                0x08003a20       0xb4 ./drivers/fsl_gpio.o
 .text.GPIO_EnablePortClock
                0x08003ad4       0x34 ./drivers/fsl_gpio.o
 .text.GPIO_PortInit
                0x08003b08       0x2c ./drivers/fsl_gpio.o
                0x08003b08                GPIO_PortInit
 .text.I2S_EmptyTxFifo
                0x08003b34       0x84 ./drivers/fsl_i2s.o
                0x08003b34                I2S_EmptyTxFifo
 .text.I2S_Config
                0x08003bb8      0x10c ./drivers/fsl_i2s.o
 .text.I2S_EnableSecondaryChannel
                0x08003cc4       0x9c ./drivers/fsl_i2s.o
                0x08003cc4                I2S_EnableSecondaryChannel
 .text.DMA_EnableChannelInterrupts
                0x08003d60       0x58 ./drivers/fsl_i2s_dma.o
 .text.DMA_DisableChannelInterrupts
                0x08003db8       0x58 ./drivers/fsl_i2s_dma.o
 .text.DMA_EnableChannelPeriphRq
                0x08003e10       0x40 ./drivers/fsl_i2s_dma.o
 .text.DMA_SetChannelXferConfig
                0x08003e50       0xb4 ./drivers/fsl_i2s_dma.o
 .text.I2S_EnqueueUserBuffer
                0x08003f04      0x134 ./drivers/fsl_i2s_dma.o
 .text.I2S_GetInstance
                0x08004038       0x44 ./drivers/fsl_i2s_dma.o
 .text.I2S_TxTransferCreateHandleDMA
                0x0800407c       0xd0 ./drivers/fsl_i2s_dma.o
                0x0800407c                I2S_TxTransferCreateHandleDMA
 .text.I2S_TransferAbortDMA
                0x0800414c       0xe8 ./drivers/fsl_i2s_dma.o
                0x0800414c                I2S_TransferAbortDMA
 .text.I2S_GetTransferBytes
                0x08004234       0x64 ./drivers/fsl_i2s_dma.o
 .text.I2S_StartTransferDMA
                0x08004298      0x1fc ./drivers/fsl_i2s_dma.o
 .text.I2S_AddTransferDMA
                0x08004494      0x1e4 ./drivers/fsl_i2s_dma.o
 .text.__NVIC_EnableIRQ
                0x08004678       0x3c ./drivers/fsl_power.o
 .text.__NVIC_GetEnableIRQ
                0x080046b4       0x40 ./drivers/fsl_power.o
 .text.__NVIC_DisableIRQ
                0x080046f4       0x48 ./drivers/fsl_power.o
 .text.__NVIC_ClearPendingIRQ
                0x0800473c       0x3c ./drivers/fsl_power.o
 .text.POWER_EnableDeepSleep
                0x08004778       0x20 ./drivers/fsl_power.o
 .text.POWER_UpdateOscSettlingTime
                0x08004798       0x20 ./drivers/fsl_power.o
                0x08004798                POWER_UpdateOscSettlingTime
 .text.POWER_ApplyPD
                0x080047b8       0x3c ./drivers/fsl_power.o
                0x080047b8                POWER_ApplyPD
 .text.POWER_EnterDeepPowerDown
                0x080047f4       0xc0 ./drivers/fsl_power.o
                0x080047f4                POWER_EnterDeepPowerDown
 .text.RESET_SetPeripheralReset
                0x080048b4       0xf8 ./drivers/fsl_reset.o
                0x080048b4                RESET_SetPeripheralReset
 .text.RESET_ClearPeripheralReset
                0x080049ac      0x104 ./drivers/fsl_reset.o
                0x080049ac                RESET_ClearPeripheralReset
 .text.USART_Init
                0x08004ab0      0x1cc ./drivers/fsl_usart.o
                0x08004ab0                USART_Init
 .text.USART_GetDefaultConfig
                0x08004c7c       0x80 ./drivers/fsl_usart.o
                0x08004c7c                USART_GetDefaultConfig
 .text.USART_SetBaudRate
                0x08004cfc      0x18c ./drivers/fsl_usart.o
                0x08004cfc                USART_SetBaudRate
 .text.USART_WriteBlocking
                0x08004e88       0x8c ./drivers/fsl_usart.o
                0x08004e88                USART_WriteBlocking
 .text.USART_ReadBlocking
                0x08004f14      0x104 ./drivers/fsl_usart.o
                0x08004f14                USART_ReadBlocking
 .text.HAL_UartInitCommon
                0x08005018      0x110 ./component/uart/fsl_adapter_usart.o
 .text.HAL_UartReceiveBlocking
                0x08005128       0x6c ./component/uart/fsl_adapter_usart.o
                0x08005128                HAL_UartReceiveBlocking
 .text.HAL_UartSendBlocking
                0x08005194       0x64 ./component/uart/fsl_adapter_usart.o
                0x08005194                HAL_UartSendBlocking
 .text.BOARD_InitDebugConsole
                0x080051f8       0x40 ./board/board.o
                0x080051f8                BOARD_InitDebugConsole
 .text.CLOCK_SetXtalFreq
                0x08005238       0x20 ./board/clock_config.o
 .text.POWER_DisablePD
                0x08005258       0x30 ./board/clock_config.o
 .text.BOARD_BootClockRUN
                0x08005288       0xcc ./board/clock_config.o
                0x08005288                BOARD_BootClockRUN
 .text.getOscClk
                0x08005354       0x2c ./MIMXRT685S/system_MIMXRT685S_cm33.o
 .text.getFFroFreq
                0x08005380       0x4c ./MIMXRT685S/system_MIMXRT685S_cm33.o
 .text.SystemInit
                0x080053cc       0xd0 ./MIMXRT685S/system_MIMXRT685S_cm33.o
                0x080053cc                SystemInit
 .text.SystemCoreClockUpdate
                0x0800549c      0x204 ./MIMXRT685S/system_MIMXRT685S_cm33.o
                0x0800549c                SystemCoreClockUpdate
 .text._initio  0x080056a0       0x78 c:/nxp/mcuxpressoide_11.7.0_9198/ide/plugins/com.nxp.mcuxpresso.tools.win32_11.7.0.202209140929/tools/bin/../lib/gcc/arm-none-eabi/10.3.1/../../../../arm-none-eabi/lib/thumb/v8-m.main+fp/hard\libcr_c.a(initio.o)
                0x080056a0                _initio
 .text._Cwritebuf
                0x08005718       0x6c c:/nxp/mcuxpressoide_11.7.0_9198/ide/plugins/com.nxp.mcuxpresso.tools.win32_11.7.0.202209140929/tools/bin/../lib/gcc/arm-none-eabi/10.3.1/../../../../arm-none-eabi/lib/thumb/v8-m.main+fp/hard\libcr_c.a(_writebuf.o)
                0x08005718                _Cwritebuf
 .text.fflush   0x08005784       0x3c c:/nxp/mcuxpressoide_11.7.0_9198/ide/plugins/com.nxp.mcuxpresso.tools.win32_11.7.0.202209140929/tools/bin/../lib/gcc/arm-none-eabi/10.3.1/../../../../arm-none-eabi/lib/thumb/v8-m.main+fp/hard\libcr_c.a(fflush.o)
                0x08005784                fflush
 .text.fseek    0x080057c0       0xfc c:/nxp/mcuxpressoide_11.7.0_9198/ide/plugins/com.nxp.mcuxpresso.tools.win32_11.7.0.202209140929/tools/bin/../lib/gcc/arm-none-eabi/10.3.1/../../../../arm-none-eabi/lib/thumb/v8-m.main+fp/hard\libcr_c.a(fseek.o)
                0x080057c0                fseek
 .text.ftell    0x080058bc       0x44 c:/nxp/mcuxpressoide_11.7.0_9198/ide/plugins/com.nxp.mcuxpresso.tools.win32_11.7.0.202209140929/tools/bin/../lib/gcc/arm-none-eabi/10.3.1/../../../../arm-none-eabi/lib/thumb/v8-m.main+fp/hard\libcr_c.a(ftell.o)
                0x080058bc                ftell
 .text.DbgConsole_Printf
                0x08005900       0x2c ./utilities/fsl_debug_console.o
                0x08005900                DbgConsole_Printf
 .text.DbgConsole_PrintfPaddingCharacter
                0x0800592c       0x40 ./utilities/fsl_debug_console.o
 .text.DbgConsole_ConvertRadixNumToString
                0x0800596c       0xc2 ./utilities/fsl_debug_console.o
 .text.HardFault_Handler
                0x08005a2e       0x2c ./source/semihost_hardfault.o
                0x08005a2e                HardFault_Handler
 .text.CLOCK_AttachClk
                0x08005a5a       0x8a ./drivers/fsl_clock.o
                0x08005a5a                CLOCK_AttachClk
 .text.CLOCK_SetClkDiv
                0x08005ae4       0x70 ./drivers/fsl_clock.o
                0x08005ae4                CLOCK_SetClkDiv
 .text.DelayLoop
                0x08005b54       0x20 ./drivers/fsl_common_arm.o
 .text.EnableIRQ
                0x08005b74       0x32 ./drivers/fsl_dma.o
 .text.DMA_GetVirtualStartChannel
                0x08005ba6       0x40 ./drivers/fsl_dma.o
 .text.FLEXCOMM_PeripheralIsPresent
                0x08005be6       0x64 ./drivers/fsl_flexcomm.o
 .text.FLEXCOMM_SetPeriph
                0x08005c4a       0x74 ./drivers/fsl_flexcomm.o
 .text.GPIO_PinInit
                0x08005cbe       0x82 ./drivers/fsl_gpio.o
                0x08005cbe                GPIO_PinInit
 .text.I2S_TxInit
                0x08005d40       0x82 ./drivers/fsl_i2s.o
                0x08005d40                I2S_TxInit
 .text.I2S_RxInit
                0x08005dc2       0x72 ./drivers/fsl_i2s.o
                0x08005dc2                I2S_RxInit
 .text.I2S_TxGetDefaultConfig
                0x08005e34       0x6e ./drivers/fsl_i2s.o
                0x08005e34                I2S_TxGetDefaultConfig
 .text.I2S_RxGetDefaultConfig
                0x08005ea2       0x6e ./drivers/fsl_i2s.o
                0x08005ea2                I2S_RxGetDefaultConfig
 .text.I2S_Enable
                0x08005f10       0x24 ./drivers/fsl_i2s_dma.o
 .text.I2S_Disable
                0x08005f34       0x24 ./drivers/fsl_i2s_dma.o
 .text.I2S_DisableDMAInterrupts
                0x08005f58       0x24 ./drivers/fsl_i2s_dma.o
 .text.I2S_EnableDMAInterrupts
                0x08005f7c       0x2c ./drivers/fsl_i2s_dma.o
 .text.I2S_TxTransferSendDMA
                0x08005fa8       0x74 ./drivers/fsl_i2s_dma.o
                0x08005fa8                I2S_TxTransferSendDMA
 .text.I2S_RxTransferCreateHandleDMA
                0x0800601c       0x26 ./drivers/fsl_i2s_dma.o
                0x0800601c                I2S_RxTransferCreateHandleDMA
 .text.I2S_RxTransferReceiveDMA
                0x08006042       0x74 ./drivers/fsl_i2s_dma.o
                0x08006042                I2S_RxTransferReceiveDMA
 .text.I2S_TxEnableDMA
                0x080060b6       0x50 ./drivers/fsl_i2s_dma.o
 .text.I2S_RxEnableDMA
                0x08006106       0x50 ./drivers/fsl_i2s_dma.o
 .text.I2S_DMACallback
                0x08006156      0x15e ./drivers/fsl_i2s_dma.o
                0x08006156                I2S_DMACallback
 .text.DisableGlobalIRQ
                0x080062b4       0x22 ./drivers/fsl_power.o
 .text.EnableGlobalIRQ
                0x080062d6       0x20 ./drivers/fsl_power.o
 .text.POWER_SetPmicMode
                0x080062f6       0x4e ./drivers/fsl_power.o
                0x080062f6                POWER_SetPmicMode
 .text.RESET_PeripheralReset
                0x08006344       0x22 ./drivers/fsl_reset.o
                0x08006344                RESET_PeripheralReset
 .text.USART_EnableContinuousSCLK
                0x08006366       0x38 ./drivers/fsl_usart.o
 .text.HAL_UartGetStatus
                0x0800639e       0x22 ./component/uart/fsl_adapter_usart.o
 .text.HAL_UartInit
                0x080063c0       0x36 ./component/uart/fsl_adapter_usart.o
                0x080063c0                HAL_UartInit
 .text.BOARD_FlexspiClockSafeConfig
                0x080063f6       0x10 ./board/board.o
                0x080063f6                BOARD_FlexspiClockSafeConfig
 .text.BOARD_InitBootClocks
                0x08006406        0xc ./board/clock_config.o
                0x08006406                BOARD_InitBootClocks
 .text.IOPCTL_PinMuxSet
                0x08006412       0x2e ./board/pin_mux.o
 .text.BOARD_InitBootPins
                0x08006440       0x14 ./board/pin_mux.o
                0x08006440                BOARD_InitBootPins
 .text.BOARD_InitCS42448Pins
                0x08006454      0x148 ./board/pin_mux.o
                0x08006454                BOARD_InitCS42448Pins
 .text.BOARD_InitDebugConsolePins
                0x0800659c       0x32 ./board/pin_mux.o
                0x0800659c                BOARD_InitDebugConsolePins
 .text.BOARD_InitPins
                0x080065ce        0xe ./board/pin_mux.o
                0x080065ce                BOARD_InitPins
 .text.WDT0_IRQHandler
                0x080065dc        0x8 ./MIMXRT685S/mcuxpresso/startup_mimxrt685s.o
                0x080065dc                WDT0_IRQHandler
 .text.DMA0_IRQHandler
                0x080065e4        0x8 ./MIMXRT685S/mcuxpresso/startup_mimxrt685s.o
                0x080065e4                DMA0_IRQHandler
 .text.GPIO_INTA_IRQHandler
                0x080065ec        0x8 ./MIMXRT685S/mcuxpresso/startup_mimxrt685s.o
                0x080065ec                GPIO_INTA_IRQHandler
 .text.GPIO_INTB_IRQHandler
                0x080065f4        0x8 ./MIMXRT685S/mcuxpresso/startup_mimxrt685s.o
                0x080065f4                GPIO_INTB_IRQHandler
 .text.PIN_INT0_IRQHandler
                0x080065fc        0x8 ./MIMXRT685S/mcuxpresso/startup_mimxrt685s.o
                0x080065fc                PIN_INT0_IRQHandler
 .text.PIN_INT1_IRQHandler
                0x08006604        0x8 ./MIMXRT685S/mcuxpresso/startup_mimxrt685s.o
                0x08006604                PIN_INT1_IRQHandler
 .text.PIN_INT2_IRQHandler
                0x0800660c        0x8 ./MIMXRT685S/mcuxpresso/startup_mimxrt685s.o
                0x0800660c                PIN_INT2_IRQHandler
 .text.PIN_INT3_IRQHandler
                0x08006614        0x8 ./MIMXRT685S/mcuxpresso/startup_mimxrt685s.o
                0x08006614                PIN_INT3_IRQHandler
 .text.UTICK0_IRQHandler
                0x0800661c        0x8 ./MIMXRT685S/mcuxpresso/startup_mimxrt685s.o
                0x0800661c                UTICK0_IRQHandler
 .text.MRT0_IRQHandler
                0x08006624        0x8 ./MIMXRT685S/mcuxpresso/startup_mimxrt685s.o
                0x08006624                MRT0_IRQHandler
 .text.CTIMER0_IRQHandler
                0x0800662c        0x8 ./MIMXRT685S/mcuxpresso/startup_mimxrt685s.o
                0x0800662c                CTIMER0_IRQHandler
 .text.CTIMER1_IRQHandler
                0x08006634        0x8 ./MIMXRT685S/mcuxpresso/startup_mimxrt685s.o
                0x08006634                CTIMER1_IRQHandler
 .text.SCT0_IRQHandler
                0x0800663c        0x8 ./MIMXRT685S/mcuxpresso/startup_mimxrt685s.o
                0x0800663c                SCT0_IRQHandler
 .text.CTIMER3_IRQHandler
                0x08006644        0x8 ./MIMXRT685S/mcuxpresso/startup_mimxrt685s.o
                0x08006644                CTIMER3_IRQHandler
 .text.FLEXCOMM0_IRQHandler
                0x0800664c        0x8 ./MIMXRT685S/mcuxpresso/startup_mimxrt685s.o
                0x0800664c                FLEXCOMM0_IRQHandler
 .text.FLEXCOMM1_IRQHandler
                0x08006654        0x8 ./MIMXRT685S/mcuxpresso/startup_mimxrt685s.o
                0x08006654                FLEXCOMM1_IRQHandler
 .text.FLEXCOMM2_IRQHandler
                0x0800665c        0x8 ./MIMXRT685S/mcuxpresso/startup_mimxrt685s.o
                0x0800665c                FLEXCOMM2_IRQHandler
 .text.FLEXCOMM3_IRQHandler
                0x08006664        0x8 ./MIMXRT685S/mcuxpresso/startup_mimxrt685s.o
                0x08006664                FLEXCOMM3_IRQHandler
 .text.FLEXCOMM4_IRQHandler
                0x0800666c        0x8 ./MIMXRT685S/mcuxpresso/startup_mimxrt685s.o
                0x0800666c                FLEXCOMM4_IRQHandler
 .text.FLEXCOMM5_IRQHandler
                0x08006674        0x8 ./MIMXRT685S/mcuxpresso/startup_mimxrt685s.o
                0x08006674                FLEXCOMM5_IRQHandler
 .text.FLEXCOMM14_IRQHandler
                0x0800667c        0x8 ./MIMXRT685S/mcuxpresso/startup_mimxrt685s.o
                0x0800667c                FLEXCOMM14_IRQHandler
 .text.FLEXCOMM15_IRQHandler
                0x08006684        0x8 ./MIMXRT685S/mcuxpresso/startup_mimxrt685s.o
                0x08006684                FLEXCOMM15_IRQHandler
 .text.ADC0_IRQHandler
                0x0800668c        0x8 ./MIMXRT685S/mcuxpresso/startup_mimxrt685s.o
                0x0800668c                ADC0_IRQHandler
 .text.Reserved39_IRQHandler
                0x08006694        0x8 ./MIMXRT685S/mcuxpresso/startup_mimxrt685s.o
                0x08006694                Reserved39_IRQHandler
 .text.ACMP_IRQHandler
                0x0800669c        0x8 ./MIMXRT685S/mcuxpresso/startup_mimxrt685s.o
                0x0800669c                ACMP_IRQHandler
 .text.DMIC0_IRQHandler
                0x080066a4        0x8 ./MIMXRT685S/mcuxpresso/startup_mimxrt685s.o
                0x080066a4                DMIC0_IRQHandler
 .text.Reserved42_IRQHandler
                0x080066ac        0x8 ./MIMXRT685S/mcuxpresso/startup_mimxrt685s.o
                0x080066ac                Reserved42_IRQHandler
 .text.HYPERVISOR_IRQHandler
                0x080066b4        0x8 ./MIMXRT685S/mcuxpresso/startup_mimxrt685s.o
                0x080066b4                HYPERVISOR_IRQHandler
 .text.SECUREVIOLATION_IRQHandler
                0x080066bc        0x8 ./MIMXRT685S/mcuxpresso/startup_mimxrt685s.o
                0x080066bc                SECUREVIOLATION_IRQHandler
 .text.HWVAD0_IRQHandler
                0x080066c4        0x8 ./MIMXRT685S/mcuxpresso/startup_mimxrt685s.o
                0x080066c4                HWVAD0_IRQHandler
 .text.Reserved46_IRQHandler
                0x080066cc        0x8 ./MIMXRT685S/mcuxpresso/startup_mimxrt685s.o
                0x080066cc                Reserved46_IRQHandler
 .text.RNG_IRQHandler
                0x080066d4        0x8 ./MIMXRT685S/mcuxpresso/startup_mimxrt685s.o
                0x080066d4                RNG_IRQHandler
 .text.RTC_IRQHandler
                0x080066dc        0x8 ./MIMXRT685S/mcuxpresso/startup_mimxrt685s.o
                0x080066dc                RTC_IRQHandler
 .text.DSPWAKE_IRQHandler
                0x080066e4        0x8 ./MIMXRT685S/mcuxpresso/startup_mimxrt685s.o
                0x080066e4                DSPWAKE_IRQHandler
 .text.MU_A_IRQHandler
                0x080066ec        0x8 ./MIMXRT685S/mcuxpresso/startup_mimxrt685s.o
                0x080066ec                MU_A_IRQHandler
 .text.PIN_INT4_IRQHandler
                0x080066f4        0x8 ./MIMXRT685S/mcuxpresso/startup_mimxrt685s.o
                0x080066f4                PIN_INT4_IRQHandler
 .text.PIN_INT5_IRQHandler
                0x080066fc        0x8 ./MIMXRT685S/mcuxpresso/startup_mimxrt685s.o
                0x080066fc                PIN_INT5_IRQHandler
 .text.PIN_INT6_IRQHandler
                0x08006704        0x8 ./MIMXRT685S/mcuxpresso/startup_mimxrt685s.o
                0x08006704                PIN_INT6_IRQHandler
 .text.PIN_INT7_IRQHandler
                0x0800670c        0x8 ./MIMXRT685S/mcuxpresso/startup_mimxrt685s.o
                0x0800670c                PIN_INT7_IRQHandler
 .text.CTIMER2_IRQHandler
                0x08006714        0x8 ./MIMXRT685S/mcuxpresso/startup_mimxrt685s.o
                0x08006714                CTIMER2_IRQHandler
 .text.CTIMER4_IRQHandler
                0x0800671c        0x8 ./MIMXRT685S/mcuxpresso/startup_mimxrt685s.o
                0x0800671c                CTIMER4_IRQHandler
 .text.OS_EVENT_IRQHandler
                0x08006724        0x8 ./MIMXRT685S/mcuxpresso/startup_mimxrt685s.o
                0x08006724                OS_EVENT_IRQHandler
 .text.FLEXSPI_IRQHandler
                0x0800672c        0x8 ./MIMXRT685S/mcuxpresso/startup_mimxrt685s.o
                0x0800672c                FLEXSPI_IRQHandler
 .text.FLEXCOMM6_IRQHandler
                0x08006734        0x8 ./MIMXRT685S/mcuxpresso/startup_mimxrt685s.o
                0x08006734                FLEXCOMM6_IRQHandler
 .text.FLEXCOMM7_IRQHandler
                0x0800673c        0x8 ./MIMXRT685S/mcuxpresso/startup_mimxrt685s.o
                0x0800673c                FLEXCOMM7_IRQHandler
 .text.USDHC0_IRQHandler
                0x08006744        0x8 ./MIMXRT685S/mcuxpresso/startup_mimxrt685s.o
                0x08006744                USDHC0_IRQHandler
 .text.USDHC1_IRQHandler
                0x0800674c        0x8 ./MIMXRT685S/mcuxpresso/startup_mimxrt685s.o
                0x0800674c                USDHC1_IRQHandler
 .text.SGPIO_INTA_IRQHandler
                0x08006754        0x8 ./MIMXRT685S/mcuxpresso/startup_mimxrt685s.o
                0x08006754                SGPIO_INTA_IRQHandler
 .text.SGPIO_INTB_IRQHandler
                0x0800675c        0x8 ./MIMXRT685S/mcuxpresso/startup_mimxrt685s.o
                0x0800675c                SGPIO_INTB_IRQHandler
 .text.I3C0_IRQHandler
                0x08006764        0x8 ./MIMXRT685S/mcuxpresso/startup_mimxrt685s.o
                0x08006764                I3C0_IRQHandler
 .text.USB_IRQHandler
                0x0800676c        0x8 ./MIMXRT685S/mcuxpresso/startup_mimxrt685s.o
                0x0800676c                USB_IRQHandler
 .text.USB_WAKEUP_IRQHandler
                0x08006774        0x8 ./MIMXRT685S/mcuxpresso/startup_mimxrt685s.o
                0x08006774                USB_WAKEUP_IRQHandler
 .text.WDT1_IRQHandler
                0x0800677c        0x8 ./MIMXRT685S/mcuxpresso/startup_mimxrt685s.o
                0x0800677c                WDT1_IRQHandler
 .text.USBPHY_DCD_IRQHandler
                0x08006784        0x8 ./MIMXRT685S/mcuxpresso/startup_mimxrt685s.o
                0x08006784                USBPHY_DCD_IRQHandler
 .text.DMA1_IRQHandler
                0x0800678c        0x8 ./MIMXRT685S/mcuxpresso/startup_mimxrt685s.o
                0x0800678c                DMA1_IRQHandler
 .text.PUF_IRQHandler
                0x08006794        0x8 ./MIMXRT685S/mcuxpresso/startup_mimxrt685s.o
                0x08006794                PUF_IRQHandler
 .text.POWERQUAD_IRQHandler
                0x0800679c        0x8 ./MIMXRT685S/mcuxpresso/startup_mimxrt685s.o
                0x0800679c                POWERQUAD_IRQHandler
 .text.CASPER_IRQHandler
                0x080067a4        0x8 ./MIMXRT685S/mcuxpresso/startup_mimxrt685s.o
                0x080067a4                CASPER_IRQHandler
 .text.PMC_PMIC_IRQHandler
                0x080067ac        0x8 ./MIMXRT685S/mcuxpresso/startup_mimxrt685s.o
                0x080067ac                PMC_PMIC_IRQHandler
 .text.HASHCRYPT_IRQHandler
                0x080067b4        0x8 ./MIMXRT685S/mcuxpresso/startup_mimxrt685s.o
                0x080067b4                HASHCRYPT_IRQHandler
 .text.SystemInitHook
                0x080067bc        0xe ./MIMXRT685S/system_MIMXRT685S_cm33.o
                0x080067bc                SystemInitHook
 .text.__main   0x080067ca        0xe c:/nxp/mcuxpressoide_11.7.0_9198/ide/plugins/com.nxp.mcuxpresso.tools.win32_11.7.0.202209140929/tools/bin/../lib/gcc/arm-none-eabi/10.3.1/../../../../arm-none-eabi/lib/thumb/v8-m.main+fp/hard\libcr_nohost_nf.a(_cr__main.o)
                0x080067ca                __main
 .text.memcpy   0x080067d8        0x4 c:/nxp/mcuxpressoide_11.7.0_9198/ide/plugins/com.nxp.mcuxpresso.tools.win32_11.7.0.202209140929/tools/bin/../lib/gcc/arm-none-eabi/10.3.1/../../../../arm-none-eabi/lib/thumb/v8-m.main+fp/hard\libcr_c.a(memcpy.o)
                0x080067d8                memcpy
 .text.memset   0x080067dc        0x4 c:/nxp/mcuxpressoide_11.7.0_9198/ide/plugins/com.nxp.mcuxpresso.tools.win32_11.7.0.202209140929/tools/bin/../lib/gcc/arm-none-eabi/10.3.1/../../../../arm-none-eabi/lib/thumb/v8-m.main+fp/hard\libcr_c.a(memset.o)
                0x080067dc                memset
 .text.free     0x080067e0       0x30 c:/nxp/mcuxpressoide_11.7.0_9198/ide/plugins/com.nxp.mcuxpresso.tools.win32_11.7.0.202209140929/tools/bin/../lib/gcc/arm-none-eabi/10.3.1/../../../../arm-none-eabi/lib/thumb/v8-m.main+fp/hard\libcr_c.a(alloc.o)
                0x080067e0                free
 .text.setvbuf  0x08006810       0x3e c:/nxp/mcuxpressoide_11.7.0_9198/ide/plugins/com.nxp.mcuxpresso.tools.win32_11.7.0.202209140929/tools/bin/../lib/gcc/arm-none-eabi/10.3.1/../../../../arm-none-eabi/lib/thumb/v8-m.main+fp/hard\libcr_c.a(setvbuf.o)
                0x08006810                setvbuf
 .text.strlen   0x0800684e       0x48 c:/nxp/mcuxpressoide_11.7.0_9198/ide/plugins/com.nxp.mcuxpresso.tools.win32_11.7.0.202209140929/tools/bin/../lib/gcc/arm-none-eabi/10.3.1/../../../../arm-none-eabi/lib/thumb/v8-m.main+fp/hard\libcr_c.a(strlen.o)
                0x0800684e                strlen
 .text._deferredlazyseek
                0x08006896       0x40 c:/nxp/mcuxpressoide_11.7.0_9198/ide/plugins/com.nxp.mcuxpresso.tools.win32_11.7.0.202209140929/tools/bin/../lib/gcc/arm-none-eabi/10.3.1/../../../../arm-none-eabi/lib/thumb/v8-m.main+fp/hard\libcr_c.a(_deferredlazyseek.o)
                0x08006896                _deferredlazyseek
 .text._fdopen  0x080068d6       0x68 c:/nxp/mcuxpressoide_11.7.0_9198/ide/plugins/com.nxp.mcuxpresso.tools.win32_11.7.0.202209140929/tools/bin/../lib/gcc/arm-none-eabi/10.3.1/../../../../arm-none-eabi/lib/thumb/v8-m.main+fp/hard\libcr_c.a(_fdopen.o)
                0x080068d6                _fdopen
 .text._fflush  0x0800693e       0x52 c:/nxp/mcuxpressoide_11.7.0_9198/ide/plugins/com.nxp.mcuxpresso.tools.win32_11.7.0.202209140929/tools/bin/../lib/gcc/arm-none-eabi/10.3.1/../../../../arm-none-eabi/lib/thumb/v8-m.main+fp/hard\libcr_c.a(_fflush.o)
                0x0800693e                _fflush
 .text.fclose   0x08006990       0x58 c:/nxp/mcuxpressoide_11.7.0_9198/ide/plugins/com.nxp.mcuxpresso.tools.win32_11.7.0.202209140929/tools/bin/../lib/gcc/arm-none-eabi/10.3.1/../../../../arm-none-eabi/lib/thumb/v8-m.main+fp/hard\libcr_c.a(fclose.o)
                0x08006990                fclose
 .text.remove   0x080069e8       0x14 c:/nxp/mcuxpressoide_11.7.0_9198/ide/plugins/com.nxp.mcuxpresso.tools.win32_11.7.0.202209140929/tools/bin/../lib/gcc/arm-none-eabi/10.3.1/../../../../arm-none-eabi/lib/thumb/v8-m.main+fp/hard\libcr_c.a(remove.o)
                0x080069e8                remove
 .text._do_fflush
                0x080069fc       0x40 c:/nxp/mcuxpressoide_11.7.0_9198/ide/plugins/com.nxp.mcuxpresso.tools.win32_11.7.0.202209140929/tools/bin/../lib/gcc/arm-none-eabi/10.3.1/../../../../arm-none-eabi/lib/thumb/v8-m.main+fp/hard\libcr_c.a(_do_fflush.o)
                0x080069fc                _do_fflush
 .text.__aeabi_division_uldivmod
                0x08006a3c      0x174 c:/nxp/mcuxpressoide_11.7.0_9198/ide/plugins/com.nxp.mcuxpresso.tools.win32_11.7.0.202209140929/tools/bin/../lib/gcc/arm-none-eabi/10.3.1/thumb/v8-m.main+fp/hard\libcr_eabihelpers.a(division_64.o)
                0x08006a3c                __aeabi_uldivmod
                0x08006a40                __bhs_ldivmod1
 .text.__aeabi_division_idiv0
                0x08006bb0        0x2 c:/nxp/mcuxpressoide_11.7.0_9198/ide/plugins/com.nxp.mcuxpresso.tools.win32_11.7.0.202209140929/tools/bin/../lib/gcc/arm-none-eabi/10.3.1/thumb/v8-m.main+fp/hard\libcr_eabihelpers.a(division_idiv0.o)
                0x08006bb0                __aeabi_idiv0
 .text.__aeabi_memcpy
                0x08006bb2       0x34 c:/nxp/mcuxpressoide_11.7.0_9198/ide/plugins/com.nxp.mcuxpresso.tools.win32_11.7.0.202209140929/tools/bin/../lib/gcc/arm-none-eabi/10.3.1/thumb/v8-m.main+fp/hard\libcr_eabihelpers.a(memcpy.o)
                0x08006bb2                __aeabi_memcpy
                0x08006bbc                __aeabi_memcpy8
                0x08006bbc                __aeabi_memcpy4
 .text.__aeabi_memset_lowlevel
                0x08006be6       0x32 c:/nxp/mcuxpressoide_11.7.0_9198/ide/plugins/com.nxp.mcuxpresso.tools.win32_11.7.0.202209140929/tools/bin/../lib/gcc/arm-none-eabi/10.3.1/thumb/v8-m.main+fp/hard\libcr_eabihelpers.a(memcpy.o)
                0x08006be6                __aeabi_lowlevel_memset
 .text.__sys_close
                0x08006c18        0x6 c:/nxp/mcuxpressoide_11.7.0_9198/ide/plugins/com.nxp.mcuxpresso.tools.win32_11.7.0.202209140929/tools/bin/../lib/gcc/arm-none-eabi/10.3.1/../../../../arm-none-eabi/lib/thumb/v8-m.main+fp/hard\libcr_nohost_nf.a(__sys_close.o)
                0x08006c18                __sys_close
 .text.__sys_flen
                0x08006c1e        0x6 c:/nxp/mcuxpressoide_11.7.0_9198/ide/plugins/com.nxp.mcuxpresso.tools.win32_11.7.0.202209140929/tools/bin/../lib/gcc/arm-none-eabi/10.3.1/../../../../arm-none-eabi/lib/thumb/v8-m.main+fp/hard\libcr_nohost_nf.a(__sys_flen.o)
                0x08006c1e                __sys_flen
 .text.__sys_istty
                0x08006c24        0x6 c:/nxp/mcuxpressoide_11.7.0_9198/ide/plugins/com.nxp.mcuxpresso.tools.win32_11.7.0.202209140929/tools/bin/../lib/gcc/arm-none-eabi/10.3.1/../../../../arm-none-eabi/lib/thumb/v8-m.main+fp/hard\libcr_nohost_nf.a(__sys_istty.o)
                0x08006c24                __sys_istty
 .text.__sys_remove
                0x08006c2a        0x6 c:/nxp/mcuxpressoide_11.7.0_9198/ide/plugins/com.nxp.mcuxpresso.tools.win32_11.7.0.202209140929/tools/bin/../lib/gcc/arm-none-eabi/10.3.1/../../../../arm-none-eabi/lib/thumb/v8-m.main+fp/hard\libcr_nohost_nf.a(__sys_remove.o)
                0x08006c2a                __sys_remove
 .text.__sys_seek
                0x08006c30        0x6 c:/nxp/mcuxpressoide_11.7.0_9198/ide/plugins/com.nxp.mcuxpresso.tools.win32_11.7.0.202209140929/tools/bin/../lib/gcc/arm-none-eabi/10.3.1/../../../../arm-none-eabi/lib/thumb/v8-m.main+fp/hard\libcr_nohost_nf.a(__sys_seek.o)
                0x08006c30                __sys_seek
 .text.__sys_tmpnam
                0x08006c36        0x6 c:/nxp/mcuxpressoide_11.7.0_9198/ide/plugins/com.nxp.mcuxpresso.tools.win32_11.7.0.202209140929/tools/bin/../lib/gcc/arm-none-eabi/10.3.1/../../../../arm-none-eabi/lib/thumb/v8-m.main+fp/hard\libcr_nohost_nf.a(__sys_tmpnam.o)
                0x08006c36                __sys_tmpnam
 .text.__sys_write
                0x08006c3c        0x4 c:/nxp/mcuxpressoide_11.7.0_9198/ide/plugins/com.nxp.mcuxpresso.tools.win32_11.7.0.202209140929/tools/bin/../lib/gcc/arm-none-eabi/10.3.1/../../../../arm-none-eabi/lib/thumb/v8-m.main+fp/hard\libcr_nohost_nf.a(__sys_write.o)
                0x08006c3c                __sys_write
 .text.__sys_write.__stub
                0x08006c40       0x10 linker stubs
 *(SORT_BY_ALIGNMENT(.rodata) SORT_BY_ALIGNMENT(.rodata.*) SORT_BY_ALIGNMENT(.constdata) SORT_BY_ALIGNMENT(.constdata.*))
 .rodata.__assertion_failed.str1.4
                0x08006c50       0x14 ./utilities/fsl_assert.o
 .rodata.CLOCK_EnableClock.str1.4
                0x08006c64       0x6d ./source/i2s_dma_tdm_record_playback.o
 *fill*         0x08006cd1        0x3 ff
 .rodata.DMA_EnableChannel.str1.4
                0x08006cd4       0xda ./source/i2s_dma_tdm_record_playback.o
 *fill*         0x08006dae        0x2 ff
 .rodata.DMA_SetChannelPriority.str1.4
                0x08006db0       0xda ./source/i2s_dma_tdm_record_playback.o
 *fill*         0x08006e8a        0x2 ff
 .rodata.main.str1.4
                0x08006e8c       0x4b ./source/i2s_dma_tdm_record_playback.o
 *fill*         0x08006ed7        0x1 ff
 .rodata.CLOCK_GetFRGClock.str1.4
                0x08006ed8       0x18 ./drivers/fsl_clock.o
 .rodata.CLOCK_GetFlexCommClkFreq.str1.4
                0x08006ef0       0x18 ./drivers/fsl_clock.o
 .rodata.CLOCK_SetFRGClock.str1.4
                0x08006f08       0x61 ./drivers/fsl_clock.o
 *fill*         0x08006f69        0x3 ff
 .rodata.CLOCK_EnableFfroClk.str1.4
                0x08006f6c       0x93 ./drivers/fsl_clock.o
 *fill*         0x08006fff        0x1 ff
 .rodata.CLOCK_EnableSfroClk.str1.4
                0x08007000       0x93 ./drivers/fsl_clock.o
 *fill*         0x08007093        0x1 ff
 .rodata.SDK_DelayAtLeastUs.str1.4
                0x08007094       0x2b ./drivers/fsl_common_arm.o
 *fill*         0x080070bf        0x1 ff
 .rodata.CLOCK_EnableClock.str1.4
                0x080070c0       0x18 ./drivers/fsl_dma.o
 .rodata.DMA_EnableChannelInterrupts.str1.4
                0x080070d8       0x85 ./drivers/fsl_dma.o
 *fill*         0x0800715d        0x3 ff
 .rodata.DMA_EnableChannel.str1.4
                0x08007160       0x85 ./drivers/fsl_dma.o
 *fill*         0x080071e5        0x3 ff
 .rodata.DMA_DisableChannel.str1.4
                0x080071e8       0x85 ./drivers/fsl_dma.o
 *fill*         0x0800726d        0x3 ff
 .rodata.s_dmaBases
                0x08007270        0x8 ./drivers/fsl_dma.o
 .rodata.s_dmaClockName
                0x08007278        0x4 ./drivers/fsl_dma.o
 .rodata.s_dmaResets
                0x0800727c        0x4 ./drivers/fsl_dma.o
 .rodata.s_dmaIRQNumber
                0x08007280        0x2 ./drivers/fsl_dma.o
 *fill*         0x08007282        0x2 ff
 .rodata.DMA_GetInstance.str1.4
                0x08007284       0x32 ./drivers/fsl_dma.o
 *fill*         0x080072b6        0x2 ff
 .rodata.DMA_SetupDescriptor.str1.4
                0x080072b8       0x79 ./drivers/fsl_dma.o
 *fill*         0x08007331        0x3 ff
 .rodata.DMA_AbortTransfer.str1.4
                0x08007334       0x1f ./drivers/fsl_dma.o
 *fill*         0x08007353        0x1 ff
 .rodata.DMA_CreateHandle.str1.4
                0x08007354       0x64 ./drivers/fsl_dma.o
 .rodata.DMA_SetCallback.str1.4
                0x080073b8       0x1f ./drivers/fsl_dma.o
 *fill*         0x080073d7        0x1 ff
 .rodata.DMA_SubmitChannelTransferParameter.str1.4
                0x080073d8       0xa1 ./drivers/fsl_dma.o
 *fill*         0x08007479        0x3 ff
 .rodata.DMA_StartTransfer.str1.4
                0x0800747c       0x76 ./drivers/fsl_dma.o
 .rodata.CLOCK_EnableClock.str1.4
                0x080074f2       0x18 ./drivers/fsl_flexcomm.o
 *fill*         0x080074f2        0x2 ff
 .rodata.s_flexcommBaseAddrs
                0x080074f4       0x28 ./drivers/fsl_flexcomm.o
 .rodata.s_flexcommClocks
                0x0800751c       0x14 ./drivers/fsl_flexcomm.o
 .rodata.s_flexcommResets
                0x08007530       0x14 ./drivers/fsl_flexcomm.o
 .rodata.FLEXCOMM_GetInstance.str1.4
                0x08007544       0x42 ./drivers/fsl_flexcomm.o
 *fill*         0x08007586        0x2 ff
 .rodata.FLEXCOMM0_DriverIRQHandler.str1.4
                0x08007588       0x3c ./drivers/fsl_flexcomm.o
 .rodata.FLEXCOMM1_DriverIRQHandler.str1.4
                0x080075c4       0x3c ./drivers/fsl_flexcomm.o
 .rodata.FLEXCOMM2_DriverIRQHandler.str1.4
                0x08007600       0x3c ./drivers/fsl_flexcomm.o
 .rodata.FLEXCOMM3_DriverIRQHandler.str1.4
                0x0800763c       0x3c ./drivers/fsl_flexcomm.o
 .rodata.FLEXCOMM4_DriverIRQHandler.str1.4
                0x08007678       0x3c ./drivers/fsl_flexcomm.o
 .rodata.FLEXCOMM5_DriverIRQHandler.str1.4
                0x080076b4       0x3c ./drivers/fsl_flexcomm.o
 .rodata.FLEXCOMM6_DriverIRQHandler.str1.4
                0x080076f0       0x3c ./drivers/fsl_flexcomm.o
 .rodata.FLEXCOMM7_DriverIRQHandler.str1.4
                0x0800772c       0x3c ./drivers/fsl_flexcomm.o
 .rodata.FLEXCOMM14_DriverIRQHandler.str1.4
                0x08007768       0x3c ./drivers/fsl_flexcomm.o
 .rodata.FLEXCOMM15_DriverIRQHandler.str1.4
                0x080077a4       0x3c ./drivers/fsl_flexcomm.o
 .rodata.CLOCK_EnableClock.str1.4
                0x080077e0       0x18 ./drivers/fsl_gpio.o
 .rodata.s_gpioClockName
                0x080077e0       0x10 ./drivers/fsl_gpio.o
 .rodata.s_gpioResets
                0x080077f0       0x10 ./drivers/fsl_gpio.o
 .rodata.GPIO_EnablePortClock.str1.4
                0x08007800       0x33 ./drivers/fsl_gpio.o
 *fill*         0x08007833        0x1 ff
 .rodata.I2S_Config.str1.4
                0x08007834       0x1f ./drivers/fsl_i2s.o
 *fill*         0x08007853        0x1 ff
 .rodata.I2S_EnableSecondaryChannel.str1.4
                0x08007854       0x3c ./drivers/fsl_i2s.o
 .rodata.DMA_EnableChannelInterrupts.str1.4
                0x08007890       0x85 ./drivers/fsl_i2s_dma.o
 .rodata.DMA_DisableChannelInterrupts.str1.4
                0x08007890       0x85 ./drivers/fsl_i2s_dma.o
 *fill*         0x08007915        0x3 ff
 .rodata.DMA_EnableChannelPeriphRq.str1.4
                0x08007918       0x85 ./drivers/fsl_i2s_dma.o
 *fill*         0x0800799d        0x3 ff
 .rodata.s_I2sBaseAddrs
                0x080079a0       0x20 ./drivers/fsl_i2s_dma.o
 .rodata.I2S_EnqueueUserBuffer.str1.4
                0x080079c0       0xbf ./drivers/fsl_i2s_dma.o
 *fill*         0x08007a7f        0x1 ff
 .rodata.I2S_GetInstance.str1.4
                0x08007a80       0x1a ./drivers/fsl_i2s_dma.o
 *fill*         0x08007a9a        0x2 ff
 .rodata.I2S_TxTransferCreateHandleDMA.str1.4
                0x08007a9c       0x4a ./drivers/fsl_i2s_dma.o
 *fill*         0x08007ae6        0x2 ff
 .rodata.I2S_TransferAbortDMA.str1.4
                0x08007ae8       0x52 ./drivers/fsl_i2s_dma.o
 *fill*         0x08007b3a        0x2 ff
 .rodata.I2S_GetTransferBytes.str1.4
                0x08007b3c       0x25 ./drivers/fsl_i2s_dma.o
 *fill*         0x08007b61        0x3 ff
 .rodata.RESET_SetPeripheralReset.str1.4
                0x08007b64       0x1e ./drivers/fsl_reset.o
 *fill*         0x08007b82        0x2 ff
 .rodata.RESET_ClearPeripheralReset.str1.4
                0x08007b84       0x1f ./drivers/fsl_reset.o
 *fill*         0x08007ba3        0x1 ff
 .rodata.USART_Init.str1.4
                0x08007ba4       0x4f ./drivers/fsl_usart.o
 *fill*         0x08007bf3        0x1 ff
 .rodata.USART_GetDefaultConfig.str1.4
                0x08007bf4       0x21 ./drivers/fsl_usart.o
 *fill*         0x08007c15        0x3 ff
 .rodata.USART_SetBaudRate.str1.4
                0x08007c18       0x53 ./drivers/fsl_usart.o
 *fill*         0x08007c6b        0x1 ff
 .rodata.USART_WriteBlocking.str1.4
                0x08007c6c       0x36 ./drivers/fsl_usart.o
 *fill*         0x08007ca2        0x2 ff
 .rodata.USART_ReadBlocking.str1.4
                0x08007ca4       0x36 ./drivers/fsl_usart.o
 *fill*         0x08007cda        0x2 ff
 .rodata.s_UsartAdapterBase
                0x08007cdc       0x20 ./component/uart/fsl_adapter_usart.o
 .rodata.HAL_UartInitCommon.str1.4
                0x08007cfc       0xeb ./component/uart/fsl_adapter_usart.o
 *fill*         0x08007de7        0x1 ff
 .rodata.HAL_UartReceiveBlocking.str1.4
                0x08007de8       0x65 ./component/uart/fsl_adapter_usart.o
 *fill*         0x08007e4d        0x3 ff
 .rodata.HAL_UartSendBlocking.str1.4
                0x08007e50       0x65 ./component/uart/fsl_adapter_usart.o
 *fill*         0x08007eb5        0x3 ff
 .rodata        0x08007eb8       0x24 ./board/board.o
 .rodata.g_sysPllConfig_BOARD_BootClockRUN
                0x08007edc       0x10 ./board/clock_config.o
                0x08007edc                g_sysPllConfig_BOARD_BootClockRUN
 .rodata.g_audioPllConfig_BOARD_BootClockRUN
                0x08007eec       0x10 ./board/clock_config.o
                0x08007eec                g_audioPllConfig_BOARD_BootClockRUN
 .rodata.__num_Ciob_streams
                0x08007efc        0x4 c:/nxp/mcuxpressoide_11.7.0_9198/ide/plugins/com.nxp.mcuxpresso.tools.win32_11.7.0.202209140929/tools/bin/../lib/gcc/arm-none-eabi/10.3.1/../../../../arm-none-eabi/lib/thumb/v8-m.main+fp/hard\libcr_nohost_nf.a(__ciob.o)
                0x08007efc                __num_Ciob_streams
 .rodata._initio.str1.1
                0x08007f00        0x4 c:/nxp/mcuxpressoide_11.7.0_9198/ide/plugins/com.nxp.mcuxpresso.tools.win32_11.7.0.202209140929/tools/bin/../lib/gcc/arm-none-eabi/10.3.1/../../../../arm-none-eabi/lib/thumb/v8-m.main+fp/hard\libcr_c.a(initio.o)
                0x08007f04                . = ALIGN (0x4)

.glue_7         0x08007f04        0x0
 .glue_7        0x08007f04        0x0 linker stubs

.glue_7t        0x08007f04        0x0
 .glue_7t       0x08007f04        0x0 linker stubs

.vfp11_veneer   0x08007f04        0x0
 .vfp11_veneer  0x08007f04        0x0 linker stubs

.v4_bx          0x08007f04        0x0
 .v4_bx         0x08007f04        0x0 linker stubs

.iplt           0x08007f04        0x0
 .iplt          0x08007f04        0x0 ./utilities/fsl_assert.o

.rel.dyn        0x08007f04        0x0
 .rel.iplt      0x08007f04        0x0 ./utilities/fsl_assert.o

.ARM.extab
 *(SORT_BY_ALIGNMENT(.ARM.extab*) SORT_BY_ALIGNMENT(.gnu.linkonce.armextab.*))

.ARM.exidx      0x08007f04        0x0
                0x08007f04                __exidx_start = .
 *(SORT_BY_ALIGNMENT(.ARM.exidx*) SORT_BY_ALIGNMENT(.gnu.linkonce.armexidx.*))
                0x08007f04                __exidx_end = .
                0x08007f04                _etext = .

.m_usb_data
 *(SORT_BY_ALIGNMENT(m_usb_global))

.data_RAM2      0x40140000        0x0 load address 0x08007f04
 FILL mask 0xff
                [!provide]                PROVIDE (__start_data_RAM2 = .)
                [!provide]                PROVIDE (__start_data_USB_RAM = .)
 *(SORT_BY_ALIGNMENT(.ramfunc.$RAM2))
 *(SORT_BY_ALIGNMENT(.ramfunc.$USB_RAM))
 *(SORT_BY_ALIGNMENT(.data.$RAM2))
 *(SORT_BY_ALIGNMENT(.data.$USB_RAM))
 *(SORT_BY_ALIGNMENT(.data.$RAM2.*))
 *(SORT_BY_ALIGNMENT(.data.$USB_RAM.*))
                0x40140000                . = ALIGN (0x4)
                [!provide]                PROVIDE (__end_data_RAM2 = .)
                [!provide]                PROVIDE (__end_data_USB_RAM = .)

.uninit_RESERVED
                0x00080000        0x0
                0x00080000                _start_uninit_RESERVED = .
 *(SORT_BY_ALIGNMENT(.bss.$RESERVED*))
                0x00080000                . = ALIGN (0x4)
                0x00080000                _end_uninit_RESERVED = .

.data           0x00080000     0x11e0 load address 0x08007f04
 FILL mask 0xff
                0x00080000                _data = .
                [!provide]                PROVIDE (__start_data_RAM = .)
                [!provide]                PROVIDE (__start_data_SRAM = .)
 *(SORT_BY_ALIGNMENT(vtable))
 *(SORT_BY_ALIGNMENT(.ramfunc*))
 *(SORT_BY_ALIGNMENT(CodeQuickAccess))
 CodeQuickAccess
                0x00080000      0xd58 ./drivers/fsl_power.o
                0x00080000                POWER_EnterRbb
                0x0008011c                POWER_EnterFbb
                0x00080238                POWER_EnterNbb
                0x0008034c                POWER_EnterDeepSleep
 CodeQuickAccess
                0x00080d58      0x3e0 ./board/board.o
                0x00080d58                BOARD_SetFlexspiClock
                0x00080e28                BOARD_DeinitXip
                0x00080e80                BOARD_InitXip
                0x00080f60                BOARD_SetDeepSleepPinConfig
                0x00081078                BOARD_RestoreDeepSleepPinConfig
                0x000810fc                BOARD_EnterDeepSleep
                0x0008111a                BOARD_EnterDeepPowerDown
 CodeQuickAccess.__stub
                0x00081138       0x50 linker stubs
 *(SORT_BY_ALIGNMENT(DataQuickAccess))
 DataQuickAccess
                0x00081188        0xc ./drivers/fsl_power.o
 DataQuickAccess
                0x00081194       0x24 ./board/board.o
 *(SORT_BY_ALIGNMENT(RamFunction))
 *(SORT_BY_ALIGNMENT(.data*))
 .data.ak4458Config
                0x000811b8       0x14 ./source/i2s_dma_tdm_record_playback.o
                0x000811b8                ak4458Config
 .data.AK4458PDN_config
                0x000811cc        0x2 ./source/i2s_dma_tdm_record_playback.o
                0x000811cc                AK4458PDN_config
 *fill*         0x000811ce        0x2 ff
 .data.emptyBlock
                0x000811d0        0x4 ./source/i2s_dma_tdm_record_playback.o
                0x000811d0                emptyBlock
 .data.s_dma_descriptor_table
                0x000811d4        0x8 ./drivers/fsl_dma.o
 .data.SystemCoreClock
                0x000811dc        0x4 ./MIMXRT685S/system_MIMXRT685S_cm33.o
                0x000811dc                SystemCoreClock
                0x000811e0                . = ALIGN (0x4)
                0x000811e0                _edata = .
                [!provide]                PROVIDE (__end_data_RAM = .)
                [!provide]                PROVIDE (__end_data_SRAM = .)

.igot.plt       0x000811e0        0x0 load address 0x080090e4
 .igot.plt      0x000811e0        0x0 ./utilities/fsl_assert.o

.bss_RAM2       0x40140000        0x0
                [!provide]                PROVIDE (__start_bss_RAM2 = .)
                [!provide]                PROVIDE (__start_bss_USB_RAM = .)
 *(SORT_BY_ALIGNMENT(.bss.$RAM2))
 *(SORT_BY_ALIGNMENT(.bss.$USB_RAM))
 *(SORT_BY_ALIGNMENT(.bss.$RAM2.*))
 *(SORT_BY_ALIGNMENT(.bss.$USB_RAM.*))
                0x40140000                . = ALIGN ((. != 0x0)?0x4:0x1)
                [!provide]                PROVIDE (__end_bss_RAM2 = .)
                [!provide]                PROVIDE (__end_bss_USB_RAM = .)

.bss            0x00081400      0xfe0
                0x00081400                _bss = .
                [!provide]                PROVIDE (__start_bss_RAM = .)
                [!provide]                PROVIDE (__start_bss_SRAM = .)
 *(SORT_BY_ALIGNMENT(.bss*))
 .bss.s_dma_descriptor_table0
                0x00081400      0x210 ./drivers/fsl_dma.o
 *fill*         0x00081610      0x1f0 
 .bss.s_dma_descriptor_table1
                0x00081800      0x210 ./drivers/fsl_dma.o
 .bss.s_DmaDescriptors
                0x00081a10      0x100 ./drivers/fsl_i2s_dma.o
 .bss.s_debugConsole
                0x00081b10       0x14 ./utilities/fsl_debug_console.o
 .bss.Buffer    0x00081b24      0x400 ./source/i2s_dma_tdm_record_playback.o
 .bss.tx_index  0x00081f24        0x4 ./source/i2s_dma_tdm_record_playback.o
 .bss.rx_index  0x00081f28        0x4 ./source/i2s_dma_tdm_record_playback.o
 .bss.s_TxConfig
                0x00081f2c       0x14 ./source/i2s_dma_tdm_record_playback.o
 .bss.s_RxConfig
                0x00081f40       0x14 ./source/i2s_dma_tdm_record_playback.o
 .bss.s_i2sTxHandle
                0x00081f54       0x40 ./source/i2s_dma_tdm_record_playback.o
 .bss.s_i2sRxHandle
                0x00081f94       0x40 ./source/i2s_dma_tdm_record_playback.o
 .bss.s_i2sTxDmaHandle
                0x00081fd4       0x10 ./source/i2s_dma_tdm_record_playback.o
 .bss.s_i2sRxDmaHandle
                0x00081fe4       0x10 ./source/i2s_dma_tdm_record_playback.o
 .bss.g_xtalFreq
                0x00081ff4        0x4 ./drivers/fsl_clock.o
                0x00081ff4                g_xtalFreq
 .bss.g_clkinFreq
                0x00081ff8        0x4 ./drivers/fsl_clock.o
                0x00081ff8                g_clkinFreq
 .bss.g_mclkFreq
                0x00081ffc        0x4 ./drivers/fsl_clock.o
                0x00081ffc                g_mclkFreq
 .bss.s_DMAHandle
                0x00082000      0x108 ./drivers/fsl_dma.o
 .bss.s_flexcommIrqHandler
                0x00082108       0x28 ./drivers/fsl_flexcomm.o
 .bss.s_flexcommHandle
                0x00082130       0x28 ./drivers/fsl_flexcomm.o
 .bss.s_flexspiHandle
                0x00082158        0x4 ./drivers/fsl_flexspi.o
 .bss.s_flexspiIsr
                0x0008215c        0x4 ./drivers/fsl_flexspi.o
 .bss.s_DummyBufferTx
                0x00082160        0x4 ./drivers/fsl_i2s_dma.o
 .bss.s_DummyBufferRx
                0x00082164        0x4 ./drivers/fsl_i2s_dma.o
 .bss.s_DmaPrivateHandle
                0x00082168      0x1c0 ./drivers/fsl_i2s_dma.o
 .bss.errno     0x00082328        0x4 c:/nxp/mcuxpressoide_11.7.0_9198/ide/plugins/com.nxp.mcuxpresso.tools.win32_11.7.0.202209140929/tools/bin/../lib/gcc/arm-none-eabi/10.3.1/../../../../arm-none-eabi/lib/thumb/v8-m.main+fp/hard\libcr_c.a(errno.o)
                0x00082328                errno
 .bss.__Ciob    0x0008232c       0xb4 c:/nxp/mcuxpressoide_11.7.0_9198/ide/plugins/com.nxp.mcuxpresso.tools.win32_11.7.0.202209140929/tools/bin/../lib/gcc/arm-none-eabi/10.3.1/../../../../arm-none-eabi/lib/thumb/v8-m.main+fp/hard\libcr_nohost_nf.a(__ciob.o)
                0x0008232c                __Ciob
 *(SORT_BY_ALIGNMENT(COMMON))
                0x000823e0                . = ALIGN (0x4)
                0x000823e0                _ebss = .
                [!provide]                PROVIDE (__end_bss_RAM = .)
                [!provide]                PROVIDE (__end_bss_SRAM = .)
                [!provide]                PROVIDE (end = .)

.noinit_RAM2    0x40140000        0x0
                [!provide]                PROVIDE (__start_noinit_RAM2 = .)
                [!provide]                PROVIDE (__start_noinit_USB_RAM = .)
 *(SORT_BY_ALIGNMENT(.noinit.$RAM2))
 *(SORT_BY_ALIGNMENT(.noinit.$USB_RAM))
 *(SORT_BY_ALIGNMENT(.noinit.$RAM2.*))
 *(SORT_BY_ALIGNMENT(.noinit.$USB_RAM.*))
                0x40140000                . = ALIGN (0x4)
                [!provide]                PROVIDE (__end_noinit_RAM2 = .)
                [!provide]                PROVIDE (__end_noinit_USB_RAM = .)

.noinit         0x000823e0        0x0
                0x000823e0                _noinit = .
                [!provide]                PROVIDE (__start_noinit_RAM = .)
                [!provide]                PROVIDE (__start_noinit_SRAM = .)
 *(SORT_BY_ALIGNMENT(.noinit*))
                0x000823e0                . = ALIGN (0x4)
                0x000823e0                _end_noinit = .
                [!provide]                PROVIDE (__end_noinit_RAM = .)
                [!provide]                PROVIDE (__end_noinit_SRAM = .)
                0x00001000                _HeapSize = 0x1000

.heap           0x000823e0     0x1000
                0x000823e0                _pvHeapStart = .
                0x000833e0                . = (. + _HeapSize)
 *fill*         0x000823e0     0x1000 
                0x000833e0                . = ALIGN (0x4)
                0x000833e0                _pvHeapLimit = .
                0x00001000                _StackSize = 0x1000

.heap2stackfill
                0x000833e0     0x1000
                0x000843e0                . = (. + _StackSize)
 *fill*         0x000833e0     0x1000 

.stack          0x001ff000        0x0
                0x001ff000                _vStackBase = .
                0x001ff000                . = ALIGN (0x4)
                0x00200000                _vStackTop = (. + _StackSize)
                0x08001000                _image_start = LOADADDR (.text)
                0x080090e4                _image_end = (LOADADDR (.data) + SIZEOF (.data))
                0x000080e4                _image_size = (_image_end - _image_start)
                0x08001000                __imghdr_loadaddress = LOADADDR (.text)
                0x00000000                __imghdr_imagetype = 0x0
OUTPUT(mimxrt685audevk_i2s_dma_tdm_record_playback.axf elf32-littlearm)
LOAD linker stubs

.debug_info     0x00000000    0x1e324
 .debug_info    0x00000000       0xa3 ./utilities/fsl_assert.o
 .debug_info    0x000000a3      0xb52 ./utilities/fsl_debug_console.o
 .debug_info    0x00000bf5     0x2b6d ./source/i2s_dma_tdm_record_playback.o
 .debug_info    0x00003762       0x3c ./source/semihost_hardfault.o
 .debug_info    0x0000379e      0x7f7 ./flash_config/flash_config.o
 .debug_info    0x00003f95     0x2ea8 ./drivers/fsl_clock.o
 .debug_info    0x00006e3d      0x5fd ./drivers/fsl_common_arm.o
 .debug_info    0x0000743a     0x286f ./drivers/fsl_dma.o
 .debug_info    0x00009ca9     0x18da ./drivers/fsl_flexcomm.o
 .debug_info    0x0000b583     0x26de ./drivers/fsl_flexspi.o
 .debug_info    0x0000dc61     0x18e7 ./drivers/fsl_gpio.o
 .debug_info    0x0000f548     0x15fa ./drivers/fsl_i2s.o
 .debug_info    0x00010b42     0x15eb ./drivers/fsl_i2s_dma.o
 .debug_info    0x0001212d     0x2ba8 ./drivers/fsl_power.o
 .debug_info    0x00014cd5      0x4b6 ./drivers/fsl_reset.o
 .debug_info    0x0001518b     0x17ae ./drivers/fsl_usart.o
 .debug_info    0x00016939      0xc3b ./component/uart/fsl_adapter_usart.o
 .debug_info    0x00017574     0x36b5 ./board/board.o
 .debug_info    0x0001ac29     0x1c6a ./board/clock_config.o
 .debug_info    0x0001c893      0x2b9 ./board/pin_mux.o
 .debug_info    0x0001cb4c      0x707 ./MIMXRT685S/mcuxpresso/startup_mimxrt685s.o
 .debug_info    0x0001d253     0x10d1 ./MIMXRT685S/system_MIMXRT685S_cm33.o

.debug_abbrev   0x00000000     0x2f0e
 .debug_abbrev  0x00000000       0x66 ./utilities/fsl_assert.o
 .debug_abbrev  0x00000066      0x22d ./utilities/fsl_debug_console.o
 .debug_abbrev  0x00000293      0x27f ./source/i2s_dma_tdm_record_playback.o
 .debug_abbrev  0x00000512       0x31 ./source/semihost_hardfault.o
 .debug_abbrev  0x00000543       0xf9 ./flash_config/flash_config.o
 .debug_abbrev  0x0000063c      0x32d ./drivers/fsl_clock.o
 .debug_abbrev  0x00000969      0x153 ./drivers/fsl_common_arm.o
 .debug_abbrev  0x00000abc      0x31e ./drivers/fsl_dma.o
 .debug_abbrev  0x00000dda      0x290 ./drivers/fsl_flexcomm.o
 .debug_abbrev  0x0000106a      0x341 ./drivers/fsl_flexspi.o
 .debug_abbrev  0x000013ab      0x247 ./drivers/fsl_gpio.o
 .debug_abbrev  0x000015f2      0x2cf ./drivers/fsl_i2s.o
 .debug_abbrev  0x000018c1      0x314 ./drivers/fsl_i2s_dma.o
 .debug_abbrev  0x00001bd5      0x405 ./drivers/fsl_power.o
 .debug_abbrev  0x00001fda      0x10a ./drivers/fsl_reset.o
 .debug_abbrev  0x000020e4      0x2f6 ./drivers/fsl_usart.o
 .debug_abbrev  0x000023da      0x1cb ./component/uart/fsl_adapter_usart.o
 .debug_abbrev  0x000025a5      0x30e ./board/board.o
 .debug_abbrev  0x000028b3      0x1f0 ./board/clock_config.o
 .debug_abbrev  0x00002aa3      0x16f ./board/pin_mux.o
 .debug_abbrev  0x00002c12      0x165 ./MIMXRT685S/mcuxpresso/startup_mimxrt685s.o
 .debug_abbrev  0x00002d77      0x197 ./MIMXRT685S/system_MIMXRT685S_cm33.o

.debug_aranges  0x00000000      0xf08
 .debug_aranges
                0x00000000       0x20 ./utilities/fsl_assert.o
 .debug_aranges
                0x00000020       0x68 ./utilities/fsl_debug_console.o
 .debug_aranges
                0x00000088       0x50 ./source/i2s_dma_tdm_record_playback.o
 .debug_aranges
                0x000000d8       0x20 ./source/semihost_hardfault.o
 .debug_aranges
                0x000000f8       0x18 ./flash_config/flash_config.o
 .debug_aranges
                0x00000110      0x198 ./drivers/fsl_clock.o
 .debug_aranges
                0x000002a8       0x38 ./drivers/fsl_common_arm.o
 .debug_aranges
                0x000002e0      0x138 ./drivers/fsl_dma.o
 .debug_aranges
                0x00000418       0x98 ./drivers/fsl_flexcomm.o
 .debug_aranges
                0x000004b0       0xf8 ./drivers/fsl_flexspi.o
 .debug_aranges
                0x000005a8       0x78 ./drivers/fsl_gpio.o
 .debug_aranges
                0x00000620      0x100 ./drivers/fsl_i2s.o
 .debug_aranges
                0x00000720       0xe0 ./drivers/fsl_i2s_dma.o
 .debug_aranges
                0x00000800      0x178 ./drivers/fsl_power.o
 .debug_aranges
                0x00000978       0x30 ./drivers/fsl_reset.o
 .debug_aranges
                0x000009a8       0xf8 ./drivers/fsl_usart.o
 .debug_aranges
                0x00000aa0       0x58 ./component/uart/fsl_adapter_usart.o
 .debug_aranges
                0x00000af8       0xe0 ./board/board.o
 .debug_aranges
                0x00000bd8       0x48 ./board/clock_config.o
 .debug_aranges
                0x00000c20       0x40 ./board/pin_mux.o
 .debug_aranges
                0x00000c60      0x268 ./MIMXRT685S/mcuxpresso/startup_mimxrt685s.o
 .debug_aranges
                0x00000ec8       0x40 ./MIMXRT685S/system_MIMXRT685S_cm33.o

.debug_ranges   0x00000000      0xda0
 .debug_ranges  0x00000000       0x10 ./utilities/fsl_assert.o
 .debug_ranges  0x00000010       0x58 ./utilities/fsl_debug_console.o
 .debug_ranges  0x00000068       0x40 ./source/i2s_dma_tdm_record_playback.o
 .debug_ranges  0x000000a8       0x10 ./source/semihost_hardfault.o
 .debug_ranges  0x000000b8      0x188 ./drivers/fsl_clock.o
 .debug_ranges  0x00000240       0x28 ./drivers/fsl_common_arm.o
 .debug_ranges  0x00000268      0x128 ./drivers/fsl_dma.o
 .debug_ranges  0x00000390       0x88 ./drivers/fsl_flexcomm.o
 .debug_ranges  0x00000418       0xe8 ./drivers/fsl_flexspi.o
 .debug_ranges  0x00000500       0x68 ./drivers/fsl_gpio.o
 .debug_ranges  0x00000568       0xf0 ./drivers/fsl_i2s.o
 .debug_ranges  0x00000658       0xd0 ./drivers/fsl_i2s_dma.o
 .debug_ranges  0x00000728      0x168 ./drivers/fsl_power.o
 .debug_ranges  0x00000890       0x20 ./drivers/fsl_reset.o
 .debug_ranges  0x000008b0       0xe8 ./drivers/fsl_usart.o
 .debug_ranges  0x00000998       0x48 ./component/uart/fsl_adapter_usart.o
 .debug_ranges  0x000009e0       0xd0 ./board/board.o
 .debug_ranges  0x00000ab0       0x38 ./board/clock_config.o
 .debug_ranges  0x00000ae8       0x30 ./board/pin_mux.o
 .debug_ranges  0x00000b18      0x258 ./MIMXRT685S/mcuxpresso/startup_mimxrt685s.o
 .debug_ranges  0x00000d70       0x30 ./MIMXRT685S/system_MIMXRT685S_cm33.o

.debug_macro    0x00000000    0x22e69
 .debug_macro   0x00000000      0x155 ./utilities/fsl_assert.o
 .debug_macro   0x00000155      0xac6 ./utilities/fsl_assert.o
 .debug_macro   0x00000c1b       0x10 ./utilities/fsl_assert.o
 .debug_macro   0x00000c2b       0x1c ./utilities/fsl_assert.o
 .debug_macro   0x00000c47       0x22 ./utilities/fsl_assert.o
 .debug_macro   0x00000c69      0x12e ./utilities/fsl_assert.o
 .debug_macro   0x00000d97      0x5b3 ./utilities/fsl_assert.o
 .debug_macro   0x0000134a       0x22 ./utilities/fsl_assert.o
 .debug_macro   0x0000136c       0x10 ./utilities/fsl_assert.o
 .debug_macro   0x0000137c       0x46 ./utilities/fsl_assert.o
 .debug_macro   0x000013c2       0x1c ./utilities/fsl_assert.o
 .debug_macro   0x000013de       0x29 ./utilities/fsl_assert.o
 .debug_macro   0x00001407       0xfb ./utilities/fsl_assert.o
 .debug_macro   0x00001502     0x167e ./utilities/fsl_assert.o
 .debug_macro   0x00002b80       0x5e ./utilities/fsl_assert.o
 .debug_macro   0x00002bde       0x3a ./utilities/fsl_assert.o
 .debug_macro   0x00002c18    0x1cce5 ./utilities/fsl_assert.o
 .debug_macro   0x0001f8fd      0x566 ./utilities/fsl_assert.o
 .debug_macro   0x0001fe63       0x7a ./utilities/fsl_assert.o
 .debug_macro   0x0001fedd       0xa8 ./utilities/fsl_assert.o
 .debug_macro   0x0001ff85       0x16 ./utilities/fsl_assert.o
 .debug_macro   0x0001ff9b       0xc4 ./utilities/fsl_assert.o
 .debug_macro   0x0002005f      0x340 ./utilities/fsl_assert.o
 .debug_macro   0x0002039f       0x1c ./utilities/fsl_assert.o
 .debug_macro   0x000203bb       0x1c ./utilities/fsl_assert.o
 .debug_macro   0x000203d7       0x34 ./utilities/fsl_assert.o
 .debug_macro   0x0002040b      0x185 ./utilities/fsl_debug_console.o
 .debug_macro   0x00020590       0x16 ./utilities/fsl_debug_console.o
 .debug_macro   0x000205a6       0x10 ./utilities/fsl_debug_console.o
 .debug_macro   0x000205b6       0x28 ./utilities/fsl_debug_console.o
 .debug_macro   0x000205de       0xc4 ./utilities/fsl_debug_console.o
 .debug_macro   0x000206a2       0x16 ./utilities/fsl_debug_console.o
 .debug_macro   0x000206b8       0x46 ./utilities/fsl_debug_console.o
 .debug_macro   0x000206fe      0x28c ./source/i2s_dma_tdm_record_playback.o
 .debug_macro   0x0002098a       0xd8 ./source/i2s_dma_tdm_record_playback.o
 .debug_macro   0x00020a62       0xa0 ./source/i2s_dma_tdm_record_playback.o
 .debug_macro   0x00020b02       0x1c ./source/i2s_dma_tdm_record_playback.o
 .debug_macro   0x00020b1e       0x28 ./source/i2s_dma_tdm_record_playback.o
 .debug_macro   0x00020b46      0x244 ./source/i2s_dma_tdm_record_playback.o
 .debug_macro   0x00020d8a       0x10 ./source/i2s_dma_tdm_record_playback.o
 .debug_macro   0x00020d9a       0x64 ./source/i2s_dma_tdm_record_playback.o
 .debug_macro   0x00020dfe       0x16 ./source/i2s_dma_tdm_record_playback.o
 .debug_macro   0x00020e14       0x24 ./source/i2s_dma_tdm_record_playback.o
 .debug_macro   0x00020e38      0x4c2 ./source/i2s_dma_tdm_record_playback.o
 .debug_macro   0x000212fa       0x10 ./source/i2s_dma_tdm_record_playback.o
 .debug_macro   0x0002130a       0x11 ./source/semihost_hardfault.o
 .debug_macro   0x0002131b      0x159 ./flash_config/flash_config.o
 .debug_macro   0x00021474       0xdc ./flash_config/flash_config.o
 .debug_macro   0x00021550      0x18c ./drivers/fsl_clock.o
 .debug_macro   0x000216dc      0x144 ./drivers/fsl_common_arm.o
 .debug_macro   0x00021820      0x153 ./drivers/fsl_dma.o
 .debug_macro   0x00021973       0x5e ./drivers/fsl_dma.o
 .debug_macro   0x000219d1      0x14d ./drivers/fsl_flexcomm.o
 .debug_macro   0x00021b1e      0x164 ./drivers/fsl_flexspi.o
 .debug_macro   0x00021c82       0x16 ./drivers/fsl_flexspi.o
 .debug_macro   0x00021c98       0x1c ./drivers/fsl_flexspi.o
 .debug_macro   0x00021cb4       0x16 ./drivers/fsl_flexspi.o
 .debug_macro   0x00021cca      0x153 ./drivers/fsl_gpio.o
 .debug_macro   0x00021e1d       0x22 ./drivers/fsl_gpio.o
 .debug_macro   0x00021e3f      0x198 ./drivers/fsl_i2s.o
 .debug_macro   0x00021fd7       0x10 ./drivers/fsl_i2s.o
 .debug_macro   0x00021fe7      0x181 ./drivers/fsl_i2s_dma.o
 .debug_macro   0x00022168      0x1ea ./drivers/fsl_power.o
 .debug_macro   0x00022352       0x4d ./drivers/fsl_power.o
 .debug_macro   0x0002239f      0x144 ./drivers/fsl_reset.o
 .debug_macro   0x000224e3      0x15c ./drivers/fsl_usart.o
 .debug_macro   0x0002263f       0x1c ./drivers/fsl_usart.o
 .debug_macro   0x0002265b      0x159 ./component/uart/fsl_adapter_usart.o
 .debug_macro   0x000227b4       0x22 ./component/uart/fsl_adapter_usart.o
 .debug_macro   0x000227d6      0x1b4 ./board/board.o
 .debug_macro   0x0002298a       0x22 ./board/board.o
 .debug_macro   0x000229ac       0x1c ./board/board.o
 .debug_macro   0x000229c8       0x22 ./board/board.o
 .debug_macro   0x000229ea      0x164 ./board/clock_config.o
 .debug_macro   0x00022b4e       0x47 ./board/clock_config.o
 .debug_macro   0x00022b95      0x150 ./board/pin_mux.o
 .debug_macro   0x00022ce5       0xac ./board/pin_mux.o
 .debug_macro   0x00022d91       0x29 ./MIMXRT685S/mcuxpresso/startup_mimxrt685s.o
 .debug_macro   0x00022dba       0xaf ./MIMXRT685S/system_MIMXRT685S_cm33.o

.debug_line     0x00000000     0xcf46
 .debug_line    0x00000000      0x438 ./utilities/fsl_assert.o
 .debug_line    0x00000438      0x8d7 ./utilities/fsl_debug_console.o
 .debug_line    0x00000d0f      0x8c1 ./source/i2s_dma_tdm_record_playback.o
 .debug_line    0x000015d0       0x59 ./source/semihost_hardfault.o
 .debug_line    0x00001629      0x411 ./flash_config/flash_config.o
 .debug_line    0x00001a3a     0x1531 ./drivers/fsl_clock.o
 .debug_line    0x00002f6b      0x442 ./drivers/fsl_common_arm.o
 .debug_line    0x000033ad      0xf88 ./drivers/fsl_dma.o
 .debug_line    0x00004335      0x715 ./drivers/fsl_flexcomm.o
 .debug_line    0x00004a4a     0x119e ./drivers/fsl_flexspi.o
 .debug_line    0x00005be8      0x669 ./drivers/fsl_gpio.o
 .debug_line    0x00006251      0xf08 ./drivers/fsl_i2s.o
 .debug_line    0x00007159      0xca0 ./drivers/fsl_i2s_dma.o
 .debug_line    0x00007df9     0x1517 ./drivers/fsl_power.o
 .debug_line    0x00009310      0x5a4 ./drivers/fsl_reset.o
 .debug_line    0x000098b4      0xff2 ./drivers/fsl_usart.o
 .debug_line    0x0000a8a6      0x607 ./component/uart/fsl_adapter_usart.o
 .debug_line    0x0000aead      0xab6 ./board/board.o
 .debug_line    0x0000b963      0x4f4 ./board/clock_config.o
 .debug_line    0x0000be57      0x519 ./board/pin_mux.o
 .debug_line    0x0000c370      0x6b6 ./MIMXRT685S/mcuxpresso/startup_mimxrt685s.o
 .debug_line    0x0000ca26      0x520 ./MIMXRT685S/system_MIMXRT685S_cm33.o

.debug_str      0x00000000   0x13d40b
 .debug_str     0x00000000   0x12bb99 ./utilities/fsl_assert.o
                             0x12bc17 (size before relaxing)
 .debug_str     0x0012bb99     0x1643 ./utilities/fsl_debug_console.o
                             0x12d2b8 (size before relaxing)
 .debug_str     0x0012d1dc     0x6605 ./source/i2s_dma_tdm_record_playback.o
                             0x132d0c (size before relaxing)
 .debug_str     0x001337e1       0x31 ./source/semihost_hardfault.o
                               0x2e5f (size before relaxing)
 .debug_str     0x00133812      0x862 ./flash_config/flash_config.o
                             0x12cc1e (size before relaxing)
 .debug_str     0x00134074     0x12be ./drivers/fsl_clock.o
                             0x12f459 (size before relaxing)
 .debug_str     0x00135332      0x3a5 ./drivers/fsl_common_arm.o
                             0x12bdf3 (size before relaxing)
 .debug_str     0x001356d7     0x128b ./drivers/fsl_dma.o
                             0x12ea25 (size before relaxing)
 .debug_str     0x00136962      0x31c ./drivers/fsl_flexcomm.o
                             0x12db78 (size before relaxing)
 .debug_str     0x00136c7e      0xfc3 ./drivers/fsl_flexspi.o
                             0x12e4ce (size before relaxing)
 .debug_str     0x00137c41      0x1cc ./drivers/fsl_gpio.o
                             0x12d6f0 (size before relaxing)
 .debug_str     0x00137e0d      0x498 ./drivers/fsl_i2s.o
                             0x12d287 (size before relaxing)
 .debug_str     0x001382a5      0x48d ./drivers/fsl_i2s_dma.o
                             0x12d45d (size before relaxing)
 .debug_str     0x00138732     0x1bf3 ./drivers/fsl_power.o
                             0x12ef4f (size before relaxing)
 .debug_str     0x0013a325      0x13c ./drivers/fsl_reset.o
                             0x12c0a4 (size before relaxing)
 .debug_str     0x0013a461      0xce1 ./drivers/fsl_usart.o
                             0x12d87b (size before relaxing)
 .debug_str     0x0013b142      0x10a ./component/uart/fsl_adapter_usart.o
                             0x12cfe1 (size before relaxing)
 .debug_str     0x0013b24c     0x151c ./board/board.o
                             0x132118 (size before relaxing)
 .debug_str     0x0013c768       0x95 ./board/clock_config.o
                             0x12edb2 (size before relaxing)
 .debug_str     0x0013c7fd      0x454 ./board/pin_mux.o
                             0x12c06e (size before relaxing)
 .debug_str     0x0013cc51      0x664 ./MIMXRT685S/mcuxpresso/startup_mimxrt685s.o
                               0x3500 (size before relaxing)
 .debug_str     0x0013d2b5      0x156 ./MIMXRT685S/system_MIMXRT685S_cm33.o
                             0x1298cb (size before relaxing)

.comment        0x00000000       0x49
 .comment       0x00000000       0x49 ./utilities/fsl_assert.o
                                 0x4a (size before relaxing)
 .comment       0x00000049       0x4a ./utilities/fsl_debug_console.o
 .comment       0x00000049       0x4a ./source/i2s_dma_tdm_record_playback.o
 .comment       0x00000049       0x4a ./source/semihost_hardfault.o
 .comment       0x00000049       0x4a ./flash_config/flash_config.o
 .comment       0x00000049       0x4a ./drivers/fsl_clock.o
 .comment       0x00000049       0x4a ./drivers/fsl_common_arm.o
 .comment       0x00000049       0x4a ./drivers/fsl_dma.o
 .comment       0x00000049       0x4a ./drivers/fsl_flexcomm.o
 .comment       0x00000049       0x4a ./drivers/fsl_flexspi.o
 .comment       0x00000049       0x4a ./drivers/fsl_gpio.o
 .comment       0x00000049       0x4a ./drivers/fsl_i2s.o
 .comment       0x00000049       0x4a ./drivers/fsl_i2s_dma.o
 .comment       0x00000049       0x4a ./drivers/fsl_power.o
 .comment       0x00000049       0x4a ./drivers/fsl_reset.o
 .comment       0x00000049       0x4a ./drivers/fsl_usart.o
 .comment       0x00000049       0x4a ./component/uart/fsl_adapter_usart.o
 .comment       0x00000049       0x4a ./board/board.o
 .comment       0x00000049       0x4a ./board/clock_config.o
 .comment       0x00000049       0x4a ./board/pin_mux.o
 .comment       0x00000049       0x4a ./MIMXRT685S/mcuxpresso/startup_mimxrt685s.o
 .comment       0x00000049       0x4a ./MIMXRT685S/system_MIMXRT685S_cm33.o
 .comment       0x00000049       0x4a c:/nxp/mcuxpressoide_11.7.0_9198/ide/plugins/com.nxp.mcuxpresso.tools.win32_11.7.0.202209140929/tools/bin/../lib/gcc/arm-none-eabi/10.3.1/../../../../arm-none-eabi/lib/thumb/v8-m.main+fp/hard\libcr_nohost_nf.a(_cr__main.o)
 .comment       0x00000049       0x4a c:/nxp/mcuxpressoide_11.7.0_9198/ide/plugins/com.nxp.mcuxpresso.tools.win32_11.7.0.202209140929/tools/bin/../lib/gcc/arm-none-eabi/10.3.1/../../../../arm-none-eabi/lib/thumb/v8-m.main+fp/hard\libcr_c.a(memcpy.o)
 .comment       0x00000049       0x4a c:/nxp/mcuxpressoide_11.7.0_9198/ide/plugins/com.nxp.mcuxpresso.tools.win32_11.7.0.202209140929/tools/bin/../lib/gcc/arm-none-eabi/10.3.1/../../../../arm-none-eabi/lib/thumb/v8-m.main+fp/hard\libcr_c.a(memset.o)
 .comment       0x00000049       0x4a c:/nxp/mcuxpressoide_11.7.0_9198/ide/plugins/com.nxp.mcuxpresso.tools.win32_11.7.0.202209140929/tools/bin/../lib/gcc/arm-none-eabi/10.3.1/../../../../arm-none-eabi/lib/thumb/v8-m.main+fp/hard\libcr_c.a(alloc.o)
 .comment       0x00000049       0x4a c:/nxp/mcuxpressoide_11.7.0_9198/ide/plugins/com.nxp.mcuxpresso.tools.win32_11.7.0.202209140929/tools/bin/../lib/gcc/arm-none-eabi/10.3.1/../../../../arm-none-eabi/lib/thumb/v8-m.main+fp/hard\libcr_c.a(errno.o)
 .comment       0x00000049       0x4a c:/nxp/mcuxpressoide_11.7.0_9198/ide/plugins/com.nxp.mcuxpresso.tools.win32_11.7.0.202209140929/tools/bin/../lib/gcc/arm-none-eabi/10.3.1/../../../../arm-none-eabi/lib/thumb/v8-m.main+fp/hard\libcr_c.a(initio.o)
 .comment       0x00000049       0x4a c:/nxp/mcuxpressoide_11.7.0_9198/ide/plugins/com.nxp.mcuxpresso.tools.win32_11.7.0.202209140929/tools/bin/../lib/gcc/arm-none-eabi/10.3.1/../../../../arm-none-eabi/lib/thumb/v8-m.main+fp/hard\libcr_c.a(setvbuf.o)
 .comment       0x00000049       0x4a c:/nxp/mcuxpressoide_11.7.0_9198/ide/plugins/com.nxp.mcuxpresso.tools.win32_11.7.0.202209140929/tools/bin/../lib/gcc/arm-none-eabi/10.3.1/../../../../arm-none-eabi/lib/thumb/v8-m.main+fp/hard\libcr_c.a(strlen.o)
 .comment       0x00000049       0x4a c:/nxp/mcuxpressoide_11.7.0_9198/ide/plugins/com.nxp.mcuxpresso.tools.win32_11.7.0.202209140929/tools/bin/../lib/gcc/arm-none-eabi/10.3.1/../../../../arm-none-eabi/lib/thumb/v8-m.main+fp/hard\libcr_c.a(_deferredlazyseek.o)
 .comment       0x00000049       0x4a c:/nxp/mcuxpressoide_11.7.0_9198/ide/plugins/com.nxp.mcuxpresso.tools.win32_11.7.0.202209140929/tools/bin/../lib/gcc/arm-none-eabi/10.3.1/../../../../arm-none-eabi/lib/thumb/v8-m.main+fp/hard\libcr_c.a(_fdopen.o)
 .comment       0x00000049       0x4a c:/nxp/mcuxpressoide_11.7.0_9198/ide/plugins/com.nxp.mcuxpresso.tools.win32_11.7.0.202209140929/tools/bin/../lib/gcc/arm-none-eabi/10.3.1/../../../../arm-none-eabi/lib/thumb/v8-m.main+fp/hard\libcr_c.a(_fflush.o)
 .comment       0x00000049       0x4a c:/nxp/mcuxpressoide_11.7.0_9198/ide/plugins/com.nxp.mcuxpresso.tools.win32_11.7.0.202209140929/tools/bin/../lib/gcc/arm-none-eabi/10.3.1/../../../../arm-none-eabi/lib/thumb/v8-m.main+fp/hard\libcr_c.a(_writebuf.o)
 .comment       0x00000049       0x4a c:/nxp/mcuxpressoide_11.7.0_9198/ide/plugins/com.nxp.mcuxpresso.tools.win32_11.7.0.202209140929/tools/bin/../lib/gcc/arm-none-eabi/10.3.1/../../../../arm-none-eabi/lib/thumb/v8-m.main+fp/hard\libcr_c.a(fclose.o)
 .comment       0x00000049       0x4a c:/nxp/mcuxpressoide_11.7.0_9198/ide/plugins/com.nxp.mcuxpresso.tools.win32_11.7.0.202209140929/tools/bin/../lib/gcc/arm-none-eabi/10.3.1/../../../../arm-none-eabi/lib/thumb/v8-m.main+fp/hard\libcr_c.a(fflush.o)
 .comment       0x00000049       0x4a c:/nxp/mcuxpressoide_11.7.0_9198/ide/plugins/com.nxp.mcuxpresso.tools.win32_11.7.0.202209140929/tools/bin/../lib/gcc/arm-none-eabi/10.3.1/../../../../arm-none-eabi/lib/thumb/v8-m.main+fp/hard\libcr_c.a(fseek.o)
 .comment       0x00000049       0x4a c:/nxp/mcuxpressoide_11.7.0_9198/ide/plugins/com.nxp.mcuxpresso.tools.win32_11.7.0.202209140929/tools/bin/../lib/gcc/arm-none-eabi/10.3.1/../../../../arm-none-eabi/lib/thumb/v8-m.main+fp/hard\libcr_c.a(ftell.o)
 .comment       0x00000049       0x4a c:/nxp/mcuxpressoide_11.7.0_9198/ide/plugins/com.nxp.mcuxpresso.tools.win32_11.7.0.202209140929/tools/bin/../lib/gcc/arm-none-eabi/10.3.1/../../../../arm-none-eabi/lib/thumb/v8-m.main+fp/hard\libcr_c.a(remove.o)
 .comment       0x00000049       0x4a c:/nxp/mcuxpressoide_11.7.0_9198/ide/plugins/com.nxp.mcuxpresso.tools.win32_11.7.0.202209140929/tools/bin/../lib/gcc/arm-none-eabi/10.3.1/../../../../arm-none-eabi/lib/thumb/v8-m.main+fp/hard\libcr_c.a(_do_fflush.o)
 .comment       0x00000049       0x4a c:/nxp/mcuxpressoide_11.7.0_9198/ide/plugins/com.nxp.mcuxpresso.tools.win32_11.7.0.202209140929/tools/bin/../lib/gcc/arm-none-eabi/10.3.1/../../../../arm-none-eabi/lib/thumb/v8-m.main+fp/hard\libcr_nohost_nf.a(__ciob.o)
 .comment       0x00000049       0x4a c:/nxp/mcuxpressoide_11.7.0_9198/ide/plugins/com.nxp.mcuxpresso.tools.win32_11.7.0.202209140929/tools/bin/../lib/gcc/arm-none-eabi/10.3.1/../../../../arm-none-eabi/lib/thumb/v8-m.main+fp/hard\libcr_nohost_nf.a(__sys_close.o)
 .comment       0x00000049       0x4a c:/nxp/mcuxpressoide_11.7.0_9198/ide/plugins/com.nxp.mcuxpresso.tools.win32_11.7.0.202209140929/tools/bin/../lib/gcc/arm-none-eabi/10.3.1/../../../../arm-none-eabi/lib/thumb/v8-m.main+fp/hard\libcr_nohost_nf.a(__sys_flen.o)
 .comment       0x00000049       0x4a c:/nxp/mcuxpressoide_11.7.0_9198/ide/plugins/com.nxp.mcuxpresso.tools.win32_11.7.0.202209140929/tools/bin/../lib/gcc/arm-none-eabi/10.3.1/../../../../arm-none-eabi/lib/thumb/v8-m.main+fp/hard\libcr_nohost_nf.a(__sys_istty.o)
 .comment       0x00000049       0x4a c:/nxp/mcuxpressoide_11.7.0_9198/ide/plugins/com.nxp.mcuxpresso.tools.win32_11.7.0.202209140929/tools/bin/../lib/gcc/arm-none-eabi/10.3.1/../../../../arm-none-eabi/lib/thumb/v8-m.main+fp/hard\libcr_nohost_nf.a(__sys_remove.o)
 .comment       0x00000049       0x4a c:/nxp/mcuxpressoide_11.7.0_9198/ide/plugins/com.nxp.mcuxpresso.tools.win32_11.7.0.202209140929/tools/bin/../lib/gcc/arm-none-eabi/10.3.1/../../../../arm-none-eabi/lib/thumb/v8-m.main+fp/hard\libcr_nohost_nf.a(__sys_seek.o)
 .comment       0x00000049       0x4a c:/nxp/mcuxpressoide_11.7.0_9198/ide/plugins/com.nxp.mcuxpresso.tools.win32_11.7.0.202209140929/tools/bin/../lib/gcc/arm-none-eabi/10.3.1/../../../../arm-none-eabi/lib/thumb/v8-m.main+fp/hard\libcr_nohost_nf.a(__sys_tmpnam.o)
 .comment       0x00000049       0x4a c:/nxp/mcuxpressoide_11.7.0_9198/ide/plugins/com.nxp.mcuxpresso.tools.win32_11.7.0.202209140929/tools/bin/../lib/gcc/arm-none-eabi/10.3.1/../../../../arm-none-eabi/lib/thumb/v8-m.main+fp/hard\libcr_nohost_nf.a(__sys_write.o)

.ARM.attributes
                0x00000000       0x38
 .ARM.attributes
                0x00000000       0x3a ./utilities/fsl_assert.o
 .ARM.attributes
                0x0000003a       0x3a ./utilities/fsl_debug_console.o
 .ARM.attributes
                0x00000074       0x3a ./source/i2s_dma_tdm_record_playback.o
 .ARM.attributes
                0x000000ae       0x3a ./source/semihost_hardfault.o
 .ARM.attributes
                0x000000e8       0x3a ./flash_config/flash_config.o
 .ARM.attributes
                0x00000122       0x3a ./drivers/fsl_clock.o
 .ARM.attributes
                0x0000015c       0x3a ./drivers/fsl_common_arm.o
 .ARM.attributes
                0x00000196       0x3a ./drivers/fsl_dma.o
 .ARM.attributes
                0x000001d0       0x3a ./drivers/fsl_flexcomm.o
 .ARM.attributes
                0x0000020a       0x3a ./drivers/fsl_flexspi.o
 .ARM.attributes
                0x00000244       0x3a ./drivers/fsl_gpio.o
 .ARM.attributes
                0x0000027e       0x3a ./drivers/fsl_i2s.o
 .ARM.attributes
                0x000002b8       0x3a ./drivers/fsl_i2s_dma.o
 .ARM.attributes
                0x000002f2       0x3a ./drivers/fsl_power.o
 .ARM.attributes
                0x0000032c       0x3a ./drivers/fsl_reset.o
 .ARM.attributes
                0x00000366       0x3a ./drivers/fsl_usart.o
 .ARM.attributes
                0x000003a0       0x3a ./component/uart/fsl_adapter_usart.o
 .ARM.attributes
                0x000003da       0x3a ./board/board.o
 .ARM.attributes
                0x00000414       0x3a ./board/clock_config.o
 .ARM.attributes
                0x0000044e       0x3a ./board/pin_mux.o
 .ARM.attributes
                0x00000488       0x3a ./MIMXRT685S/mcuxpresso/startup_mimxrt685s.o
 .ARM.attributes
                0x000004c2       0x3a ./MIMXRT685S/system_MIMXRT685S_cm33.o
 .ARM.attributes
                0x000004fc       0x38 c:/nxp/mcuxpressoide_11.7.0_9198/ide/plugins/com.nxp.mcuxpresso.tools.win32_11.7.0.202209140929/tools/bin/../lib/gcc/arm-none-eabi/10.3.1/../../../../arm-none-eabi/lib/thumb/v8-m.main+fp/hard\libcr_nohost_nf.a(_cr__main.o)
 .ARM.attributes
                0x00000534       0x38 c:/nxp/mcuxpressoide_11.7.0_9198/ide/plugins/com.nxp.mcuxpresso.tools.win32_11.7.0.202209140929/tools/bin/../lib/gcc/arm-none-eabi/10.3.1/../../../../arm-none-eabi/lib/thumb/v8-m.main+fp/hard\libcr_c.a(memcpy.o)
 .ARM.attributes
                0x0000056c       0x38 c:/nxp/mcuxpressoide_11.7.0_9198/ide/plugins/com.nxp.mcuxpresso.tools.win32_11.7.0.202209140929/tools/bin/../lib/gcc/arm-none-eabi/10.3.1/../../../../arm-none-eabi/lib/thumb/v8-m.main+fp/hard\libcr_c.a(memset.o)
 .ARM.attributes
                0x000005a4       0x38 c:/nxp/mcuxpressoide_11.7.0_9198/ide/plugins/com.nxp.mcuxpresso.tools.win32_11.7.0.202209140929/tools/bin/../lib/gcc/arm-none-eabi/10.3.1/../../../../arm-none-eabi/lib/thumb/v8-m.main+fp/hard\libcr_c.a(alloc.o)
 .ARM.attributes