D:\alex_work_space\NXP_samplecode_space\mimxrt685tymfc3_i2s_dma_tdm_record_playback\CMSIS/core_cm33.h:2378:22:__NVIC_EnableIRQ	16	static
../drivers/fsl_clock.h:885:20:CLOCK_EnableClock	24	static
../drivers/fsl_common_arm.h:499:24:EnableIRQ	24	static
../drivers/fsl_flexspi.h:431:20:FLEXSPI_SoftwareReset	16	static
../drivers/fsl_flexspi.h:469:20:FLEXSPI_EnableInterrupts	16	static
../drivers/fsl_flexspi.h:480:20:FLEXSPI_DisableInterrupts	16	static
../drivers/fsl_flexspi.h:615:20:FLEXSPI_ClearInterruptStatusFlags	16	static
../drivers/fsl_flexspi.h:686:20:FLEXSPI_GetBusIdleStatus	16	static
../drivers/fsl_flexspi.c:118:13:FLEXSPI_Memset	32	static
../drivers/fsl_flexspi.c:130:10:FLEXSPI_GetInstance	24	static
../drivers/fsl_flexspi.c:148:17:FLEXSPI_CalculateDll	40	static
../drivers/fsl_flexspi.c:210:10:FLEXSPI_CheckAndClearError	24	static
../drivers/fsl_flexspi.c:256:6:FLEXSPI_Init	24	static
../drivers/fsl_flexspi.c:362:6:FLEXSPI_GetDefaultConfig	24	static
../drivers/fsl_flexspi.c:420:6:FLEXSPI_Deinit	16	static
../drivers/fsl_flexspi.c:433:6:FLEXSPI_UpdateDllValue	40	static
../drivers/fsl_flexspi.c:495:6:FLEXSPI_SetFlashConfig	32	static
../drivers/fsl_flexspi.c:588:6:FLEXSPI_UpdateLUT	32	static
../drivers/fsl_flexspi.c:624:6:FLEXSPI_UpdateRxSampleClock	24	static
../drivers/fsl_flexspi.c:653:10:FLEXSPI_WriteBlocking	48	static
../drivers/fsl_flexspi.c:732:10:FLEXSPI_ReadBlocking	48	static
../drivers/fsl_flexspi.c:837:10:FLEXSPI_TransferBlocking	24	static
../drivers/fsl_flexspi.c:904:6:FLEXSPI_TransferCreateHandle	32	static
../drivers/fsl_flexspi.c:945:10:FLEXSPI_TransferNonBlocking	32	static
../drivers/fsl_flexspi.c:1022:10:FLEXSPI_TransferGetCount	32	static
../drivers/fsl_flexspi.c:1049:6:FLEXSPI_TransferAbort	16	static
../drivers/fsl_flexspi.c:1063:6:FLEXSPI_TransferHandleIRQ	64	static
../drivers/fsl_flexspi.c:1213:6:FLEXSPI_DriverIRQHandler	8	static
