D:\alex_work_space\NXP_samplecode_space\mimxrt685tymfc3_i2s_dma_tdm_record_playback\CMSIS/core_cm33.h:2378:22:__NVIC_EnableIRQ	16	static
D:\alex_work_space\NXP_samplecode_space\mimxrt685tymfc3_i2s_dma_tdm_record_playback\CMSIS/core_cm33.h:2397:26:__NVIC_GetEnableIRQ	16	static
D:\alex_work_space\NXP_samplecode_space\mimxrt685tymfc3_i2s_dma_tdm_record_playback\CMSIS/core_cm33.h:2416:22:__NVIC_DisableIRQ	16	static
D:\alex_work_space\NXP_samplecode_space\mimxrt685tymfc3_i2s_dma_tdm_record_playback\CMSIS/core_cm33.h:2469:22:__NVIC_ClearPendingIRQ	16	static
../drivers/fsl_common_arm.h:499:24:EnableIRQ	24	static
../drivers/fsl_common_arm.h:543:24:DisableIRQ	24	static
../drivers/fsl_common_arm.h:717:24:DisableGlobalIRQ	16	static
../drivers/fsl_common_arm.h:743:20:EnableGlobalIRQ	24	static
../drivers/fsl_power.h:325:20:POWER_EnableDeepSleep	4	static
../drivers/fsl_power.h:408:32:POWER_GetBodyBiasMode	24	static
../drivers/fsl_power.c:314:6:POWER_EnterRbb	32	static
../drivers/fsl_power.c:361:6:POWER_EnterFbb	32	static
../drivers/fsl_power.c:408:6:POWER_EnterNbb	32	static
../drivers/fsl_power.c:761:6:POWER_EnterDeepSleep	88	static
../drivers/fsl_power.c:158:1:POWER_SetBiasConfig	4	static
../drivers/fsl_power.c:171:17:POWER_CalcVoltLevel	32	static
../drivers/fsl_power.c:196:6:POWER_DisableLVD	4	static
../drivers/fsl_power.c:205:6:POWER_RestoreLVD	4	static
../drivers/fsl_power.c:215:6:POWER_UpdateOscSettlingTime	16	static
../drivers/fsl_power.c:224:6:POWER_UpdatePmicRecoveryTime	16	static
../drivers/fsl_power.c:232:6:POWER_ApplyPD	4	static
../drivers/fsl_power.c:249:6:POWER_ClearEventFlags	16	static
../drivers/fsl_power.c:258:10:POWER_GetEventFlags	4	static
../drivers/fsl_power.c:267:6:POWER_EnableInterrupts	16	static
../drivers/fsl_power.c:276:6:POWER_DisableInterrupts	16	static
../drivers/fsl_power.c:285:6:POWER_SetAnalogBuffer	16	static
../drivers/fsl_power.c:304:6:POWER_SetPadVolRange	16	static
../drivers/fsl_power.c:454:6:POWER_SetLdoVoltageForFreq	56	static
../drivers/fsl_power.c:523:6:POWER_SetLvdFallingTripVoltage	16	static
../drivers/fsl_power.c:529:34:POWER_GetLvdFallingTripVoltage	4	static
../drivers/fsl_power.c:535:1:delay	24	static
../drivers/fsl_power.c:544:1:deinitXip	4	static
../drivers/fsl_power.c:560:1:initFlexSPI	32	static
../drivers/fsl_power.c:621:1:initXip	8	static
../drivers/fsl_power.c:632:1:countPartitionSwitches	16	static
../drivers/fsl_power.c:654:1:POWER_CalculateSafetyCount	32	static
../drivers/fsl_power.c:746:6:POWER_EnterSleep	24	static
../drivers/fsl_power.c:956:6:POWER_EnterDeepPowerDown	24	static
../drivers/fsl_power.c:993:6:POWER_EnterFullDeepPowerDown	24	static
../drivers/fsl_power.c:1026:6:POWER_EnterPowerMode	16	static
../drivers/fsl_power.c:1052:6:POWER_SetPmicMode	16	static
../drivers/fsl_power.c:1063:6:EnableDeepSleepIRQ	24	static
../drivers/fsl_power.c:1081:6:DisableDeepSleepIRQ	24	static
../drivers/fsl_power.c:1101:10:POWER_GetLibVersion	4	static
