D:\alex_work_space\NXP_samplecode_space\mimxrt685tymfc3_i2s_dma_tdm_record_playback\drivers/fsl_clock.h:885:20:CLOCK_EnableClock	24	static
D:\alex_work_space\NXP_samplecode_space\mimxrt685tymfc3_i2s_dma_tdm_record_playback\drivers/fsl_dma.h:405:20:DMA_EnableChannel	16	static
D:\alex_work_space\NXP_samplecode_space\mimxrt685tymfc3_i2s_dma_tdm_record_playback\drivers/fsl_dma.h:514:20:DMA_SetChannelPriority	24	static
../source/i2s_dma_tdm_record_playback.c:124:13:i2s_rx_Callback	24	static
../source/i2s_dma_tdm_record_playback.c:128:13:i2sf3_rx_Callback	24	static
../source/i2s_dma_tdm_record_playback.c:132:13:i2s_tx_Callback	24	static
../source/i2s_dma_tdm_record_playback.c:136:13:i2sfc2_tx_Callback	32	static
../source/i2s_dma_tdm_record_playback.c:145:5:main	24	static
../source/i2s_dma_tdm_record_playback.c:363:13:StartSoundPlayback	16	static
../source/i2s_dma_tdm_record_playback.c:375:13:DEMO_InitCodec	8	static
